Component: ARM Compiler 5.06 update 6 (build 750) Tool: armlink [4d35ed]

==============================================================================

Section Cross References

    main6.o(.text) refers to stm32f0xx_spi.o(.text) for SPI_I2S_SendData16
    main6.o(.text) refers to uidiv.o(.text) for __aeabi_uidivmod
    main6.o(.text) refers to stm32f0xx_rcc.o(.text) for RCC_APB2PeriphClockCmd
    main6.o(.text) refers to stm32f0xx_gpio.o(.text) for GPIO_StructInit
    main6.o(.text) refers to main6.o(.data) for .data
    main6.o(.text) refers to system_stm32f0xx.o(.data) for SystemCoreClock
    stm32f0xx_it.o(.text) refers to stm32f0xx_tim.o(.text) for TIM_GetITStatus
    stm32f0xx_it.o(.text) refers to stm32f0_discovery.o(.text) for STM_EVAL_LEDToggle
    stm32f0xx_it.o(.text) refers to stm32f0xx_it.o(.data) for .data
    stm32f0_discovery.o(.text) refers to stm32f0xx_rcc.o(.text) for RCC_AHBPeriphClockCmd
    stm32f0_discovery.o(.text) refers to stm32f0xx_gpio.o(.text) for GPIO_Init
    stm32f0_discovery.o(.text) refers to stm32f0xx_syscfg.o(.text) for SYSCFG_EXTILineConfig
    stm32f0_discovery.o(.text) refers to stm32f0xx_exti.o(.text) for EXTI_Init
    stm32f0_discovery.o(.text) refers to stm32f0xx_misc.o(.text) for NVIC_Init
    stm32f0_discovery.o(.text) refers to stm32f0_discovery.o(.constdata) for .constdata
    stm32f0_discovery.o(.text) refers to stm32f0_discovery.o(.data) for .data
    stm32f0xx_gpio.o(.text) refers to stm32f0xx_rcc.o(.text) for RCC_AHBPeriphResetCmd
    stm32f0xx_rcc.o(.text) refers to uidiv.o(.text) for __aeabi_uidivmod
    stm32f0xx_rcc.o(.text) refers to stm32f0xx_rcc.o(.data) for .data
    stm32f0xx_tim.o(.text) refers to stm32f0xx_rcc.o(.text) for RCC_APB1PeriphResetCmd
    stm32f0xx_usart.o(.text) refers to stm32f0xx_rcc.o(.text) for RCC_APB2PeriphResetCmd
    stm32f0xx_usart.o(.text) refers to uidiv.o(.text) for __aeabi_uidivmod
    stm32f0xx_spi.o(.text) refers to stm32f0xx_rcc.o(.text) for RCC_APB2PeriphResetCmd
    stm32f0xx_spi.o(.text) refers to uidiv.o(.text) for __aeabi_uidivmod
    startup_stm32f0xx.o(RESET) refers to startup_stm32f0xx.o(STACK) for __initial_sp
    startup_stm32f0xx.o(RESET) refers to startup_stm32f0xx.o(.text) for Reset_Handler
    startup_stm32f0xx.o(RESET) refers to stm32f0xx_it.o(.text) for NMI_Handler
    startup_stm32f0xx.o(.text) refers to system_stm32f0xx.o(.text) for SystemInit
    startup_stm32f0xx.o(.text) refers to entry.o(.ARM.Collect$$$$00000000) for __main
    system_stm32f0xx.o(.text) refers to uidiv.o(.text) for __aeabi_uidivmod
    system_stm32f0xx.o(.text) refers to system_stm32f0xx.o(.data) for .data
    entry.o(.ARM.Collect$$$$00000000) refers (Special) to entry10a.o(.ARM.Collect$$$$0000000D) for __rt_final_cpp
    entry.o(.ARM.Collect$$$$00000000) refers (Special) to entry11a.o(.ARM.Collect$$$$0000000F) for __rt_final_exit
    entry.o(.ARM.Collect$$$$00000000) refers (Special) to entry7b.o(.ARM.Collect$$$$00000008) for _main_clock
    entry.o(.ARM.Collect$$$$00000000) refers (Special) to entry8b.o(.ARM.Collect$$$$0000000A) for _main_cpp_init
    entry.o(.ARM.Collect$$$$00000000) refers (Special) to entry9a.o(.ARM.Collect$$$$0000000B) for _main_init
    entry.o(.ARM.Collect$$$$00000000) refers (Special) to entry5.o(.ARM.Collect$$$$00000004) for _main_scatterload
    entry.o(.ARM.Collect$$$$00000000) refers (Special) to entry2.o(.ARM.Collect$$$$00000001) for _main_stk
    entry2.o(.ARM.Collect$$$$00000001) refers to entry2.o(.ARM.Collect$$$$00002712) for __lit__00000000
    entry2.o(.ARM.Collect$$$$00002712) refers to startup_stm32f0xx.o(STACK) for __initial_sp
    entry2.o(__vectab_stack_and_reset_area) refers to startup_stm32f0xx.o(STACK) for __initial_sp
    entry2.o(__vectab_stack_and_reset_area) refers to entry.o(.ARM.Collect$$$$00000000) for __main
    entry5.o(.ARM.Collect$$$$00000004) refers to init.o(.text) for __scatterload
    entry9a.o(.ARM.Collect$$$$0000000B) refers to main6.o(.text) for main
    entry9b.o(.ARM.Collect$$$$0000000C) refers to main6.o(.text) for main
    init.o(.text) refers to entry5.o(.ARM.Collect$$$$00000004) for __main_after_scatterload


==============================================================================

Removing Unused input sections from the image.

    Removing main6.o(.emb_text), (8 bytes).
    Removing stm32f0xx_it.o(.emb_text), (8 bytes).
    Removing stm32f0_discovery.o(.emb_text), (8 bytes).
    Removing stm32f0xx_exti.o(.emb_text), (8 bytes).
    Removing stm32f0xx_gpio.o(.emb_text), (8 bytes).
    Removing stm32f0xx_misc.o(.emb_text), (8 bytes).
    Removing stm32f0xx_rcc.o(.emb_text), (8 bytes).
    Removing stm32f0xx_syscfg.o(.emb_text), (8 bytes).
    Removing stm32f0xx_tim.o(.emb_text), (8 bytes).
    Removing stm32f0xx_usart.o(.emb_text), (8 bytes).
    Removing stm32f0xx_usart.o(.text), (1122 bytes).
    Removing stm32f0xx_spi.o(.emb_text), (8 bytes).
    Removing startup_stm32f0xx.o(HEAP), (512 bytes).
    Removing system_stm32f0xx.o(.emb_text), (8 bytes).

14 unused section(s) (total 1730 bytes) removed from the image.

==============================================================================

Image Symbol Table

    Local Symbols

    Symbol Name                              Value     Ov Type        Size  Object(Section)

    ../clib/microlib/division.c              0x00000000   Number         0  uidiv.o ABSOLUTE
    ../clib/microlib/init/entry.s            0x00000000   Number         0  entry9a.o ABSOLUTE
    ../clib/microlib/init/entry.s            0x00000000   Number         0  entry11b.o ABSOLUTE
    ../clib/microlib/init/entry.s            0x00000000   Number         0  entry8b.o ABSOLUTE
    ../clib/microlib/init/entry.s            0x00000000   Number         0  entry5.o ABSOLUTE
    ../clib/microlib/init/entry.s            0x00000000   Number         0  entry11a.o ABSOLUTE
    ../clib/microlib/init/entry.s            0x00000000   Number         0  entry8a.o ABSOLUTE
    ../clib/microlib/init/entry.s            0x00000000   Number         0  entry10b.o ABSOLUTE
    ../clib/microlib/init/entry.s            0x00000000   Number         0  entry10a.o ABSOLUTE
    ../clib/microlib/init/entry.s            0x00000000   Number         0  entry7b.o ABSOLUTE
    ../clib/microlib/init/entry.s            0x00000000   Number         0  entry7a.o ABSOLUTE
    ../clib/microlib/init/entry.s            0x00000000   Number         0  entry9b.o ABSOLUTE
    ../clib/microlib/init/entry.s            0x00000000   Number         0  entry.o ABSOLUTE
    ../clib/microlib/init/entry.s            0x00000000   Number         0  entry2.o ABSOLUTE
    ..\..\libraries\STM32F0xx_StdPeriph_Driver\src\stm32f0xx_exti.c 0x00000000   Number         0  stm32f0xx_exti.o ABSOLUTE
    ..\..\libraries\STM32F0xx_StdPeriph_Driver\src\stm32f0xx_gpio.c 0x00000000   Number         0  stm32f0xx_gpio.o ABSOLUTE
    ..\..\libraries\STM32F0xx_StdPeriph_Driver\src\stm32f0xx_misc.c 0x00000000   Number         0  stm32f0xx_misc.o ABSOLUTE
    ..\..\libraries\STM32F0xx_StdPeriph_Driver\src\stm32f0xx_rcc.c 0x00000000   Number         0  stm32f0xx_rcc.o ABSOLUTE
    ..\..\libraries\STM32F0xx_StdPeriph_Driver\src\stm32f0xx_spi.c 0x00000000   Number         0  stm32f0xx_spi.o ABSOLUTE
    ..\..\libraries\STM32F0xx_StdPeriph_Driver\src\stm32f0xx_syscfg.c 0x00000000   Number         0  stm32f0xx_syscfg.o ABSOLUTE
    ..\..\libraries\STM32F0xx_StdPeriph_Driver\src\stm32f0xx_tim.c 0x00000000   Number         0  stm32f0xx_tim.o ABSOLUTE
    ..\..\libraries\STM32F0xx_StdPeriph_Driver\src\stm32f0xx_usart.c 0x00000000   Number         0  stm32f0xx_usart.o ABSOLUTE
    ..\..\utilities\STM32F0-Discovery\stm32f0_discovery.c 0x00000000   Number         0  stm32f0_discovery.o ABSOLUTE
    ..\\..\\libraries\\STM32F0xx_StdPeriph_Driver\\src\\stm32f0xx_exti.c 0x00000000   Number         0  stm32f0xx_exti.o ABSOLUTE
    ..\\..\\libraries\\STM32F0xx_StdPeriph_Driver\\src\\stm32f0xx_gpio.c 0x00000000   Number         0  stm32f0xx_gpio.o ABSOLUTE
    ..\\..\\libraries\\STM32F0xx_StdPeriph_Driver\\src\\stm32f0xx_misc.c 0x00000000   Number         0  stm32f0xx_misc.o ABSOLUTE
    ..\\..\\libraries\\STM32F0xx_StdPeriph_Driver\\src\\stm32f0xx_rcc.c 0x00000000   Number         0  stm32f0xx_rcc.o ABSOLUTE
    ..\\..\\libraries\\STM32F0xx_StdPeriph_Driver\\src\\stm32f0xx_spi.c 0x00000000   Number         0  stm32f0xx_spi.o ABSOLUTE
    ..\\..\\libraries\\STM32F0xx_StdPeriph_Driver\\src\\stm32f0xx_syscfg.c 0x00000000   Number         0  stm32f0xx_syscfg.o ABSOLUTE
    ..\\..\\libraries\\STM32F0xx_StdPeriph_Driver\\src\\stm32f0xx_tim.c 0x00000000   Number         0  stm32f0xx_tim.o ABSOLUTE
    ..\\..\\libraries\\STM32F0xx_StdPeriph_Driver\\src\\stm32f0xx_usart.c 0x00000000   Number         0  stm32f0xx_usart.o ABSOLUTE
    ..\\..\\utilities\\STM32F0-Discovery\\stm32f0_discovery.c 0x00000000   Number         0  stm32f0_discovery.o ABSOLUTE
    dc.s                                     0x00000000   Number         0  dc.o ABSOLUTE
    handlers.s                               0x00000000   Number         0  handlers.o ABSOLUTE
    init.s                                   0x00000000   Number         0  init.o ABSOLUTE
    src\\main6.c                             0x00000000   Number         0  main6.o ABSOLUTE
    src\\stm32f0xx_it.c                      0x00000000   Number         0  stm32f0xx_it.o ABSOLUTE
    src\main6.c                              0x00000000   Number         0  main6.o ABSOLUTE
    src\stm32f0xx_it.c                       0x00000000   Number         0  stm32f0xx_it.o ABSOLUTE
    startup\\system_stm32f0xx.c              0x00000000   Number         0  system_stm32f0xx.o ABSOLUTE
    startup\startup_stm32f0xx.s              0x00000000   Number         0  startup_stm32f0xx.o ABSOLUTE
    startup\system_stm32f0xx.c               0x00000000   Number         0  system_stm32f0xx.o ABSOLUTE
    RESET                                    0x08000000   Section      192  startup_stm32f0xx.o(RESET)
    .ARM.Collect$$$$00000000                 0x080000c0   Section        0  entry.o(.ARM.Collect$$$$00000000)
    .ARM.Collect$$$$00000001                 0x080000c0   Section        4  entry2.o(.ARM.Collect$$$$00000001)
    .ARM.Collect$$$$00000004                 0x080000c4   Section        4  entry5.o(.ARM.Collect$$$$00000004)
    .ARM.Collect$$$$00000008                 0x080000c8   Section        0  entry7b.o(.ARM.Collect$$$$00000008)
    .ARM.Collect$$$$0000000A                 0x080000c8   Section        0  entry8b.o(.ARM.Collect$$$$0000000A)
    .ARM.Collect$$$$0000000B                 0x080000c8   Section        8  entry9a.o(.ARM.Collect$$$$0000000B)
    .ARM.Collect$$$$0000000D                 0x080000d0   Section        0  entry10a.o(.ARM.Collect$$$$0000000D)
    .ARM.Collect$$$$0000000F                 0x080000d0   Section        0  entry11a.o(.ARM.Collect$$$$0000000F)
    .ARM.Collect$$$$00002712                 0x080000d0   Section        4  entry2.o(.ARM.Collect$$$$00002712)
    __lit__00000000                          0x080000d0   Data           4  entry2.o(.ARM.Collect$$$$00002712)
    .text                                    0x080000d4   Section        0  main6.o(.text)
    .text                                    0x0800026c   Section        0  stm32f0xx_it.o(.text)
    .text                                    0x080002dc   Section        0  stm32f0_discovery.o(.text)
    .text                                    0x080003f8   Section        0  stm32f0xx_exti.o(.text)
    .text                                    0x080004cc   Section        0  stm32f0xx_gpio.o(.text)
    .text                                    0x08000628   Section        0  stm32f0xx_misc.o(.text)
    .text                                    0x080006a4   Section        0  stm32f0xx_rcc.o(.text)
    .text                                    0x08000ab0   Section        0  stm32f0xx_syscfg.o(.text)
    .text                                    0x08000b48   Section        0  stm32f0xx_tim.o(.text)
    TI2_Config                               0x0800112d   Thumb Code    42  stm32f0xx_tim.o(.text)
    TI1_Config                               0x08001167   Thumb Code    40  stm32f0xx_tim.o(.text)
    .text                                    0x08001464   Section        0  stm32f0xx_spi.o(.text)
    .text                                    0x08001758   Section       28  startup_stm32f0xx.o(.text)
    .text                                    0x08001774   Section        0  system_stm32f0xx.o(.text)
    SetSysClock                              0x08001823   Thumb Code   142  system_stm32f0xx.o(.text)
    .text                                    0x080018cc   Section        0  uidiv.o(.text)
    .text                                    0x080018f8   Section       36  init.o(.text)
    i.__scatterload_copy                     0x0800191c   Section       14  handlers.o(i.__scatterload_copy)
    i.__scatterload_null                     0x0800192a   Section        2  handlers.o(i.__scatterload_null)
    i.__scatterload_zeroinit                 0x0800192c   Section       14  handlers.o(i.__scatterload_zeroinit)
    .constdata                               0x0800193c   Section       28  stm32f0_discovery.o(.constdata)
    .data                                    0x20000000   Section        2  main6.o(.data)
    shiftRight                               0x20000000   Data           1  main6.o(.data)
    shiftLeft                                0x20000001   Data           1  main6.o(.data)
    .data                                    0x20000004   Section        4  stm32f0xx_it.o(.data)
    ticks                                    0x20000004   Data           4  stm32f0xx_it.o(.data)
    .data                                    0x20000008   Section       12  stm32f0_discovery.o(.data)
    .data                                    0x20000014   Section       16  stm32f0xx_rcc.o(.data)
    APBAHBPrescTable                         0x20000014   Data          16  stm32f0xx_rcc.o(.data)
    .data                                    0x20000024   Section       20  system_stm32f0xx.o(.data)
    STACK                                    0x20000038   Section     1024  startup_stm32f0xx.o(STACK)

    Global Symbols

    Symbol Name                              Value     Ov Type        Size  Object(Section)

    BuildAttributes$$THM_ISAv3M$S$PE$A:L22$X:L11$S22$IEEE1$IW$USESV6$~STKCKD$USESV7$~SHL$OSPACE$EBA8$MICROLIB$REQ8$PRES8$EABIv2 0x00000000   Number         0  anon$$obj.o ABSOLUTE
    __ARM_use_no_argv                        0x00000000   Number         0  main6.o ABSOLUTE
    __cpp_initialize__aeabi_                  - Undefined Weak Reference
    __cxa_finalize                            - Undefined Weak Reference
    __decompress                              - Undefined Weak Reference
    _clock_init                               - Undefined Weak Reference
    _microlib_exit                            - Undefined Weak Reference
    __Vectors_Size                           0x000000c0   Number         0  startup_stm32f0xx.o ABSOLUTE
    __Vectors                                0x08000000   Data           4  startup_stm32f0xx.o(RESET)
    __Vectors_End                            0x080000c0   Data           0  startup_stm32f0xx.o(RESET)
    __main                                   0x080000c1   Thumb Code     0  entry.o(.ARM.Collect$$$$00000000)
    _main_stk                                0x080000c1   Thumb Code     0  entry2.o(.ARM.Collect$$$$00000001)
    _main_scatterload                        0x080000c5   Thumb Code     0  entry5.o(.ARM.Collect$$$$00000004)
    __main_after_scatterload                 0x080000c9   Thumb Code     0  entry5.o(.ARM.Collect$$$$00000004)
    _main_clock                              0x080000c9   Thumb Code     0  entry7b.o(.ARM.Collect$$$$00000008)
    _main_cpp_init                           0x080000c9   Thumb Code     0  entry8b.o(.ARM.Collect$$$$0000000A)
    _main_init                               0x080000c9   Thumb Code     0  entry9a.o(.ARM.Collect$$$$0000000B)
    __rt_final_cpp                           0x080000d1   Thumb Code     0  entry10a.o(.ARM.Collect$$$$0000000D)
    __rt_final_exit                          0x080000d1   Thumb Code     0  entry11a.o(.ARM.Collect$$$$0000000F)
    delay                                    0x080000d5   Thumb Code    14  main6.o(.text)
    writeRegister                            0x080000e3   Thumb Code    18  main6.o(.text)
    write_char                               0x080000f5   Thumb Code   114  main6.o(.text)
    initMatrix                               0x08000167   Thumb Code    44  main6.o(.text)
    init_SPI                                 0x08000193   Thumb Code   102  main6.o(.text)
    init_GPIO                                0x080001f9   Thumb Code    60  main6.o(.text)
    main                                     0x08000235   Thumb Code    32  main6.o(.text)
    NMI_Handler                              0x0800026d   Thumb Code     2  stm32f0xx_it.o(.text)
    HardFault_Handler                        0x0800026f   Thumb Code     2  stm32f0xx_it.o(.text)
    SVC_Handler                              0x08000271   Thumb Code     2  stm32f0xx_it.o(.text)
    PendSV_Handler                           0x08000273   Thumb Code     2  stm32f0xx_it.o(.text)
    SysTick_Handler                          0x08000275   Thumb Code    58  stm32f0xx_it.o(.text)
    TIM3_IRQHandler                          0x080002af   Thumb Code    32  stm32f0xx_it.o(.text)
    STM_EVAL_LEDInit                         0x080002dd   Thumb Code    52  stm32f0_discovery.o(.text)
    STM_EVAL_LEDOn                           0x08000311   Thumb Code    18  stm32f0_discovery.o(.text)
    STM_EVAL_LEDOff                          0x08000323   Thumb Code    18  stm32f0_discovery.o(.text)
    STM_EVAL_LEDToggle                       0x08000335   Thumb Code    22  stm32f0_discovery.o(.text)
    STM_EVAL_PBInit                          0x0800034b   Thumb Code   140  stm32f0_discovery.o(.text)
    STM_EVAL_PBGetState                      0x080003d7   Thumb Code    24  stm32f0_discovery.o(.text)
    EXTI_DeInit                              0x080003f9   Thumb Code    20  stm32f0xx_exti.o(.text)
    EXTI_Init                                0x0800040d   Thumb Code   102  stm32f0xx_exti.o(.text)
    EXTI_StructInit                          0x08000473   Thumb Code    14  stm32f0xx_exti.o(.text)
    EXTI_GenerateSWInterrupt                 0x08000481   Thumb Code    10  stm32f0xx_exti.o(.text)
    EXTI_GetFlagStatus                       0x0800048b   Thumb Code    16  stm32f0xx_exti.o(.text)
    EXTI_ClearFlag                           0x0800049b   Thumb Code     6  stm32f0xx_exti.o(.text)
    EXTI_GetITStatus                         0x080004a1   Thumb Code    24  stm32f0xx_exti.o(.text)
    EXTI_ClearITPendingBit                   0x080004b9   Thumb Code     6  stm32f0xx_exti.o(.text)
    GPIO_DeInit                              0x080004cd   Thumb Code    78  stm32f0xx_gpio.o(.text)
    GPIO_Init                                0x0800051b   Thumb Code   112  stm32f0xx_gpio.o(.text)
    GPIO_StructInit                          0x0800058b   Thumb Code    18  stm32f0xx_gpio.o(.text)
    GPIO_PinLockConfig                       0x0800059d   Thumb Code    26  stm32f0xx_gpio.o(.text)
    GPIO_ReadInputDataBit                    0x080005b7   Thumb Code    14  stm32f0xx_gpio.o(.text)
    GPIO_ReadInputData                       0x080005c5   Thumb Code     4  stm32f0xx_gpio.o(.text)
    GPIO_ReadOutputDataBit                   0x080005c9   Thumb Code    14  stm32f0xx_gpio.o(.text)
    GPIO_ReadOutputData                      0x080005d7   Thumb Code     4  stm32f0xx_gpio.o(.text)
    GPIO_SetBits                             0x080005db   Thumb Code     4  stm32f0xx_gpio.o(.text)
    GPIO_ResetBits                           0x080005df   Thumb Code     4  stm32f0xx_gpio.o(.text)
    GPIO_WriteBit                            0x080005e3   Thumb Code    12  stm32f0xx_gpio.o(.text)
    GPIO_Write                               0x080005ef   Thumb Code     4  stm32f0xx_gpio.o(.text)
    GPIO_PinAFConfig                         0x080005f3   Thumb Code    32  stm32f0xx_gpio.o(.text)
    NVIC_Init                                0x08000629   Thumb Code    70  stm32f0xx_misc.o(.text)
    NVIC_SystemLPConfig                      0x0800066f   Thumb Code    18  stm32f0xx_misc.o(.text)
    SysTick_CLKSourceConfig                  0x08000681   Thumb Code    20  stm32f0xx_misc.o(.text)
    RCC_DeInit                               0x080006a5   Thumb Code    78  stm32f0xx_rcc.o(.text)
    RCC_HSEConfig                            0x080006f3   Thumb Code    10  stm32f0xx_rcc.o(.text)
    RCC_GetFlagStatus                        0x080006fd   Thumb Code    48  stm32f0xx_rcc.o(.text)
    RCC_WaitForHSEStartUp                    0x0800072d   Thumb Code    44  stm32f0xx_rcc.o(.text)
    RCC_AdjustHSICalibrationValue            0x08000759   Thumb Code    16  stm32f0xx_rcc.o(.text)
    RCC_HSICmd                               0x08000769   Thumb Code    22  stm32f0xx_rcc.o(.text)
    RCC_AdjustHSI14CalibrationValue          0x0800077f   Thumb Code    16  stm32f0xx_rcc.o(.text)
    RCC_HSI14Cmd                             0x0800078f   Thumb Code    22  stm32f0xx_rcc.o(.text)
    RCC_HSI14ADCRequestCmd                   0x080007a5   Thumb Code    20  stm32f0xx_rcc.o(.text)
    RCC_LSEConfig                            0x080007b9   Thumb Code    26  stm32f0xx_rcc.o(.text)
    RCC_LSEDriveConfig                       0x080007d3   Thumb Code    18  stm32f0xx_rcc.o(.text)
    RCC_LSICmd                               0x080007e5   Thumb Code    22  stm32f0xx_rcc.o(.text)
    RCC_PLLConfig                            0x080007fb   Thumb Code    24  stm32f0xx_rcc.o(.text)
    RCC_PLLCmd                               0x08000813   Thumb Code    22  stm32f0xx_rcc.o(.text)
    RCC_PREDIV1Config                        0x08000829   Thumb Code    14  stm32f0xx_rcc.o(.text)
    RCC_ClockSecuritySystemCmd               0x08000837   Thumb Code    22  stm32f0xx_rcc.o(.text)
    RCC_MCOConfig                            0x0800084d   Thumb Code     6  stm32f0xx_rcc.o(.text)
    RCC_SYSCLKConfig                         0x08000853   Thumb Code    14  stm32f0xx_rcc.o(.text)
    RCC_GetSYSCLKSource                      0x08000861   Thumb Code    10  stm32f0xx_rcc.o(.text)
    RCC_HCLKConfig                           0x0800086b   Thumb Code    14  stm32f0xx_rcc.o(.text)
    RCC_PCLKConfig                           0x08000879   Thumb Code    16  stm32f0xx_rcc.o(.text)
    RCC_ADCCLKConfig                         0x08000889   Thumb Code    38  stm32f0xx_rcc.o(.text)
    RCC_CECCLKConfig                         0x080008af   Thumb Code    18  stm32f0xx_rcc.o(.text)
    RCC_I2CCLKConfig                         0x080008c1   Thumb Code    18  stm32f0xx_rcc.o(.text)
    RCC_USARTCLKConfig                       0x080008d3   Thumb Code    18  stm32f0xx_rcc.o(.text)
    RCC_GetClocksFreq                        0x080008e5   Thumb Code   208  stm32f0xx_rcc.o(.text)
    RCC_RTCCLKConfig                         0x080009b5   Thumb Code    10  stm32f0xx_rcc.o(.text)
    RCC_RTCCLKCmd                            0x080009bf   Thumb Code    20  stm32f0xx_rcc.o(.text)
    RCC_BackupResetCmd                       0x080009d3   Thumb Code    22  stm32f0xx_rcc.o(.text)
    RCC_AHBPeriphClockCmd                    0x080009e9   Thumb Code    18  stm32f0xx_rcc.o(.text)
    RCC_APB2PeriphClockCmd                   0x080009fb   Thumb Code    18  stm32f0xx_rcc.o(.text)
    RCC_APB1PeriphClockCmd                   0x08000a0d   Thumb Code    18  stm32f0xx_rcc.o(.text)
    RCC_AHBPeriphResetCmd                    0x08000a1f   Thumb Code    18  stm32f0xx_rcc.o(.text)
    RCC_APB2PeriphResetCmd                   0x08000a31   Thumb Code    18  stm32f0xx_rcc.o(.text)
    RCC_APB1PeriphResetCmd                   0x08000a43   Thumb Code    18  stm32f0xx_rcc.o(.text)
    RCC_ITConfig                             0x08000a55   Thumb Code    18  stm32f0xx_rcc.o(.text)
    RCC_ClearFlag                            0x08000a67   Thumb Code    14  stm32f0xx_rcc.o(.text)
    RCC_GetITStatus                          0x08000a75   Thumb Code    48  stm32f0xx_rcc.o(.text)
    RCC_ClearITPendingBit                    0x08000aa5   Thumb Code     6  stm32f0xx_rcc.o(.text)
    SYSCFG_DeInit                            0x08000ab1   Thumb Code    30  stm32f0xx_syscfg.o(.text)
    SYSCFG_MemoryRemapConfig                 0x08000acf   Thumb Code    14  stm32f0xx_syscfg.o(.text)
    SYSCFG_DMAChannelRemapConfig             0x08000add   Thumb Code    18  stm32f0xx_syscfg.o(.text)
    SYSCFG_I2CFastModePlusConfig             0x08000aef   Thumb Code    18  stm32f0xx_syscfg.o(.text)
    SYSCFG_EXTILineConfig                    0x08000b01   Thumb Code    34  stm32f0xx_syscfg.o(.text)
    SYSCFG_BreakConfig                       0x08000b23   Thumb Code    10  stm32f0xx_syscfg.o(.text)
    SYSCFG_GetFlagStatus                     0x08000b2d   Thumb Code    14  stm32f0xx_syscfg.o(.text)
    SYSCFG_ClearFlag                         0x08000b3b   Thumb Code    10  stm32f0xx_syscfg.o(.text)
    TIM_DeInit                               0x08000b49   Thumb Code   152  stm32f0xx_tim.o(.text)
    TIM_TimeBaseInit                         0x08000be1   Thumb Code    88  stm32f0xx_tim.o(.text)
    TIM_TimeBaseStructInit                   0x08000c39   Thumb Code    18  stm32f0xx_tim.o(.text)
    TIM_PrescalerConfig                      0x08000c4b   Thumb Code     6  stm32f0xx_tim.o(.text)
    TIM_CounterModeConfig                    0x08000c51   Thumb Code    12  stm32f0xx_tim.o(.text)
    TIM_SetCounter                           0x08000c5d   Thumb Code     4  stm32f0xx_tim.o(.text)
    TIM_SetAutoreload                        0x08000c61   Thumb Code     4  stm32f0xx_tim.o(.text)
    TIM_GetCounter                           0x08000c65   Thumb Code     4  stm32f0xx_tim.o(.text)
    TIM_GetPrescaler                         0x08000c69   Thumb Code     4  stm32f0xx_tim.o(.text)
    TIM_UpdateDisableConfig                  0x08000c6d   Thumb Code    18  stm32f0xx_tim.o(.text)
    TIM_UpdateRequestConfig                  0x08000c7f   Thumb Code    18  stm32f0xx_tim.o(.text)
    TIM_ARRPreloadConfig                     0x08000c91   Thumb Code    18  stm32f0xx_tim.o(.text)
    TIM_SelectOnePulseMode                   0x08000ca3   Thumb Code    16  stm32f0xx_tim.o(.text)
    TIM_SetClockDivision                     0x08000cb3   Thumb Code    16  stm32f0xx_tim.o(.text)
    TIM_Cmd                                  0x08000cc3   Thumb Code    20  stm32f0xx_tim.o(.text)
    TIM_BDTRConfig                           0x08000cd7   Thumb Code    34  stm32f0xx_tim.o(.text)
    TIM_BDTRStructInit                       0x08000cf9   Thumb Code    18  stm32f0xx_tim.o(.text)
    TIM_CtrlPWMOutputs                       0x08000d0b   Thumb Code    24  stm32f0xx_tim.o(.text)
    TIM_OC1Init                              0x08000d23   Thumb Code   104  stm32f0xx_tim.o(.text)
    TIM_OC2Init                              0x08000d8b   Thumb Code   110  stm32f0xx_tim.o(.text)
    TIM_OC3Init                              0x08000df9   Thumb Code   110  stm32f0xx_tim.o(.text)
    TIM_OC4Init                              0x08000e67   Thumb Code    78  stm32f0xx_tim.o(.text)
    TIM_OCStructInit                         0x08000eb5   Thumb Code    20  stm32f0xx_tim.o(.text)
    TIM_SelectOCxM                           0x08000ec9   Thumb Code    70  stm32f0xx_tim.o(.text)
    TIM_SetCompare1                          0x08000f0f   Thumb Code     4  stm32f0xx_tim.o(.text)
    TIM_SetCompare2                          0x08000f13   Thumb Code     4  stm32f0xx_tim.o(.text)
    TIM_SetCompare3                          0x08000f17   Thumb Code     4  stm32f0xx_tim.o(.text)
    TIM_SetCompare4                          0x08000f1b   Thumb Code     4  stm32f0xx_tim.o(.text)
    TIM_ForcedOC1Config                      0x08000f1f   Thumb Code    86  stm32f0xx_tim.o(.text)
    TIM_ForcedOC2Config                      0x08000f75   Thumb Code    14  stm32f0xx_tim.o(.text)
    TIM_ForcedOC3Config                      0x08000f83   Thumb Code    12  stm32f0xx_tim.o(.text)
    TIM_ForcedOC4Config                      0x08000f8f   Thumb Code    14  stm32f0xx_tim.o(.text)
    TIM_CCPreloadControl                     0x08000f9d   Thumb Code    20  stm32f0xx_tim.o(.text)
    TIM_OC1PreloadConfig                     0x08000fb1   Thumb Code    12  stm32f0xx_tim.o(.text)
    TIM_OC2PreloadConfig                     0x08000fbd   Thumb Code    14  stm32f0xx_tim.o(.text)
    TIM_OC3PreloadConfig                     0x08000fcb   Thumb Code    12  stm32f0xx_tim.o(.text)
    TIM_OC4PreloadConfig                     0x08000fd7   Thumb Code    14  stm32f0xx_tim.o(.text)
    TIM_OC1FastConfig                        0x08000fe5   Thumb Code    12  stm32f0xx_tim.o(.text)
    TIM_OC2FastConfig                        0x08000ff1   Thumb Code    14  stm32f0xx_tim.o(.text)
    TIM_OC3FastConfig                        0x08000fff   Thumb Code    12  stm32f0xx_tim.o(.text)
    TIM_OC4FastConfig                        0x0800100b   Thumb Code    14  stm32f0xx_tim.o(.text)
    TIM_ClearOC1Ref                          0x08001019   Thumb Code    12  stm32f0xx_tim.o(.text)
    TIM_ClearOC2Ref                          0x08001025   Thumb Code    14  stm32f0xx_tim.o(.text)
    TIM_ClearOC3Ref                          0x08001033   Thumb Code    12  stm32f0xx_tim.o(.text)
    TIM_ClearOC4Ref                          0x0800103f   Thumb Code    14  stm32f0xx_tim.o(.text)
    TIM_OC1PolarityConfig                    0x0800104d   Thumb Code    12  stm32f0xx_tim.o(.text)
    TIM_OC1NPolarityConfig                   0x08001059   Thumb Code    12  stm32f0xx_tim.o(.text)
    TIM_OC2PolarityConfig                    0x08001065   Thumb Code    14  stm32f0xx_tim.o(.text)
    TIM_OC2NPolarityConfig                   0x08001073   Thumb Code    14  stm32f0xx_tim.o(.text)
    TIM_OC3PolarityConfig                    0x08001081   Thumb Code    14  stm32f0xx_tim.o(.text)
    TIM_OC3NPolarityConfig                   0x0800108f   Thumb Code    14  stm32f0xx_tim.o(.text)
    TIM_OC4PolarityConfig                    0x0800109d   Thumb Code    14  stm32f0xx_tim.o(.text)
    TIM_SelectOCREFClear                     0x080010ab   Thumb Code    16  stm32f0xx_tim.o(.text)
    TIM_CCxCmd                               0x080010bb   Thumb Code    22  stm32f0xx_tim.o(.text)
    TIM_CCxNCmd                              0x080010d1   Thumb Code    22  stm32f0xx_tim.o(.text)
    TIM_SelectCOM                            0x080010e7   Thumb Code    18  stm32f0xx_tim.o(.text)
    TIM_SetIC4Prescaler                      0x080010f9   Thumb Code    18  stm32f0xx_tim.o(.text)
    TIM_SetIC3Prescaler                      0x0800110b   Thumb Code    16  stm32f0xx_tim.o(.text)
    TIM_SetIC2Prescaler                      0x0800111b   Thumb Code    18  stm32f0xx_tim.o(.text)
    TIM_SetIC1Prescaler                      0x08001157   Thumb Code    16  stm32f0xx_tim.o(.text)
    TIM_ICInit                               0x0800118f   Thumb Code   162  stm32f0xx_tim.o(.text)
    TIM_ICStructInit                         0x08001231   Thumb Code    16  stm32f0xx_tim.o(.text)
    TIM_PWMIConfig                           0x08001241   Thumb Code   104  stm32f0xx_tim.o(.text)
    TIM_GetCapture1                          0x080012a9   Thumb Code     4  stm32f0xx_tim.o(.text)
    TIM_GetCapture2                          0x080012ad   Thumb Code     4  stm32f0xx_tim.o(.text)
    TIM_GetCapture3                          0x080012b1   Thumb Code     4  stm32f0xx_tim.o(.text)
    TIM_GetCapture4                          0x080012b5   Thumb Code     4  stm32f0xx_tim.o(.text)
    TIM_ITConfig                             0x080012b9   Thumb Code    16  stm32f0xx_tim.o(.text)
    TIM_GenerateEvent                        0x080012c9   Thumb Code     4  stm32f0xx_tim.o(.text)
    TIM_GetFlagStatus                        0x080012cd   Thumb Code    14  stm32f0xx_tim.o(.text)
    TIM_ClearFlag                            0x080012db   Thumb Code     6  stm32f0xx_tim.o(.text)
    TIM_GetITStatus                          0x080012e1   Thumb Code    24  stm32f0xx_tim.o(.text)
    TIM_ClearITPendingBit                    0x080012f9   Thumb Code     6  stm32f0xx_tim.o(.text)
    TIM_DMAConfig                            0x080012ff   Thumb Code     8  stm32f0xx_tim.o(.text)
    TIM_DMACmd                               0x08001307   Thumb Code    16  stm32f0xx_tim.o(.text)
    TIM_SelectCCDMA                          0x08001317   Thumb Code    18  stm32f0xx_tim.o(.text)
    TIM_InternalClockConfig                  0x08001329   Thumb Code    10  stm32f0xx_tim.o(.text)
    TIM_SelectInputTrigger                   0x08001333   Thumb Code    12  stm32f0xx_tim.o(.text)
    TIM_ITRxExternalClockConfig              0x0800133f   Thumb Code    62  stm32f0xx_tim.o(.text)
    TIM_TIxExternalClockConfig               0x0800137d   Thumb Code    48  stm32f0xx_tim.o(.text)
    TIM_ETRConfig                            0x080013ad   Thumb Code    18  stm32f0xx_tim.o(.text)
    TIM_ETRClockMode1Config                  0x080013bf   Thumb Code    28  stm32f0xx_tim.o(.text)
    TIM_ETRClockMode2Config                  0x080013db   Thumb Code    20  stm32f0xx_tim.o(.text)
    TIM_SelectOutputTrigger                  0x080013ef   Thumb Code    16  stm32f0xx_tim.o(.text)
    TIM_SelectSlaveMode                      0x080013ff   Thumb Code    16  stm32f0xx_tim.o(.text)
    TIM_SelectMasterSlaveMode                0x0800140f   Thumb Code    16  stm32f0xx_tim.o(.text)
    TIM_EncoderInterfaceConfig               0x0800141f   Thumb Code    42  stm32f0xx_tim.o(.text)
    TIM_SelectHallSensor                     0x08001449   Thumb Code    18  stm32f0xx_tim.o(.text)
    TIM_RemapConfig                          0x0800145b   Thumb Code     6  stm32f0xx_tim.o(.text)
    SPI_I2S_DeInit                           0x08001465   Thumb Code    54  stm32f0xx_spi.o(.text)
    SPI_StructInit                           0x0800149b   Thumb Code    28  stm32f0xx_spi.o(.text)
    SPI_Init                                 0x080014b7   Thumb Code    74  stm32f0xx_spi.o(.text)
    I2S_StructInit                           0x08001501   Thumb Code    18  stm32f0xx_spi.o(.text)
    I2S_Init                                 0x08001513   Thumb Code   154  stm32f0xx_spi.o(.text)
    SPI_Cmd                                  0x080015ad   Thumb Code    18  stm32f0xx_spi.o(.text)
    SPI_TIModeCmd                            0x080015bf   Thumb Code    18  stm32f0xx_spi.o(.text)
    I2S_Cmd                                  0x080015d1   Thumb Code    22  stm32f0xx_spi.o(.text)
    SPI_DataSizeConfig                       0x080015e7   Thumb Code    12  stm32f0xx_spi.o(.text)
    SPI_RxFIFOThresholdConfig                0x080015f3   Thumb Code    16  stm32f0xx_spi.o(.text)
    SPI_BiDirectionalLineConfig              0x08001603   Thumb Code    22  stm32f0xx_spi.o(.text)
    SPI_NSSInternalSoftwareConfig            0x08001619   Thumb Code    22  stm32f0xx_spi.o(.text)
    SPI_SSOutputCmd                          0x0800162f   Thumb Code    18  stm32f0xx_spi.o(.text)
    SPI_NSSPulseModeCmd                      0x08001641   Thumb Code    18  stm32f0xx_spi.o(.text)
    SPI_SendData8                            0x08001653   Thumb Code     4  stm32f0xx_spi.o(.text)
    SPI_I2S_SendData16                       0x08001657   Thumb Code     4  stm32f0xx_spi.o(.text)
    SPI_ReceiveData8                         0x0800165b   Thumb Code     4  stm32f0xx_spi.o(.text)
    SPI_I2S_ReceiveData16                    0x0800165f   Thumb Code     4  stm32f0xx_spi.o(.text)
    SPI_CRCLengthConfig                      0x08001663   Thumb Code    16  stm32f0xx_spi.o(.text)
    SPI_CalculateCRC                         0x08001673   Thumb Code    22  stm32f0xx_spi.o(.text)
    SPI_TransmitCRC                          0x08001689   Thumb Code    12  stm32f0xx_spi.o(.text)
    SPI_GetCRC                               0x08001695   Thumb Code    12  stm32f0xx_spi.o(.text)
    SPI_GetCRCPolynomial                     0x080016a1   Thumb Code     4  stm32f0xx_spi.o(.text)
    SPI_I2S_DMACmd                           0x080016a5   Thumb Code    16  stm32f0xx_spi.o(.text)
    SPI_LastDMATransferCmd                   0x080016b5   Thumb Code    16  stm32f0xx_spi.o(.text)
    SPI_I2S_ITConfig                         0x080016c5   Thumb Code    24  stm32f0xx_spi.o(.text)
    SPI_GetTransmissionFIFOStatus            0x080016dd   Thumb Code    10  stm32f0xx_spi.o(.text)
    SPI_GetReceptionFIFOStatus               0x080016e7   Thumb Code    10  stm32f0xx_spi.o(.text)
    SPI_I2S_GetFlagStatus                    0x080016f1   Thumb Code    14  stm32f0xx_spi.o(.text)
    SPI_I2S_ClearFlag                        0x080016ff   Thumb Code     6  stm32f0xx_spi.o(.text)
    SPI_I2S_GetITStatus                      0x08001705   Thumb Code    42  stm32f0xx_spi.o(.text)
    Reset_Handler                            0x08001759   Thumb Code     8  startup_stm32f0xx.o(.text)
    ADC1_COMP_IRQHandler                     0x0800176b   Thumb Code     0  startup_stm32f0xx.o(.text)
    CEC_IRQHandler                           0x0800176b   Thumb Code     0  startup_stm32f0xx.o(.text)
    DMA1_Channel1_IRQHandler                 0x0800176b   Thumb Code     0  startup_stm32f0xx.o(.text)
    DMA1_Channel2_3_IRQHandler               0x0800176b   Thumb Code     0  startup_stm32f0xx.o(.text)
    DMA1_Channel4_5_IRQHandler               0x0800176b   Thumb Code     0  startup_stm32f0xx.o(.text)
    EXTI0_1_IRQHandler                       0x0800176b   Thumb Code     0  startup_stm32f0xx.o(.text)
    EXTI2_3_IRQHandler                       0x0800176b   Thumb Code     0  startup_stm32f0xx.o(.text)
    EXTI4_15_IRQHandler                      0x0800176b   Thumb Code     0  startup_stm32f0xx.o(.text)
    FLASH_IRQHandler                         0x0800176b   Thumb Code     0  startup_stm32f0xx.o(.text)
    I2C1_IRQHandler                          0x0800176b   Thumb Code     0  startup_stm32f0xx.o(.text)
    I2C2_IRQHandler                          0x0800176b   Thumb Code     0  startup_stm32f0xx.o(.text)
    PVD_IRQHandler                           0x0800176b   Thumb Code     0  startup_stm32f0xx.o(.text)
    RCC_IRQHandler                           0x0800176b   Thumb Code     0  startup_stm32f0xx.o(.text)
    RTC_IRQHandler                           0x0800176b   Thumb Code     0  startup_stm32f0xx.o(.text)
    SPI1_IRQHandler                          0x0800176b   Thumb Code     0  startup_stm32f0xx.o(.text)
    SPI2_IRQHandler                          0x0800176b   Thumb Code     0  startup_stm32f0xx.o(.text)
    TIM14_IRQHandler                         0x0800176b   Thumb Code     0  startup_stm32f0xx.o(.text)
    TIM15_IRQHandler                         0x0800176b   Thumb Code     0  startup_stm32f0xx.o(.text)
    TIM16_IRQHandler                         0x0800176b   Thumb Code     0  startup_stm32f0xx.o(.text)
    TIM17_IRQHandler                         0x0800176b   Thumb Code     0  startup_stm32f0xx.o(.text)
    TIM1_BRK_UP_TRG_COM_IRQHandler           0x0800176b   Thumb Code     0  startup_stm32f0xx.o(.text)
    TIM1_CC_IRQHandler                       0x0800176b   Thumb Code     0  startup_stm32f0xx.o(.text)
    TIM2_IRQHandler                          0x0800176b   Thumb Code     0  startup_stm32f0xx.o(.text)
    TIM6_DAC_IRQHandler                      0x0800176b   Thumb Code     0  startup_stm32f0xx.o(.text)
    TS_IRQHandler                            0x0800176b   Thumb Code     0  startup_stm32f0xx.o(.text)
    USART1_IRQHandler                        0x0800176b   Thumb Code     0  startup_stm32f0xx.o(.text)
    USART2_IRQHandler                        0x0800176b   Thumb Code     0  startup_stm32f0xx.o(.text)
    WWDG_IRQHandler                          0x0800176b   Thumb Code     0  startup_stm32f0xx.o(.text)
    SystemInit                               0x08001775   Thumb Code    84  system_stm32f0xx.o(.text)
    SystemCoreClockUpdate                    0x080017c9   Thumb Code    90  system_stm32f0xx.o(.text)
    __aeabi_uidiv                            0x080018cd   Thumb Code     0  uidiv.o(.text)
    __aeabi_uidivmod                         0x080018cd   Thumb Code    44  uidiv.o(.text)
    __scatterload                            0x080018f9   Thumb Code    28  init.o(.text)
    __scatterload_rt2                        0x080018f9   Thumb Code     0  init.o(.text)
    __scatterload_copy                       0x0800191d   Thumb Code    14  handlers.o(i.__scatterload_copy)
    __scatterload_null                       0x0800192b   Thumb Code     2  handlers.o(i.__scatterload_null)
    __scatterload_zeroinit                   0x0800192d   Thumb Code    14  handlers.o(i.__scatterload_zeroinit)
    BUTTON_PIN                               0x0800193c   Data           2  stm32f0_discovery.o(.constdata)
    BUTTON_EXTI_LINE                         0x0800193e   Data           2  stm32f0_discovery.o(.constdata)
    BUTTON_PORT_SOURCE                       0x08001940   Data           2  stm32f0_discovery.o(.constdata)
    BUTTON_PIN_SOURCE                        0x08001942   Data           2  stm32f0_discovery.o(.constdata)
    BUTTON_IRQn                              0x08001944   Data           2  stm32f0_discovery.o(.constdata)
    GPIO_PIN                                 0x08001946   Data           4  stm32f0_discovery.o(.constdata)
    BUTTON_CLK                               0x0800194c   Data           4  stm32f0_discovery.o(.constdata)
    GPIO_CLK                                 0x08001950   Data           8  stm32f0_discovery.o(.constdata)
    Region$$Table$$Base                      0x08001958   Number         0  anon$$obj.o(Region$$Table)
    Region$$Table$$Limit                     0x08001978   Number         0  anon$$obj.o(Region$$Table)
    BUTTON_PORT                              0x20000008   Data           4  stm32f0_discovery.o(.data)
    GPIO_PORT                                0x2000000c   Data           8  stm32f0_discovery.o(.data)
    SystemCoreClock                          0x20000024   Data           4  system_stm32f0xx.o(.data)
    AHBPrescTable                            0x20000028   Data          16  system_stm32f0xx.o(.data)
    __initial_sp                             0x20000438   Data           0  startup_stm32f0xx.o(STACK)



==============================================================================

Memory Map of the image

  Image Entry point : 0x080000c1

  Load Region LR_IROM1 (Base: 0x08000000, Size: 0x000019b0, Max: 0x00010000, ABSOLUTE)

    Execution Region ER_IROM1 (Exec base: 0x08000000, Load base: 0x08000000, Size: 0x00001978, Max: 0x00010000, ABSOLUTE)

    Exec Addr    Load Addr    Size         Type   Attr      Idx    E Section Name        Object

    0x08000000   0x08000000   0x000000c0   Data   RO          286    RESET               startup_stm32f0xx.o
    0x080000c0   0x080000c0   0x00000000   Code   RO          313  * .ARM.Collect$$$$00000000  mc_p.l(entry.o)
    0x080000c0   0x080000c0   0x00000004   Code   RO          318    .ARM.Collect$$$$00000001  mc_p.l(entry2.o)
    0x080000c4   0x080000c4   0x00000004   Code   RO          321    .ARM.Collect$$$$00000004  mc_p.l(entry5.o)
    0x080000c8   0x080000c8   0x00000000   Code   RO          323    .ARM.Collect$$$$00000008  mc_p.l(entry7b.o)
    0x080000c8   0x080000c8   0x00000000   Code   RO          325    .ARM.Collect$$$$0000000A  mc_p.l(entry8b.o)
    0x080000c8   0x080000c8   0x00000008   Code   RO          326    .ARM.Collect$$$$0000000B  mc_p.l(entry9a.o)
    0x080000d0   0x080000d0   0x00000000   Code   RO          328    .ARM.Collect$$$$0000000D  mc_p.l(entry10a.o)
    0x080000d0   0x080000d0   0x00000000   Code   RO          330    .ARM.Collect$$$$0000000F  mc_p.l(entry11a.o)
    0x080000d0   0x080000d0   0x00000004   Code   RO          319    .ARM.Collect$$$$00002712  mc_p.l(entry2.o)
    0x080000d4   0x080000d4   0x00000198   Code   RO            2    .text               main6.o
    0x0800026c   0x0800026c   0x00000070   Code   RO          111    .text               stm32f0xx_it.o
    0x080002dc   0x080002dc   0x0000011c   Code   RO          134    .text               stm32f0_discovery.o
    0x080003f8   0x080003f8   0x000000d4   Code   RO          154    .text               stm32f0xx_exti.o
    0x080004cc   0x080004cc   0x0000015c   Code   RO          170    .text               stm32f0xx_gpio.o
    0x08000628   0x08000628   0x0000007c   Code   RO          186    .text               stm32f0xx_misc.o
    0x080006a4   0x080006a4   0x0000040c   Code   RO          202    .text               stm32f0xx_rcc.o
    0x08000ab0   0x08000ab0   0x00000098   Code   RO          220    .text               stm32f0xx_syscfg.o
    0x08000b48   0x08000b48   0x0000091c   Code   RO          236    .text               stm32f0xx_tim.o
    0x08001464   0x08001464   0x000002f4   Code   RO          269    .text               stm32f0xx_spi.o
    0x08001758   0x08001758   0x0000001c   Code   RO          287    .text               startup_stm32f0xx.o
    0x08001774   0x08001774   0x00000158   Code   RO          292    .text               system_stm32f0xx.o
    0x080018cc   0x080018cc   0x0000002c   Code   RO          316    .text               mc_p.l(uidiv.o)
    0x080018f8   0x080018f8   0x00000024   Code   RO          332    .text               mc_p.l(init.o)
    0x0800191c   0x0800191c   0x0000000e   Code   RO          336    i.__scatterload_copy  mc_p.l(handlers.o)
    0x0800192a   0x0800192a   0x00000002   Code   RO          337    i.__scatterload_null  mc_p.l(handlers.o)
    0x0800192c   0x0800192c   0x0000000e   Code   RO          338    i.__scatterload_zeroinit  mc_p.l(handlers.o)
    0x0800193a   0x0800193a   0x00000002   PAD
    0x0800193c   0x0800193c   0x0000001c   Data   RO          135    .constdata          stm32f0_discovery.o
    0x08001958   0x08001958   0x00000020   Data   RO          334    Region$$Table       anon$$obj.o


    Execution Region RW_IRAM1 (Exec base: 0x20000000, Load base: 0x08001978, Size: 0x00000438, Max: 0x00002000, ABSOLUTE)

    Exec Addr    Load Addr    Size         Type   Attr      Idx    E Section Name        Object

    0x20000000   0x08001978   0x00000002   Data   RW            3    .data               main6.o
    0x20000002   0x0800197a   0x00000002   PAD
    0x20000004   0x0800197c   0x00000004   Data   RW          112    .data               stm32f0xx_it.o
    0x20000008   0x08001980   0x0000000c   Data   RW          136    .data               stm32f0_discovery.o
    0x20000014   0x0800198c   0x00000010   Data   RW          203    .data               stm32f0xx_rcc.o
    0x20000024   0x0800199c   0x00000014   Data   RW          293    .data               system_stm32f0xx.o
    0x20000038        -       0x00000400   Zero   RW          284    STACK               startup_stm32f0xx.o


==============================================================================

Image component sizes


      Code (inc. data)   RO Data    RW Data    ZI Data      Debug   Object Name

       408         24          0          2          0     138494   main6.o
        28          8        192          0       1024        612   startup_stm32f0xx.o
       284         10         28         12          0       2891   stm32f0_discovery.o
       212         14          0          0          0       2455   stm32f0xx_exti.o
       348         22          0          0          0       3961   stm32f0xx_gpio.o
       112         14          0          4          0       1119   stm32f0xx_it.o
       124         16          0          0          0       1496   stm32f0xx_misc.o
      1036         38          0         16          0       8906   stm32f0xx_rcc.o
       756         42          0          0          0       8071   stm32f0xx_spi.o
       152          4          0          0          0       2070   stm32f0xx_syscfg.o
      2332        122          0          0          0      22659   stm32f0xx_tim.o
       344         28          0         20          0       1739   system_stm32f0xx.o

    ----------------------------------------------------------------------
      6136        342        252         56       1024     194473   Object Totals
         0          0         32          0          0          0   (incl. Generated)
         0          0          0          2          0          0   (incl. Padding)

    ----------------------------------------------------------------------

      Code (inc. data)   RO Data    RW Data    ZI Data      Debug   Library Member Name

         0          0          0          0          0          0   entry.o
         0          0          0          0          0          0   entry10a.o
         0          0          0          0          0          0   entry11a.o
         8          4          0          0          0          0   entry2.o
         4          0          0          0          0          0   entry5.o
         0          0          0          0          0          0   entry7b.o
         0          0          0          0          0          0   entry8b.o
         8          4          0          0          0          0   entry9a.o
        30          0          0          0          0          0   handlers.o
        36          8          0          0          0         68   init.o
        44          0          0          0          0         72   uidiv.o

    ----------------------------------------------------------------------
       132         16          0          0          0        140   Library Totals
         2          0          0          0          0          0   (incl. Padding)

    ----------------------------------------------------------------------

      Code (inc. data)   RO Data    RW Data    ZI Data      Debug   Library Name

       130         16          0          0          0        140   mc_p.l

    ----------------------------------------------------------------------
       132         16          0          0          0        140   Library Totals

    ----------------------------------------------------------------------

==============================================================================


      Code (inc. data)   RO Data    RW Data    ZI Data      Debug   

      6268        358        252         56       1024     193445   Grand Totals
      6268        358        252         56       1024     193445   ELF Image Totals
      6268        358        252         56          0          0   ROM Totals

==============================================================================

    Total RO  Size (Code + RO Data)                 6520 (   6.37kB)
    Total RW  Size (RW Data + ZI Data)              1080 (   1.05kB)
    Total ROM Size (Code + RO Data + RW Data)       6576 (   6.42kB)

==============================================================================

