<html>
<body>
<pre>
<h1>µVision Build Log</h1>
<h2>Tool Versions:</h2>
IDE-Version: µVision V5.31.0.0
Copyright (C) 2020 ARM Ltd and ARM Germany GmbH. All rights reserved.
License Information: Paul VvZ, Windesheim, LIC=G6F5U-SADFR-SPMGB-FFGFW-14VUR-YFSX4
 
Tool Versions:
Toolchain:       MDK-ARM Cortex-M0/M0+ for ST  Version: 5.31.0.0
Toolchain Path:  C:\Keil_v5\ARM\ARMCC\Bin
C Compiler:      Armcc.exe V5.06 update 6 (build 750)
Assembler:       Armasm.exe V5.06 update 6 (build 750)
Linker/Locator:  ArmLink.exe V5.06 update 6 (build 750)
Library Manager: ArmAr.exe V5.06 update 6 (build 750)
Hex Converter:   FromElf.exe V5.06 update 6 (build 750)
CPU DLL:         SARMCM3.DLL V5.31.0.0
Dialog DLL:      DARMCM1.DLL V1.19.3.0
Target DLL:      STLink\ST-LINKIII-KEIL_SWO.dll V3.0.7.0
Dialog DLL:      TARMCM1.DLL V1.14.2.0
 
<h2>Project:</h2>
C:\Users\p86541741\Desktop\STM32F05x - workshop 4\stm32f0discovery projects\projects\workshop4\workshop4.uvprojx
Project File Date:  02/18/2021

<h2>Output:</h2>
*** Using Compiler 'V5.06 update 6 (build 750)', folder: 'C:\Keil_v5\ARM\ARMCC\Bin'
Rebuild target 'FixedPoint'
compiling main.c...
compiling usart.c...
compiling stm32f0xx_it.c...
compiling stm32f0xx_exti.c...
compiling stm32f0xx_misc.c...
compiling stm32f0_discovery.c...
compiling stm32f0xx_gpio.c...
assembling startup_stm32f0xx.s...
compiling stm32f0xx_rcc.c...
compiling stm32f0xx_syscfg.c...
compiling system_stm32f0xx.c...
linking...
Program Size: Code=5616 RO-data=404 RW-data=312 ZI-data=1056  
FromELF: creating hex file...
".\obj\lesson3.axf" - 0 Error(s), 0 Warning(s).

<h2>Software Packages used:</h2>

Package Vendor: Keil
                http://www.keil.com/pack/Keil.STM32F0xx_DFP.2.1.0.pack
                Keil.STM32F0xx_DFP.2.1.0
                STMicroelectronics STM32F0 Series Device Support, Drivers and Examples

<h2>Collection of Component include folders:</h2>
  C:\Users\localadmin\AppData\Local\Arm\Packs\Keil\STM32F0xx_DFP\2.1.0\Drivers\CMSIS\Device\ST\STM32F0xx\Include

<h2>Collection of Component Files used:</h2>
Build Time Elapsed:  00:00:01
</pre>
</body>
</html>
