Component: ARM Compiler 5.06 update 6 (build 750) Tool: armlink [4d35ed]

==============================================================================

Section Cross References

    stm32f0xx_it.o(.text) refers to stm32f0xx_tim.o(.text) for TIM_GetITStatus
    stm32f0xx_it.o(.text) refers to stm32f0_discovery.o(.text) for STM_EVAL_LEDToggle
    stm32f0xx_it.o(.text) refers to stm32f0xx_it.o(.data) for .data
    graphics.o(.text) refers to stm32f0xx_spi.o(.text) for SPI_I2S_SendData16
    graphics.o(.text) refers to uidiv.o(.text) for __aeabi_uidivmod
    graphics.o(.text) refers to main.o(.text) for delay
    graphics.o(.text) refers to system_stm32f0xx.o(.data) for SystemCoreClock
    graphics.o(.text) refers to graphics.o(.data) for .data
    graphics.o(.text) refers to graphics.o(.constdata) for .constdata
    main.o(.text) refers to stm32f0xx_spi.o(.text) for SPI_StructInit
    main.o(.text) refers to stm32f0xx_rcc.o(.text) for RCC_APB2PeriphClockCmd
    main.o(.text) refers to stm32f0xx_gpio.o(.text) for GPIO_StructInit
    main.o(.text) refers to graphics.o(.text) for initMatrix
    main.o(.text) refers to uidiv.o(.text) for __aeabi_uidivmod
    main.o(.text) refers to system_stm32f0xx.o(.data) for SystemCoreClock
    stm32f0_discovery.o(.text) refers to stm32f0xx_rcc.o(.text) for RCC_AHBPeriphClockCmd
    stm32f0_discovery.o(.text) refers to stm32f0xx_gpio.o(.text) for GPIO_Init
    stm32f0_discovery.o(.text) refers to stm32f0xx_syscfg.o(.text) for SYSCFG_EXTILineConfig
    stm32f0_discovery.o(.text) refers to stm32f0xx_exti.o(.text) for EXTI_Init
    stm32f0_discovery.o(.text) refers to stm32f0xx_misc.o(.text) for NVIC_Init
    stm32f0_discovery.o(.text) refers to stm32f0_discovery.o(.constdata) for .constdata
    stm32f0_discovery.o(.text) refers to stm32f0_discovery.o(.data) for .data
    stm32f0xx_gpio.o(.text) refers to stm32f0xx_rcc.o(.text) for RCC_AHBPeriphResetCmd
    stm32f0xx_rcc.o(.text) refers to uidiv.o(.text) for __aeabi_uidivmod
    stm32f0xx_rcc.o(.text) refers to stm32f0xx_rcc.o(.data) for .data
    stm32f0xx_tim.o(.text) refers to stm32f0xx_rcc.o(.text) for RCC_APB1PeriphResetCmd
    stm32f0xx_usart.o(.text) refers to stm32f0xx_rcc.o(.text) for RCC_APB2PeriphResetCmd
    stm32f0xx_usart.o(.text) refers to uidiv.o(.text) for __aeabi_uidivmod
    stm32f0xx_spi.o(.text) refers to stm32f0xx_rcc.o(.text) for RCC_APB2PeriphResetCmd
    stm32f0xx_spi.o(.text) refers to uidiv.o(.text) for __aeabi_uidivmod
    startup_stm32f0xx.o(RESET) refers to startup_stm32f0xx.o(STACK) for __initial_sp
    startup_stm32f0xx.o(RESET) refers to startup_stm32f0xx.o(.text) for Reset_Handler
    startup_stm32f0xx.o(RESET) refers to stm32f0xx_it.o(.text) for NMI_Handler
    startup_stm32f0xx.o(.text) refers to system_stm32f0xx.o(.text) for SystemInit
    startup_stm32f0xx.o(.text) refers to entry.o(.ARM.Collect$$$$00000000) for __main
    system_stm32f0xx.o(.text) refers to uidiv.o(.text) for __aeabi_uidivmod
    system_stm32f0xx.o(.text) refers to system_stm32f0xx.o(.data) for .data
    entry.o(.ARM.Collect$$$$00000000) refers (Special) to entry10a.o(.ARM.Collect$$$$0000000D) for __rt_final_cpp
    entry.o(.ARM.Collect$$$$00000000) refers (Special) to entry11a.o(.ARM.Collect$$$$0000000F) for __rt_final_exit
    entry.o(.ARM.Collect$$$$00000000) refers (Special) to entry7b.o(.ARM.Collect$$$$00000008) for _main_clock
    entry.o(.ARM.Collect$$$$00000000) refers (Special) to entry8b.o(.ARM.Collect$$$$0000000A) for _main_cpp_init
    entry.o(.ARM.Collect$$$$00000000) refers (Special) to entry9a.o(.ARM.Collect$$$$0000000B) for _main_init
    entry.o(.ARM.Collect$$$$00000000) refers (Special) to entry5.o(.ARM.Collect$$$$00000004) for _main_scatterload
    entry.o(.ARM.Collect$$$$00000000) refers (Special) to entry2.o(.ARM.Collect$$$$00000001) for _main_stk
    entry2.o(.ARM.Collect$$$$00000001) refers to entry2.o(.ARM.Collect$$$$00002712) for __lit__00000000
    entry2.o(.ARM.Collect$$$$00002712) refers to startup_stm32f0xx.o(STACK) for __initial_sp
    entry2.o(__vectab_stack_and_reset_area) refers to startup_stm32f0xx.o(STACK) for __initial_sp
    entry2.o(__vectab_stack_and_reset_area) refers to entry.o(.ARM.Collect$$$$00000000) for __main
    entry5.o(.ARM.Collect$$$$00000004) refers to init.o(.text) for __scatterload
    entry9a.o(.ARM.Collect$$$$0000000B) refers to main.o(.text) for main
    entry9b.o(.ARM.Collect$$$$0000000C) refers to main.o(.text) for main
    init.o(.text) refers to entry5.o(.ARM.Collect$$$$00000004) for __main_after_scatterload


==============================================================================

Removing Unused input sections from the image.

    Removing stm32f0xx_it.o(.emb_text), (8 bytes).
    Removing graphics.o(.emb_text), (8 bytes).
    Removing main.o(.emb_text), (8 bytes).
    Removing stm32f0_discovery.o(.emb_text), (8 bytes).
    Removing stm32f0xx_exti.o(.emb_text), (8 bytes).
    Removing stm32f0xx_gpio.o(.emb_text), (8 bytes).
    Removing stm32f0xx_misc.o(.emb_text), (8 bytes).
    Removing stm32f0xx_rcc.o(.emb_text), (8 bytes).
    Removing stm32f0xx_syscfg.o(.emb_text), (8 bytes).
    Removing stm32f0xx_tim.o(.emb_text), (8 bytes).
    Removing stm32f0xx_usart.o(.emb_text), (8 bytes).
    Removing stm32f0xx_usart.o(.text), (1122 bytes).
    Removing stm32f0xx_spi.o(.emb_text), (8 bytes).
    Removing startup_stm32f0xx.o(HEAP), (512 bytes).
    Removing system_stm32f0xx.o(.emb_text), (8 bytes).

15 unused section(s) (total 1738 bytes) removed from the image.

==============================================================================

Image Symbol Table

    Local Symbols

    Symbol Name                              Value     Ov Type        Size  Object(Section)

    ../clib/microlib/division.c              0x00000000   Number         0  uidiv.o ABSOLUTE
    ../clib/microlib/init/entry.s            0x00000000   Number         0  entry.o ABSOLUTE
    ../clib/microlib/init/entry.s            0x00000000   Number         0  entry8b.o ABSOLUTE
    ../clib/microlib/init/entry.s            0x00000000   Number         0  entry11b.o ABSOLUTE
    ../clib/microlib/init/entry.s            0x00000000   Number         0  entry9a.o ABSOLUTE
    ../clib/microlib/init/entry.s            0x00000000   Number         0  entry11a.o ABSOLUTE
    ../clib/microlib/init/entry.s            0x00000000   Number         0  entry10b.o ABSOLUTE
    ../clib/microlib/init/entry.s            0x00000000   Number         0  entry10a.o ABSOLUTE
    ../clib/microlib/init/entry.s            0x00000000   Number         0  entry9b.o ABSOLUTE
    ../clib/microlib/init/entry.s            0x00000000   Number         0  entry8a.o ABSOLUTE
    ../clib/microlib/init/entry.s            0x00000000   Number         0  entry7b.o ABSOLUTE
    ../clib/microlib/init/entry.s            0x00000000   Number         0  entry7a.o ABSOLUTE
    ../clib/microlib/init/entry.s            0x00000000   Number         0  entry5.o ABSOLUTE
    ../clib/microlib/init/entry.s            0x00000000   Number         0  entry2.o ABSOLUTE
    ..\..\libraries\STM32F0xx_StdPeriph_Driver\src\stm32f0xx_exti.c 0x00000000   Number         0  stm32f0xx_exti.o ABSOLUTE
    ..\..\libraries\STM32F0xx_StdPeriph_Driver\src\stm32f0xx_gpio.c 0x00000000   Number         0  stm32f0xx_gpio.o ABSOLUTE
    ..\..\libraries\STM32F0xx_StdPeriph_Driver\src\stm32f0xx_misc.c 0x00000000   Number         0  stm32f0xx_misc.o ABSOLUTE
    ..\..\libraries\STM32F0xx_StdPeriph_Driver\src\stm32f0xx_rcc.c 0x00000000   Number         0  stm32f0xx_rcc.o ABSOLUTE
    ..\..\libraries\STM32F0xx_StdPeriph_Driver\src\stm32f0xx_spi.c 0x00000000   Number         0  stm32f0xx_spi.o ABSOLUTE
    ..\..\libraries\STM32F0xx_StdPeriph_Driver\src\stm32f0xx_syscfg.c 0x00000000   Number         0  stm32f0xx_syscfg.o ABSOLUTE
    ..\..\libraries\STM32F0xx_StdPeriph_Driver\src\stm32f0xx_tim.c 0x00000000   Number         0  stm32f0xx_tim.o ABSOLUTE
    ..\..\libraries\STM32F0xx_StdPeriph_Driver\src\stm32f0xx_usart.c 0x00000000   Number         0  stm32f0xx_usart.o ABSOLUTE
    ..\..\utilities\STM32F0-Discovery\stm32f0_discovery.c 0x00000000   Number         0  stm32f0_discovery.o ABSOLUTE
    ..\\..\\libraries\\STM32F0xx_StdPeriph_Driver\\src\\stm32f0xx_exti.c 0x00000000   Number         0  stm32f0xx_exti.o ABSOLUTE
    ..\\..\\libraries\\STM32F0xx_StdPeriph_Driver\\src\\stm32f0xx_gpio.c 0x00000000   Number         0  stm32f0xx_gpio.o ABSOLUTE
    ..\\..\\libraries\\STM32F0xx_StdPeriph_Driver\\src\\stm32f0xx_misc.c 0x00000000   Number         0  stm32f0xx_misc.o ABSOLUTE
    ..\\..\\libraries\\STM32F0xx_StdPeriph_Driver\\src\\stm32f0xx_rcc.c 0x00000000   Number         0  stm32f0xx_rcc.o ABSOLUTE
    ..\\..\\libraries\\STM32F0xx_StdPeriph_Driver\\src\\stm32f0xx_spi.c 0x00000000   Number         0  stm32f0xx_spi.o ABSOLUTE
    ..\\..\\libraries\\STM32F0xx_StdPeriph_Driver\\src\\stm32f0xx_syscfg.c 0x00000000   Number         0  stm32f0xx_syscfg.o ABSOLUTE
    ..\\..\\libraries\\STM32F0xx_StdPeriph_Driver\\src\\stm32f0xx_tim.c 0x00000000   Number         0  stm32f0xx_tim.o ABSOLUTE
    ..\\..\\libraries\\STM32F0xx_StdPeriph_Driver\\src\\stm32f0xx_usart.c 0x00000000   Number         0  stm32f0xx_usart.o ABSOLUTE
    ..\\..\\utilities\\STM32F0-Discovery\\stm32f0_discovery.c 0x00000000   Number         0  stm32f0_discovery.o ABSOLUTE
    dc.s                                     0x00000000   Number         0  dc.o ABSOLUTE
    graphics.c                               0x00000000   Number         0  graphics.o ABSOLUTE
    graphics.c                               0x00000000   Number         0  graphics.o ABSOLUTE
    handlers.s                               0x00000000   Number         0  handlers.o ABSOLUTE
    init.s                                   0x00000000   Number         0  init.o ABSOLUTE
    main.c                                   0x00000000   Number         0  main.o ABSOLUTE
    main.c                                   0x00000000   Number         0  main.o ABSOLUTE
    src\\stm32f0xx_it.c                      0x00000000   Number         0  stm32f0xx_it.o ABSOLUTE
    src\stm32f0xx_it.c                       0x00000000   Number         0  stm32f0xx_it.o ABSOLUTE
    startup\\system_stm32f0xx.c              0x00000000   Number         0  system_stm32f0xx.o ABSOLUTE
    startup\startup_stm32f0xx.s              0x00000000   Number         0  startup_stm32f0xx.o ABSOLUTE
    startup\system_stm32f0xx.c               0x00000000   Number         0  system_stm32f0xx.o ABSOLUTE
    RESET                                    0x08000000   Section      192  startup_stm32f0xx.o(RESET)
    .ARM.Collect$$$$00000000                 0x080000c0   Section        0  entry.o(.ARM.Collect$$$$00000000)
    .ARM.Collect$$$$00000001                 0x080000c0   Section        4  entry2.o(.ARM.Collect$$$$00000001)
    .ARM.Collect$$$$00000004                 0x080000c4   Section        4  entry5.o(.ARM.Collect$$$$00000004)
    .ARM.Collect$$$$00000008                 0x080000c8   Section        0  entry7b.o(.ARM.Collect$$$$00000008)
    .ARM.Collect$$$$0000000A                 0x080000c8   Section        0  entry8b.o(.ARM.Collect$$$$0000000A)
    .ARM.Collect$$$$0000000B                 0x080000c8   Section        8  entry9a.o(.ARM.Collect$$$$0000000B)
    .ARM.Collect$$$$0000000D                 0x080000d0   Section        0  entry10a.o(.ARM.Collect$$$$0000000D)
    .ARM.Collect$$$$0000000F                 0x080000d0   Section        0  entry11a.o(.ARM.Collect$$$$0000000F)
    .ARM.Collect$$$$00002712                 0x080000d0   Section        4  entry2.o(.ARM.Collect$$$$00002712)
    __lit__00000000                          0x080000d0   Data           4  entry2.o(.ARM.Collect$$$$00002712)
    .text                                    0x080000d4   Section        0  stm32f0xx_it.o(.text)
    .text                                    0x08000144   Section        0  graphics.o(.text)
    .text                                    0x08000294   Section        0  main.o(.text)
    .text                                    0x08000524   Section        0  stm32f0_discovery.o(.text)
    .text                                    0x08000640   Section        0  stm32f0xx_exti.o(.text)
    .text                                    0x08000714   Section        0  stm32f0xx_gpio.o(.text)
    .text                                    0x08000870   Section        0  stm32f0xx_misc.o(.text)
    .text                                    0x080008ec   Section        0  stm32f0xx_rcc.o(.text)
    .text                                    0x08000cf8   Section        0  stm32f0xx_syscfg.o(.text)
    .text                                    0x08000d90   Section        0  stm32f0xx_tim.o(.text)
    TI2_Config                               0x08001375   Thumb Code    42  stm32f0xx_tim.o(.text)
    TI1_Config                               0x080013af   Thumb Code    40  stm32f0xx_tim.o(.text)
    .text                                    0x080016ac   Section        0  stm32f0xx_spi.o(.text)
    .text                                    0x080019a0   Section       28  startup_stm32f0xx.o(.text)
    .text                                    0x080019bc   Section        0  system_stm32f0xx.o(.text)
    SetSysClock                              0x08001a6b   Thumb Code   142  system_stm32f0xx.o(.text)
    .text                                    0x08001b14   Section        0  uidiv.o(.text)
    .text                                    0x08001b40   Section       36  init.o(.text)
    i.__scatterload_copy                     0x08001b64   Section       14  handlers.o(i.__scatterload_copy)
    i.__scatterload_null                     0x08001b72   Section        2  handlers.o(i.__scatterload_null)
    i.__scatterload_zeroinit                 0x08001b74   Section       14  handlers.o(i.__scatterload_zeroinit)
    .constdata                               0x08001b82   Section      728  graphics.o(.constdata)
    .constdata                               0x08001e5c   Section       28  stm32f0_discovery.o(.constdata)
    .data                                    0x20000000   Section        4  stm32f0xx_it.o(.data)
    ticks                                    0x20000000   Data           4  stm32f0xx_it.o(.data)
    .data                                    0x20000004   Section        8  graphics.o(.data)
    .data                                    0x2000000c   Section       12  stm32f0_discovery.o(.data)
    .data                                    0x20000018   Section       16  stm32f0xx_rcc.o(.data)
    APBAHBPrescTable                         0x20000018   Data          16  stm32f0xx_rcc.o(.data)
    .data                                    0x20000028   Section       20  system_stm32f0xx.o(.data)
    STACK                                    0x20000040   Section     1024  startup_stm32f0xx.o(STACK)

    Global Symbols

    Symbol Name                              Value     Ov Type        Size  Object(Section)

    BuildAttributes$$THM_ISAv3M$S$PE$A:L22$X:L11$S22$IEEE1$IW$USESV6$~STKCKD$USESV7$~SHL$OSPACE$EBA8$MICROLIB$REQ8$PRES8$EABIv2 0x00000000   Number         0  anon$$obj.o ABSOLUTE
    __ARM_use_no_argv                        0x00000000   Number         0  main.o ABSOLUTE
    __cpp_initialize__aeabi_                  - Undefined Weak Reference
    __cxa_finalize                            - Undefined Weak Reference
    __decompress                              - Undefined Weak Reference
    _clock_init                               - Undefined Weak Reference
    _microlib_exit                            - Undefined Weak Reference
    __Vectors_Size                           0x000000c0   Number         0  startup_stm32f0xx.o ABSOLUTE
    __Vectors                                0x08000000   Data           4  startup_stm32f0xx.o(RESET)
    __Vectors_End                            0x080000c0   Data           0  startup_stm32f0xx.o(RESET)
    __main                                   0x080000c1   Thumb Code     0  entry.o(.ARM.Collect$$$$00000000)
    _main_stk                                0x080000c1   Thumb Code     0  entry2.o(.ARM.Collect$$$$00000001)
    _main_scatterload                        0x080000c5   Thumb Code     0  entry5.o(.ARM.Collect$$$$00000004)
    __main_after_scatterload                 0x080000c9   Thumb Code     0  entry5.o(.ARM.Collect$$$$00000004)
    _main_clock                              0x080000c9   Thumb Code     0  entry7b.o(.ARM.Collect$$$$00000008)
    _main_cpp_init                           0x080000c9   Thumb Code     0  entry8b.o(.ARM.Collect$$$$0000000A)
    _main_init                               0x080000c9   Thumb Code     0  entry9a.o(.ARM.Collect$$$$0000000B)
    __rt_final_cpp                           0x080000d1   Thumb Code     0  entry10a.o(.ARM.Collect$$$$0000000D)
    __rt_final_exit                          0x080000d1   Thumb Code     0  entry11a.o(.ARM.Collect$$$$0000000F)
    NMI_Handler                              0x080000d5   Thumb Code     2  stm32f0xx_it.o(.text)
    HardFault_Handler                        0x080000d7   Thumb Code     2  stm32f0xx_it.o(.text)
    SVC_Handler                              0x080000d9   Thumb Code     2  stm32f0xx_it.o(.text)
    PendSV_Handler                           0x080000db   Thumb Code     2  stm32f0xx_it.o(.text)
    SysTick_Handler                          0x080000dd   Thumb Code    58  stm32f0xx_it.o(.text)
    TIM3_IRQHandler                          0x08000117   Thumb Code    32  stm32f0xx_it.o(.text)
    writeRegister                            0x08000145   Thumb Code    30  graphics.o(.text)
    initMatrix                               0x08000163   Thumb Code    44  graphics.o(.text)
    update                                   0x0800018f   Thumb Code    24  graphics.o(.text)
    clear                                    0x080001a7   Thumb Code    16  graphics.o(.text)
    flash                                    0x080001b7   Thumb Code    74  graphics.o(.text)
    setLetter                                0x08000201   Thumb Code    28  graphics.o(.text)
    setBall                                  0x0800021d   Thumb Code    26  graphics.o(.text)
    shiftLeft                                0x08000237   Thumb Code    18  graphics.o(.text)
    shiftRight                               0x08000249   Thumb Code    18  graphics.o(.text)
    shiftUp                                  0x0800025b   Thumb Code    18  graphics.o(.text)
    shiftDown                                0x0800026d   Thumb Code    18  graphics.o(.text)
    delay                                    0x08000295   Thumb Code    14  main.o(.text)
    initSpi                                  0x080002a3   Thumb Code   102  main.o(.text)
    initGpio                                 0x08000309   Thumb Code    60  main.o(.text)
    main                                     0x08000345   Thumb Code   472  main.o(.text)
    STM_EVAL_LEDInit                         0x08000525   Thumb Code    52  stm32f0_discovery.o(.text)
    STM_EVAL_LEDOn                           0x08000559   Thumb Code    18  stm32f0_discovery.o(.text)
    STM_EVAL_LEDOff                          0x0800056b   Thumb Code    18  stm32f0_discovery.o(.text)
    STM_EVAL_LEDToggle                       0x0800057d   Thumb Code    22  stm32f0_discovery.o(.text)
    STM_EVAL_PBInit                          0x08000593   Thumb Code   140  stm32f0_discovery.o(.text)
    STM_EVAL_PBGetState                      0x0800061f   Thumb Code    24  stm32f0_discovery.o(.text)
    EXTI_DeInit                              0x08000641   Thumb Code    20  stm32f0xx_exti.o(.text)
    EXTI_Init                                0x08000655   Thumb Code   102  stm32f0xx_exti.o(.text)
    EXTI_StructInit                          0x080006bb   Thumb Code    14  stm32f0xx_exti.o(.text)
    EXTI_GenerateSWInterrupt                 0x080006c9   Thumb Code    10  stm32f0xx_exti.o(.text)
    EXTI_GetFlagStatus                       0x080006d3   Thumb Code    16  stm32f0xx_exti.o(.text)
    EXTI_ClearFlag                           0x080006e3   Thumb Code     6  stm32f0xx_exti.o(.text)
    EXTI_GetITStatus                         0x080006e9   Thumb Code    24  stm32f0xx_exti.o(.text)
    EXTI_ClearITPendingBit                   0x08000701   Thumb Code     6  stm32f0xx_exti.o(.text)
    GPIO_DeInit                              0x08000715   Thumb Code    78  stm32f0xx_gpio.o(.text)
    GPIO_Init                                0x08000763   Thumb Code   112  stm32f0xx_gpio.o(.text)
    GPIO_StructInit                          0x080007d3   Thumb Code    18  stm32f0xx_gpio.o(.text)
    GPIO_PinLockConfig                       0x080007e5   Thumb Code    26  stm32f0xx_gpio.o(.text)
    GPIO_ReadInputDataBit                    0x080007ff   Thumb Code    14  stm32f0xx_gpio.o(.text)
    GPIO_ReadInputData                       0x0800080d   Thumb Code     4  stm32f0xx_gpio.o(.text)
    GPIO_ReadOutputDataBit                   0x08000811   Thumb Code    14  stm32f0xx_gpio.o(.text)
    GPIO_ReadOutputData                      0x0800081f   Thumb Code     4  stm32f0xx_gpio.o(.text)
    GPIO_SetBits                             0x08000823   Thumb Code     4  stm32f0xx_gpio.o(.text)
    GPIO_ResetBits                           0x08000827   Thumb Code     4  stm32f0xx_gpio.o(.text)
    GPIO_WriteBit                            0x0800082b   Thumb Code    12  stm32f0xx_gpio.o(.text)
    GPIO_Write                               0x08000837   Thumb Code     4  stm32f0xx_gpio.o(.text)
    GPIO_PinAFConfig                         0x0800083b   Thumb Code    32  stm32f0xx_gpio.o(.text)
    NVIC_Init                                0x08000871   Thumb Code    70  stm32f0xx_misc.o(.text)
    NVIC_SystemLPConfig                      0x080008b7   Thumb Code    18  stm32f0xx_misc.o(.text)
    SysTick_CLKSourceConfig                  0x080008c9   Thumb Code    20  stm32f0xx_misc.o(.text)
    RCC_DeInit                               0x080008ed   Thumb Code    78  stm32f0xx_rcc.o(.text)
    RCC_HSEConfig                            0x0800093b   Thumb Code    10  stm32f0xx_rcc.o(.text)
    RCC_GetFlagStatus                        0x08000945   Thumb Code    48  stm32f0xx_rcc.o(.text)
    RCC_WaitForHSEStartUp                    0x08000975   Thumb Code    44  stm32f0xx_rcc.o(.text)
    RCC_AdjustHSICalibrationValue            0x080009a1   Thumb Code    16  stm32f0xx_rcc.o(.text)
    RCC_HSICmd                               0x080009b1   Thumb Code    22  stm32f0xx_rcc.o(.text)
    RCC_AdjustHSI14CalibrationValue          0x080009c7   Thumb Code    16  stm32f0xx_rcc.o(.text)
    RCC_HSI14Cmd                             0x080009d7   Thumb Code    22  stm32f0xx_rcc.o(.text)
    RCC_HSI14ADCRequestCmd                   0x080009ed   Thumb Code    20  stm32f0xx_rcc.o(.text)
    RCC_LSEConfig                            0x08000a01   Thumb Code    26  stm32f0xx_rcc.o(.text)
    RCC_LSEDriveConfig                       0x08000a1b   Thumb Code    18  stm32f0xx_rcc.o(.text)
    RCC_LSICmd                               0x08000a2d   Thumb Code    22  stm32f0xx_rcc.o(.text)
    RCC_PLLConfig                            0x08000a43   Thumb Code    24  stm32f0xx_rcc.o(.text)
    RCC_PLLCmd                               0x08000a5b   Thumb Code    22  stm32f0xx_rcc.o(.text)
    RCC_PREDIV1Config                        0x08000a71   Thumb Code    14  stm32f0xx_rcc.o(.text)
    RCC_ClockSecuritySystemCmd               0x08000a7f   Thumb Code    22  stm32f0xx_rcc.o(.text)
    RCC_MCOConfig                            0x08000a95   Thumb Code     6  stm32f0xx_rcc.o(.text)
    RCC_SYSCLKConfig                         0x08000a9b   Thumb Code    14  stm32f0xx_rcc.o(.text)
    RCC_GetSYSCLKSource                      0x08000aa9   Thumb Code    10  stm32f0xx_rcc.o(.text)
    RCC_HCLKConfig                           0x08000ab3   Thumb Code    14  stm32f0xx_rcc.o(.text)
    RCC_PCLKConfig                           0x08000ac1   Thumb Code    16  stm32f0xx_rcc.o(.text)
    RCC_ADCCLKConfig                         0x08000ad1   Thumb Code    38  stm32f0xx_rcc.o(.text)
    RCC_CECCLKConfig                         0x08000af7   Thumb Code    18  stm32f0xx_rcc.o(.text)
    RCC_I2CCLKConfig                         0x08000b09   Thumb Code    18  stm32f0xx_rcc.o(.text)
    RCC_USARTCLKConfig                       0x08000b1b   Thumb Code    18  stm32f0xx_rcc.o(.text)
    RCC_GetClocksFreq                        0x08000b2d   Thumb Code   208  stm32f0xx_rcc.o(.text)
    RCC_RTCCLKConfig                         0x08000bfd   Thumb Code    10  stm32f0xx_rcc.o(.text)
    RCC_RTCCLKCmd                            0x08000c07   Thumb Code    20  stm32f0xx_rcc.o(.text)
    RCC_BackupResetCmd                       0x08000c1b   Thumb Code    22  stm32f0xx_rcc.o(.text)
    RCC_AHBPeriphClockCmd                    0x08000c31   Thumb Code    18  stm32f0xx_rcc.o(.text)
    RCC_APB2PeriphClockCmd                   0x08000c43   Thumb Code    18  stm32f0xx_rcc.o(.text)
    RCC_APB1PeriphClockCmd                   0x08000c55   Thumb Code    18  stm32f0xx_rcc.o(.text)
    RCC_AHBPeriphResetCmd                    0x08000c67   Thumb Code    18  stm32f0xx_rcc.o(.text)
    RCC_APB2PeriphResetCmd                   0x08000c79   Thumb Code    18  stm32f0xx_rcc.o(.text)
    RCC_APB1PeriphResetCmd                   0x08000c8b   Thumb Code    18  stm32f0xx_rcc.o(.text)
    RCC_ITConfig                             0x08000c9d   Thumb Code    18  stm32f0xx_rcc.o(.text)
    RCC_ClearFlag                            0x08000caf   Thumb Code    14  stm32f0xx_rcc.o(.text)
    RCC_GetITStatus                          0x08000cbd   Thumb Code    48  stm32f0xx_rcc.o(.text)
    RCC_ClearITPendingBit                    0x08000ced   Thumb Code     6  stm32f0xx_rcc.o(.text)
    SYSCFG_DeInit                            0x08000cf9   Thumb Code    30  stm32f0xx_syscfg.o(.text)
    SYSCFG_MemoryRemapConfig                 0x08000d17   Thumb Code    14  stm32f0xx_syscfg.o(.text)
    SYSCFG_DMAChannelRemapConfig             0x08000d25   Thumb Code    18  stm32f0xx_syscfg.o(.text)
    SYSCFG_I2CFastModePlusConfig             0x08000d37   Thumb Code    18  stm32f0xx_syscfg.o(.text)
    SYSCFG_EXTILineConfig                    0x08000d49   Thumb Code    34  stm32f0xx_syscfg.o(.text)
    SYSCFG_BreakConfig                       0x08000d6b   Thumb Code    10  stm32f0xx_syscfg.o(.text)
    SYSCFG_GetFlagStatus                     0x08000d75   Thumb Code    14  stm32f0xx_syscfg.o(.text)
    SYSCFG_ClearFlag                         0x08000d83   Thumb Code    10  stm32f0xx_syscfg.o(.text)
    TIM_DeInit                               0x08000d91   Thumb Code   152  stm32f0xx_tim.o(.text)
    TIM_TimeBaseInit                         0x08000e29   Thumb Code    88  stm32f0xx_tim.o(.text)
    TIM_TimeBaseStructInit                   0x08000e81   Thumb Code    18  stm32f0xx_tim.o(.text)
    TIM_PrescalerConfig                      0x08000e93   Thumb Code     6  stm32f0xx_tim.o(.text)
    TIM_CounterModeConfig                    0x08000e99   Thumb Code    12  stm32f0xx_tim.o(.text)
    TIM_SetCounter                           0x08000ea5   Thumb Code     4  stm32f0xx_tim.o(.text)
    TIM_SetAutoreload                        0x08000ea9   Thumb Code     4  stm32f0xx_tim.o(.text)
    TIM_GetCounter                           0x08000ead   Thumb Code     4  stm32f0xx_tim.o(.text)
    TIM_GetPrescaler                         0x08000eb1   Thumb Code     4  stm32f0xx_tim.o(.text)
    TIM_UpdateDisableConfig                  0x08000eb5   Thumb Code    18  stm32f0xx_tim.o(.text)
    TIM_UpdateRequestConfig                  0x08000ec7   Thumb Code    18  stm32f0xx_tim.o(.text)
    TIM_ARRPreloadConfig                     0x08000ed9   Thumb Code    18  stm32f0xx_tim.o(.text)
    TIM_SelectOnePulseMode                   0x08000eeb   Thumb Code    16  stm32f0xx_tim.o(.text)
    TIM_SetClockDivision                     0x08000efb   Thumb Code    16  stm32f0xx_tim.o(.text)
    TIM_Cmd                                  0x08000f0b   Thumb Code    20  stm32f0xx_tim.o(.text)
    TIM_BDTRConfig                           0x08000f1f   Thumb Code    34  stm32f0xx_tim.o(.text)
    TIM_BDTRStructInit                       0x08000f41   Thumb Code    18  stm32f0xx_tim.o(.text)
    TIM_CtrlPWMOutputs                       0x08000f53   Thumb Code    24  stm32f0xx_tim.o(.text)
    TIM_OC1Init                              0x08000f6b   Thumb Code   104  stm32f0xx_tim.o(.text)
    TIM_OC2Init                              0x08000fd3   Thumb Code   110  stm32f0xx_tim.o(.text)
    TIM_OC3Init                              0x08001041   Thumb Code   110  stm32f0xx_tim.o(.text)
    TIM_OC4Init                              0x080010af   Thumb Code    78  stm32f0xx_tim.o(.text)
    TIM_OCStructInit                         0x080010fd   Thumb Code    20  stm32f0xx_tim.o(.text)
    TIM_SelectOCxM                           0x08001111   Thumb Code    70  stm32f0xx_tim.o(.text)
    TIM_SetCompare1                          0x08001157   Thumb Code     4  stm32f0xx_tim.o(.text)
    TIM_SetCompare2                          0x0800115b   Thumb Code     4  stm32f0xx_tim.o(.text)
    TIM_SetCompare3                          0x0800115f   Thumb Code     4  stm32f0xx_tim.o(.text)
    TIM_SetCompare4                          0x08001163   Thumb Code     4  stm32f0xx_tim.o(.text)
    TIM_ForcedOC1Config                      0x08001167   Thumb Code    86  stm32f0xx_tim.o(.text)
    TIM_ForcedOC2Config                      0x080011bd   Thumb Code    14  stm32f0xx_tim.o(.text)
    TIM_ForcedOC3Config                      0x080011cb   Thumb Code    12  stm32f0xx_tim.o(.text)
    TIM_ForcedOC4Config                      0x080011d7   Thumb Code    14  stm32f0xx_tim.o(.text)
    TIM_CCPreloadControl                     0x080011e5   Thumb Code    20  stm32f0xx_tim.o(.text)
    TIM_OC1PreloadConfig                     0x080011f9   Thumb Code    12  stm32f0xx_tim.o(.text)
    TIM_OC2PreloadConfig                     0x08001205   Thumb Code    14  stm32f0xx_tim.o(.text)
    TIM_OC3PreloadConfig                     0x08001213   Thumb Code    12  stm32f0xx_tim.o(.text)
    TIM_OC4PreloadConfig                     0x0800121f   Thumb Code    14  stm32f0xx_tim.o(.text)
    TIM_OC1FastConfig                        0x0800122d   Thumb Code    12  stm32f0xx_tim.o(.text)
    TIM_OC2FastConfig                        0x08001239   Thumb Code    14  stm32f0xx_tim.o(.text)
    TIM_OC3FastConfig                        0x08001247   Thumb Code    12  stm32f0xx_tim.o(.text)
    TIM_OC4FastConfig                        0x08001253   Thumb Code    14  stm32f0xx_tim.o(.text)
    TIM_ClearOC1Ref                          0x08001261   Thumb Code    12  stm32f0xx_tim.o(.text)
    TIM_ClearOC2Ref                          0x0800126d   Thumb Code    14  stm32f0xx_tim.o(.text)
    TIM_ClearOC3Ref                          0x0800127b   Thumb Code    12  stm32f0xx_tim.o(.text)
    TIM_ClearOC4Ref                          0x08001287   Thumb Code    14  stm32f0xx_tim.o(.text)
    TIM_OC1PolarityConfig                    0x08001295   Thumb Code    12  stm32f0xx_tim.o(.text)
    TIM_OC1NPolarityConfig                   0x080012a1   Thumb Code    12  stm32f0xx_tim.o(.text)
    TIM_OC2PolarityConfig                    0x080012ad   Thumb Code    14  stm32f0xx_tim.o(.text)
    TIM_OC2NPolarityConfig                   0x080012bb   Thumb Code    14  stm32f0xx_tim.o(.text)
    TIM_OC3PolarityConfig                    0x080012c9   Thumb Code    14  stm32f0xx_tim.o(.text)
    TIM_OC3NPolarityConfig                   0x080012d7   Thumb Code    14  stm32f0xx_tim.o(.text)
    TIM_OC4PolarityConfig                    0x080012e5   Thumb Code    14  stm32f0xx_tim.o(.text)
    TIM_SelectOCREFClear                     0x080012f3   Thumb Code    16  stm32f0xx_tim.o(.text)
    TIM_CCxCmd                               0x08001303   Thumb Code    22  stm32f0xx_tim.o(.text)
    TIM_CCxNCmd                              0x08001319   Thumb Code    22  stm32f0xx_tim.o(.text)
    TIM_SelectCOM                            0x0800132f   Thumb Code    18  stm32f0xx_tim.o(.text)
    TIM_SetIC4Prescaler                      0x08001341   Thumb Code    18  stm32f0xx_tim.o(.text)
    TIM_SetIC3Prescaler                      0x08001353   Thumb Code    16  stm32f0xx_tim.o(.text)
    TIM_SetIC2Prescaler                      0x08001363   Thumb Code    18  stm32f0xx_tim.o(.text)
    TIM_SetIC1Prescaler                      0x0800139f   Thumb Code    16  stm32f0xx_tim.o(.text)
    TIM_ICInit                               0x080013d7   Thumb Code   162  stm32f0xx_tim.o(.text)
    TIM_ICStructInit                         0x08001479   Thumb Code    16  stm32f0xx_tim.o(.text)
    TIM_PWMIConfig                           0x08001489   Thumb Code   104  stm32f0xx_tim.o(.text)
    TIM_GetCapture1                          0x080014f1   Thumb Code     4  stm32f0xx_tim.o(.text)
    TIM_GetCapture2                          0x080014f5   Thumb Code     4  stm32f0xx_tim.o(.text)
    TIM_GetCapture3                          0x080014f9   Thumb Code     4  stm32f0xx_tim.o(.text)
    TIM_GetCapture4                          0x080014fd   Thumb Code     4  stm32f0xx_tim.o(.text)
    TIM_ITConfig                             0x08001501   Thumb Code    16  stm32f0xx_tim.o(.text)
    TIM_GenerateEvent                        0x08001511   Thumb Code     4  stm32f0xx_tim.o(.text)
    TIM_GetFlagStatus                        0x08001515   Thumb Code    14  stm32f0xx_tim.o(.text)
    TIM_ClearFlag                            0x08001523   Thumb Code     6  stm32f0xx_tim.o(.text)
    TIM_GetITStatus                          0x08001529   Thumb Code    24  stm32f0xx_tim.o(.text)
    TIM_ClearITPendingBit                    0x08001541   Thumb Code     6  stm32f0xx_tim.o(.text)
    TIM_DMAConfig                            0x08001547   Thumb Code     8  stm32f0xx_tim.o(.text)
    TIM_DMACmd                               0x0800154f   Thumb Code    16  stm32f0xx_tim.o(.text)
    TIM_SelectCCDMA                          0x0800155f   Thumb Code    18  stm32f0xx_tim.o(.text)
    TIM_InternalClockConfig                  0x08001571   Thumb Code    10  stm32f0xx_tim.o(.text)
    TIM_SelectInputTrigger                   0x0800157b   Thumb Code    12  stm32f0xx_tim.o(.text)
    TIM_ITRxExternalClockConfig              0x08001587   Thumb Code    62  stm32f0xx_tim.o(.text)
    TIM_TIxExternalClockConfig               0x080015c5   Thumb Code    48  stm32f0xx_tim.o(.text)
    TIM_ETRConfig                            0x080015f5   Thumb Code    18  stm32f0xx_tim.o(.text)
    TIM_ETRClockMode1Config                  0x08001607   Thumb Code    28  stm32f0xx_tim.o(.text)
    TIM_ETRClockMode2Config                  0x08001623   Thumb Code    20  stm32f0xx_tim.o(.text)
    TIM_SelectOutputTrigger                  0x08001637   Thumb Code    16  stm32f0xx_tim.o(.text)
    TIM_SelectSlaveMode                      0x08001647   Thumb Code    16  stm32f0xx_tim.o(.text)
    TIM_SelectMasterSlaveMode                0x08001657   Thumb Code    16  stm32f0xx_tim.o(.text)
    TIM_EncoderInterfaceConfig               0x08001667   Thumb Code    42  stm32f0xx_tim.o(.text)
    TIM_SelectHallSensor                     0x08001691   Thumb Code    18  stm32f0xx_tim.o(.text)
    TIM_RemapConfig                          0x080016a3   Thumb Code     6  stm32f0xx_tim.o(.text)
    SPI_I2S_DeInit                           0x080016ad   Thumb Code    54  stm32f0xx_spi.o(.text)
    SPI_StructInit                           0x080016e3   Thumb Code    28  stm32f0xx_spi.o(.text)
    SPI_Init                                 0x080016ff   Thumb Code    74  stm32f0xx_spi.o(.text)
    I2S_StructInit                           0x08001749   Thumb Code    18  stm32f0xx_spi.o(.text)
    I2S_Init                                 0x0800175b   Thumb Code   154  stm32f0xx_spi.o(.text)
    SPI_Cmd                                  0x080017f5   Thumb Code    18  stm32f0xx_spi.o(.text)
    SPI_TIModeCmd                            0x08001807   Thumb Code    18  stm32f0xx_spi.o(.text)
    I2S_Cmd                                  0x08001819   Thumb Code    22  stm32f0xx_spi.o(.text)
    SPI_DataSizeConfig                       0x0800182f   Thumb Code    12  stm32f0xx_spi.o(.text)
    SPI_RxFIFOThresholdConfig                0x0800183b   Thumb Code    16  stm32f0xx_spi.o(.text)
    SPI_BiDirectionalLineConfig              0x0800184b   Thumb Code    22  stm32f0xx_spi.o(.text)
    SPI_NSSInternalSoftwareConfig            0x08001861   Thumb Code    22  stm32f0xx_spi.o(.text)
    SPI_SSOutputCmd                          0x08001877   Thumb Code    18  stm32f0xx_spi.o(.text)
    SPI_NSSPulseModeCmd                      0x08001889   Thumb Code    18  stm32f0xx_spi.o(.text)
    SPI_SendData8                            0x0800189b   Thumb Code     4  stm32f0xx_spi.o(.text)
    SPI_I2S_SendData16                       0x0800189f   Thumb Code     4  stm32f0xx_spi.o(.text)
    SPI_ReceiveData8                         0x080018a3   Thumb Code     4  stm32f0xx_spi.o(.text)
    SPI_I2S_ReceiveData16                    0x080018a7   Thumb Code     4  stm32f0xx_spi.o(.text)
    SPI_CRCLengthConfig                      0x080018ab   Thumb Code    16  stm32f0xx_spi.o(.text)
    SPI_CalculateCRC                         0x080018bb   Thumb Code    22  stm32f0xx_spi.o(.text)
    SPI_TransmitCRC                          0x080018d1   Thumb Code    12  stm32f0xx_spi.o(.text)
    SPI_GetCRC                               0x080018dd   Thumb Code    12  stm32f0xx_spi.o(.text)
    SPI_GetCRCPolynomial                     0x080018e9   Thumb Code     4  stm32f0xx_spi.o(.text)
    SPI_I2S_DMACmd                           0x080018ed   Thumb Code    16  stm32f0xx_spi.o(.text)
    SPI_LastDMATransferCmd                   0x080018fd   Thumb Code    16  stm32f0xx_spi.o(.text)
    SPI_I2S_ITConfig                         0x0800190d   Thumb Code    24  stm32f0xx_spi.o(.text)
    SPI_GetTransmissionFIFOStatus            0x08001925   Thumb Code    10  stm32f0xx_spi.o(.text)
    SPI_GetReceptionFIFOStatus               0x0800192f   Thumb Code    10  stm32f0xx_spi.o(.text)
    SPI_I2S_GetFlagStatus                    0x08001939   Thumb Code    14  stm32f0xx_spi.o(.text)
    SPI_I2S_ClearFlag                        0x08001947   Thumb Code     6  stm32f0xx_spi.o(.text)
    SPI_I2S_GetITStatus                      0x0800194d   Thumb Code    42  stm32f0xx_spi.o(.text)
    Reset_Handler                            0x080019a1   Thumb Code     8  startup_stm32f0xx.o(.text)
    ADC1_COMP_IRQHandler                     0x080019b3   Thumb Code     0  startup_stm32f0xx.o(.text)
    CEC_IRQHandler                           0x080019b3   Thumb Code     0  startup_stm32f0xx.o(.text)
    DMA1_Channel1_IRQHandler                 0x080019b3   Thumb Code     0  startup_stm32f0xx.o(.text)
    DMA1_Channel2_3_IRQHandler               0x080019b3   Thumb Code     0  startup_stm32f0xx.o(.text)
    DMA1_Channel4_5_IRQHandler               0x080019b3   Thumb Code     0  startup_stm32f0xx.o(.text)
    EXTI0_1_IRQHandler                       0x080019b3   Thumb Code     0  startup_stm32f0xx.o(.text)
    EXTI2_3_IRQHandler                       0x080019b3   Thumb Code     0  startup_stm32f0xx.o(.text)
    EXTI4_15_IRQHandler                      0x080019b3   Thumb Code     0  startup_stm32f0xx.o(.text)
    FLASH_IRQHandler                         0x080019b3   Thumb Code     0  startup_stm32f0xx.o(.text)
    I2C1_IRQHandler                          0x080019b3   Thumb Code     0  startup_stm32f0xx.o(.text)
    I2C2_IRQHandler                          0x080019b3   Thumb Code     0  startup_stm32f0xx.o(.text)
    PVD_IRQHandler                           0x080019b3   Thumb Code     0  startup_stm32f0xx.o(.text)
    RCC_IRQHandler                           0x080019b3   Thumb Code     0  startup_stm32f0xx.o(.text)
    RTC_IRQHandler                           0x080019b3   Thumb Code     0  startup_stm32f0xx.o(.text)
    SPI1_IRQHandler                          0x080019b3   Thumb Code     0  startup_stm32f0xx.o(.text)
    SPI2_IRQHandler                          0x080019b3   Thumb Code     0  startup_stm32f0xx.o(.text)
    TIM14_IRQHandler                         0x080019b3   Thumb Code     0  startup_stm32f0xx.o(.text)
    TIM15_IRQHandler                         0x080019b3   Thumb Code     0  startup_stm32f0xx.o(.text)
    TIM16_IRQHandler                         0x080019b3   Thumb Code     0  startup_stm32f0xx.o(.text)
    TIM17_IRQHandler                         0x080019b3   Thumb Code     0  startup_stm32f0xx.o(.text)
    TIM1_BRK_UP_TRG_COM_IRQHandler           0x080019b3   Thumb Code     0  startup_stm32f0xx.o(.text)
    TIM1_CC_IRQHandler                       0x080019b3   Thumb Code     0  startup_stm32f0xx.o(.text)
    TIM2_IRQHandler                          0x080019b3   Thumb Code     0  startup_stm32f0xx.o(.text)
    TIM6_DAC_IRQHandler                      0x080019b3   Thumb Code     0  startup_stm32f0xx.o(.text)
    TS_IRQHandler                            0x080019b3   Thumb Code     0  startup_stm32f0xx.o(.text)
    USART1_IRQHandler                        0x080019b3   Thumb Code     0  startup_stm32f0xx.o(.text)
    USART2_IRQHandler                        0x080019b3   Thumb Code     0  startup_stm32f0xx.o(.text)
    WWDG_IRQHandler                          0x080019b3   Thumb Code     0  startup_stm32f0xx.o(.text)
    SystemInit                               0x080019bd   Thumb Code    84  system_stm32f0xx.o(.text)
    SystemCoreClockUpdate                    0x08001a11   Thumb Code    90  system_stm32f0xx.o(.text)
    __aeabi_uidiv                            0x08001b15   Thumb Code     0  uidiv.o(.text)
    __aeabi_uidivmod                         0x08001b15   Thumb Code    44  uidiv.o(.text)
    __scatterload                            0x08001b41   Thumb Code    28  init.o(.text)
    __scatterload_rt2                        0x08001b41   Thumb Code     0  init.o(.text)
    __scatterload_copy                       0x08001b65   Thumb Code    14  handlers.o(i.__scatterload_copy)
    __scatterload_null                       0x08001b73   Thumb Code     2  handlers.o(i.__scatterload_null)
    __scatterload_zeroinit                   0x08001b75   Thumb Code    14  handlers.o(i.__scatterload_zeroinit)
    characters                               0x08001b82   Data         728  graphics.o(.constdata)
    BUTTON_PIN                               0x08001e5c   Data           2  stm32f0_discovery.o(.constdata)
    BUTTON_EXTI_LINE                         0x08001e5e   Data           2  stm32f0_discovery.o(.constdata)
    BUTTON_PORT_SOURCE                       0x08001e60   Data           2  stm32f0_discovery.o(.constdata)
    BUTTON_PIN_SOURCE                        0x08001e62   Data           2  stm32f0_discovery.o(.constdata)
    BUTTON_IRQn                              0x08001e64   Data           2  stm32f0_discovery.o(.constdata)
    GPIO_PIN                                 0x08001e66   Data           4  stm32f0_discovery.o(.constdata)
    BUTTON_CLK                               0x08001e6c   Data           4  stm32f0_discovery.o(.constdata)
    GPIO_CLK                                 0x08001e70   Data           8  stm32f0_discovery.o(.constdata)
    Region$$Table$$Base                      0x08001e78   Number         0  anon$$obj.o(Region$$Table)
    Region$$Table$$Limit                     0x08001e98   Number         0  anon$$obj.o(Region$$Table)
    buffer                                   0x20000004   Data           8  graphics.o(.data)
    BUTTON_PORT                              0x2000000c   Data           4  stm32f0_discovery.o(.data)
    GPIO_PORT                                0x20000010   Data           8  stm32f0_discovery.o(.data)
    SystemCoreClock                          0x20000028   Data           4  system_stm32f0xx.o(.data)
    AHBPrescTable                            0x2000002c   Data          16  system_stm32f0xx.o(.data)
    __initial_sp                             0x20000440   Data           0  startup_stm32f0xx.o(STACK)



==============================================================================

Memory Map of the image

  Image Entry point : 0x080000c1

  Load Region LR_IROM1 (Base: 0x08000000, Size: 0x00001ed4, Max: 0x00010000, ABSOLUTE)

    Execution Region ER_IROM1 (Exec base: 0x08000000, Load base: 0x08000000, Size: 0x00001e98, Max: 0x00010000, ABSOLUTE)

    Exec Addr    Load Addr    Size         Type   Attr      Idx    E Section Name        Object

    0x08000000   0x08000000   0x000000c0   Data   RO          312    RESET               startup_stm32f0xx.o
    0x080000c0   0x080000c0   0x00000000   Code   RO          339  * .ARM.Collect$$$$00000000  mc_p.l(entry.o)
    0x080000c0   0x080000c0   0x00000004   Code   RO          344    .ARM.Collect$$$$00000001  mc_p.l(entry2.o)
    0x080000c4   0x080000c4   0x00000004   Code   RO          347    .ARM.Collect$$$$00000004  mc_p.l(entry5.o)
    0x080000c8   0x080000c8   0x00000000   Code   RO          349    .ARM.Collect$$$$00000008  mc_p.l(entry7b.o)
    0x080000c8   0x080000c8   0x00000000   Code   RO          351    .ARM.Collect$$$$0000000A  mc_p.l(entry8b.o)
    0x080000c8   0x080000c8   0x00000008   Code   RO          352    .ARM.Collect$$$$0000000B  mc_p.l(entry9a.o)
    0x080000d0   0x080000d0   0x00000000   Code   RO          354    .ARM.Collect$$$$0000000D  mc_p.l(entry10a.o)
    0x080000d0   0x080000d0   0x00000000   Code   RO          356    .ARM.Collect$$$$0000000F  mc_p.l(entry11a.o)
    0x080000d0   0x080000d0   0x00000004   Code   RO          345    .ARM.Collect$$$$00002712  mc_p.l(entry2.o)
    0x080000d4   0x080000d4   0x00000070   Code   RO            2    .text               stm32f0xx_it.o
    0x08000144   0x08000144   0x00000150   Code   RO          113    .text               graphics.o
    0x08000294   0x08000294   0x00000290   Code   RO          143    .text               main.o
    0x08000524   0x08000524   0x0000011c   Code   RO          160    .text               stm32f0_discovery.o
    0x08000640   0x08000640   0x000000d4   Code   RO          180    .text               stm32f0xx_exti.o
    0x08000714   0x08000714   0x0000015c   Code   RO          196    .text               stm32f0xx_gpio.o
    0x08000870   0x08000870   0x0000007c   Code   RO          212    .text               stm32f0xx_misc.o
    0x080008ec   0x080008ec   0x0000040c   Code   RO          228    .text               stm32f0xx_rcc.o
    0x08000cf8   0x08000cf8   0x00000098   Code   RO          246    .text               stm32f0xx_syscfg.o
    0x08000d90   0x08000d90   0x0000091c   Code   RO          262    .text               stm32f0xx_tim.o
    0x080016ac   0x080016ac   0x000002f4   Code   RO          295    .text               stm32f0xx_spi.o
    0x080019a0   0x080019a0   0x0000001c   Code   RO          313    .text               startup_stm32f0xx.o
    0x080019bc   0x080019bc   0x00000158   Code   RO          318    .text               system_stm32f0xx.o
    0x08001b14   0x08001b14   0x0000002c   Code   RO          342    .text               mc_p.l(uidiv.o)
    0x08001b40   0x08001b40   0x00000024   Code   RO          358    .text               mc_p.l(init.o)
    0x08001b64   0x08001b64   0x0000000e   Code   RO          362    i.__scatterload_copy  mc_p.l(handlers.o)
    0x08001b72   0x08001b72   0x00000002   Code   RO          363    i.__scatterload_null  mc_p.l(handlers.o)
    0x08001b74   0x08001b74   0x0000000e   Code   RO          364    i.__scatterload_zeroinit  mc_p.l(handlers.o)
    0x08001b82   0x08001b82   0x000002d8   Data   RO          114    .constdata          graphics.o
    0x08001e5a   0x08001e5a   0x00000002   PAD
    0x08001e5c   0x08001e5c   0x0000001c   Data   RO          161    .constdata          stm32f0_discovery.o
    0x08001e78   0x08001e78   0x00000020   Data   RO          360    Region$$Table       anon$$obj.o


    Execution Region RW_IRAM1 (Exec base: 0x20000000, Load base: 0x08001e98, Size: 0x00000440, Max: 0x00002000, ABSOLUTE)

    Exec Addr    Load Addr    Size         Type   Attr      Idx    E Section Name        Object

    0x20000000   0x08001e98   0x00000004   Data   RW            3    .data               stm32f0xx_it.o
    0x20000004   0x08001e9c   0x00000008   Data   RW          115    .data               graphics.o
    0x2000000c   0x08001ea4   0x0000000c   Data   RW          162    .data               stm32f0_discovery.o
    0x20000018   0x08001eb0   0x00000010   Data   RW          229    .data               stm32f0xx_rcc.o
    0x20000028   0x08001ec0   0x00000014   Data   RW          319    .data               system_stm32f0xx.o
    0x2000003c   0x08001ed4   0x00000004   PAD
    0x20000040        -       0x00000400   Zero   RW          310    STACK               startup_stm32f0xx.o


==============================================================================

Image component sizes


      Code (inc. data)   RO Data    RW Data    ZI Data      Debug   Object Name

       336         22        728          8          0       3465   graphics.o
       656          8          0          0          0       1568   main.o
        28          8        192          0       1024        588   startup_stm32f0xx.o
       284         10         28         12          0       2819   stm32f0_discovery.o
       212         14          0          0          0       2407   stm32f0xx_exti.o
       348         22          0          0          0       3913   stm32f0xx_gpio.o
       112         14          0          4          0     136103   stm32f0xx_it.o
       124         16          0          0          0       1448   stm32f0xx_misc.o
      1036         38          0         16          0       8834   stm32f0xx_rcc.o
       756         42          0          0          0       8023   stm32f0xx_spi.o
       152          4          0          0          0       2046   stm32f0xx_syscfg.o
      2332        122          0          0          0      22611   stm32f0xx_tim.o
       344         28          0         20          0       1667   system_stm32f0xx.o

    ----------------------------------------------------------------------
      6720        348        982         60       1028     195492   Object Totals
         0          0         32          0          0          0   (incl. Generated)
         0          0          2          0          4          0   (incl. Padding)

    ----------------------------------------------------------------------

      Code (inc. data)   RO Data    RW Data    ZI Data      Debug   Library Member Name

         0          0          0          0          0          0   entry.o
         0          0          0          0          0          0   entry10a.o
         0          0          0          0          0          0   entry11a.o
         8          4          0          0          0          0   entry2.o
         4          0          0          0          0          0   entry5.o
         0          0          0          0          0          0   entry7b.o
         0          0          0          0          0          0   entry8b.o
         8          4          0          0          0          0   entry9a.o
        30          0          0          0          0          0   handlers.o
        36          8          0          0          0         68   init.o
        44          0          0          0          0         72   uidiv.o

    ----------------------------------------------------------------------
       130         16          0          0          0        140   Library Totals
         0          0          0          0          0          0   (incl. Padding)

    ----------------------------------------------------------------------

      Code (inc. data)   RO Data    RW Data    ZI Data      Debug   Library Name

       130         16          0          0          0        140   mc_p.l

    ----------------------------------------------------------------------
       130         16          0          0          0        140   Library Totals

    ----------------------------------------------------------------------

==============================================================================


      Code (inc. data)   RO Data    RW Data    ZI Data      Debug   

      6850        364        982         60       1028     194420   Grand Totals
      6850        364        982         60       1028     194420   ELF Image Totals
      6850        364        982         60          0          0   ROM Totals

==============================================================================

    Total RO  Size (Code + RO Data)                 7832 (   7.65kB)
    Total RW  Size (RW Data + ZI Data)              1088 (   1.06kB)
    Total ROM Size (Code + RO Data + RW Data)       7892 (   7.71kB)

==============================================================================

