Component: ARM Compiler 5.06 update 6 (build 750) Tool: armlink [4d35ed]

==============================================================================

Section Cross References

    stm32f0xx_it.o(.text) refers to stm32f0xx_tim.o(.text) for TIM_GetITStatus
    stm32f0xx_it.o(.text) refers to stm32f0_discovery.o(.text) for STM_EVAL_LEDToggle
    stm32f0xx_it.o(.text) refers to stm32f0xx_it.o(.data) for .data
    main3.o(.text) refers to stm32f0xx_rcc.o(.text) for RCC_AHBPeriphClockCmd
    main3.o(.text) refers to stm32f0xx_gpio.o(.text) for GPIO_PinAFConfig
    main3.o(.text) refers to stm32f0xx_spi.o(.text) for SPI_NSSPulseModeCmd
    main3.o(.text) refers to uidiv.o(.text) for __aeabi_uidivmod
    main3.o(.text) refers to main3.o(i.__ARM_common_switch8) for __ARM_common_switch8
    main3.o(.text) refers to system_stm32f0xx.o(.data) for SystemCoreClock
    stm32f0_discovery.o(.text) refers to stm32f0xx_rcc.o(.text) for RCC_AHBPeriphClockCmd
    stm32f0_discovery.o(.text) refers to stm32f0xx_gpio.o(.text) for GPIO_Init
    stm32f0_discovery.o(.text) refers to stm32f0xx_syscfg.o(.text) for SYSCFG_EXTILineConfig
    stm32f0_discovery.o(.text) refers to stm32f0xx_exti.o(.text) for EXTI_Init
    stm32f0_discovery.o(.text) refers to stm32f0xx_misc.o(.text) for NVIC_Init
    stm32f0_discovery.o(.text) refers to stm32f0_discovery.o(.constdata) for .constdata
    stm32f0_discovery.o(.text) refers to stm32f0_discovery.o(.data) for .data
    stm32f0xx_gpio.o(.text) refers to stm32f0xx_rcc.o(.text) for RCC_AHBPeriphResetCmd
    stm32f0xx_rcc.o(.text) refers to uidiv.o(.text) for __aeabi_uidivmod
    stm32f0xx_rcc.o(.text) refers to stm32f0xx_rcc.o(.data) for .data
    stm32f0xx_tim.o(.text) refers to stm32f0xx_rcc.o(.text) for RCC_APB1PeriphResetCmd
    stm32f0xx_usart.o(.text) refers to stm32f0xx_rcc.o(.text) for RCC_APB2PeriphResetCmd
    stm32f0xx_usart.o(.text) refers to uidiv.o(.text) for __aeabi_uidivmod
    stm32f0xx_spi.o(.text) refers to stm32f0xx_rcc.o(.text) for RCC_APB2PeriphResetCmd
    stm32f0xx_spi.o(.text) refers to uidiv.o(.text) for __aeabi_uidivmod
    startup_stm32f0xx.o(RESET) refers to startup_stm32f0xx.o(STACK) for __initial_sp
    startup_stm32f0xx.o(RESET) refers to startup_stm32f0xx.o(.text) for Reset_Handler
    startup_stm32f0xx.o(RESET) refers to stm32f0xx_it.o(.text) for NMI_Handler
    startup_stm32f0xx.o(.text) refers to system_stm32f0xx.o(.text) for SystemInit
    startup_stm32f0xx.o(.text) refers to entry.o(.ARM.Collect$$$$00000000) for __main
    system_stm32f0xx.o(.text) refers to uidiv.o(.text) for __aeabi_uidivmod
    system_stm32f0xx.o(.text) refers to system_stm32f0xx.o(.data) for .data
    entry.o(.ARM.Collect$$$$00000000) refers (Special) to entry10a.o(.ARM.Collect$$$$0000000D) for __rt_final_cpp
    entry.o(.ARM.Collect$$$$00000000) refers (Special) to entry11a.o(.ARM.Collect$$$$0000000F) for __rt_final_exit
    entry.o(.ARM.Collect$$$$00000000) refers (Special) to entry7b.o(.ARM.Collect$$$$00000008) for _main_clock
    entry.o(.ARM.Collect$$$$00000000) refers (Special) to entry8b.o(.ARM.Collect$$$$0000000A) for _main_cpp_init
    entry.o(.ARM.Collect$$$$00000000) refers (Special) to entry9a.o(.ARM.Collect$$$$0000000B) for _main_init
    entry.o(.ARM.Collect$$$$00000000) refers (Special) to entry5.o(.ARM.Collect$$$$00000004) for _main_scatterload
    entry.o(.ARM.Collect$$$$00000000) refers (Special) to entry2.o(.ARM.Collect$$$$00000001) for _main_stk
    entry2.o(.ARM.Collect$$$$00000001) refers to entry2.o(.ARM.Collect$$$$00002712) for __lit__00000000
    entry2.o(.ARM.Collect$$$$00002712) refers to startup_stm32f0xx.o(STACK) for __initial_sp
    entry2.o(__vectab_stack_and_reset_area) refers to startup_stm32f0xx.o(STACK) for __initial_sp
    entry2.o(__vectab_stack_and_reset_area) refers to entry.o(.ARM.Collect$$$$00000000) for __main
    entry5.o(.ARM.Collect$$$$00000004) refers to init.o(.text) for __scatterload
    entry9a.o(.ARM.Collect$$$$0000000B) refers to main3.o(.text) for main
    entry9b.o(.ARM.Collect$$$$0000000C) refers to main3.o(.text) for main
    init.o(.text) refers to entry5.o(.ARM.Collect$$$$00000004) for __main_after_scatterload


==============================================================================

Removing Unused input sections from the image.

    Removing stm32f0xx_it.o(.emb_text), (8 bytes).
    Removing main3.o(.emb_text), (8 bytes).
    Removing stm32f0_discovery.o(.emb_text), (8 bytes).
    Removing stm32f0xx_exti.o(.emb_text), (8 bytes).
    Removing stm32f0xx_gpio.o(.emb_text), (8 bytes).
    Removing stm32f0xx_misc.o(.emb_text), (8 bytes).
    Removing stm32f0xx_rcc.o(.emb_text), (8 bytes).
    Removing stm32f0xx_syscfg.o(.emb_text), (8 bytes).
    Removing stm32f0xx_tim.o(.emb_text), (8 bytes).
    Removing stm32f0xx_usart.o(.emb_text), (8 bytes).
    Removing stm32f0xx_usart.o(.text), (1122 bytes).
    Removing stm32f0xx_spi.o(.emb_text), (8 bytes).
    Removing startup_stm32f0xx.o(HEAP), (512 bytes).
    Removing system_stm32f0xx.o(.emb_text), (8 bytes).

14 unused section(s) (total 1730 bytes) removed from the image.

==============================================================================

Image Symbol Table

    Local Symbols

    Symbol Name                              Value     Ov Type        Size  Object(Section)

    ../clib/microlib/division.c              0x00000000   Number         0  uidiv.o ABSOLUTE
    ../clib/microlib/init/entry.s            0x00000000   Number         0  entry2.o ABSOLUTE
    ../clib/microlib/init/entry.s            0x00000000   Number         0  entry5.o ABSOLUTE
    ../clib/microlib/init/entry.s            0x00000000   Number         0  entry7a.o ABSOLUTE
    ../clib/microlib/init/entry.s            0x00000000   Number         0  entry11b.o ABSOLUTE
    ../clib/microlib/init/entry.s            0x00000000   Number         0  entry11a.o ABSOLUTE
    ../clib/microlib/init/entry.s            0x00000000   Number         0  entry7b.o ABSOLUTE
    ../clib/microlib/init/entry.s            0x00000000   Number         0  entry10b.o ABSOLUTE
    ../clib/microlib/init/entry.s            0x00000000   Number         0  entry10a.o ABSOLUTE
    ../clib/microlib/init/entry.s            0x00000000   Number         0  entry9b.o ABSOLUTE
    ../clib/microlib/init/entry.s            0x00000000   Number         0  entry8a.o ABSOLUTE
    ../clib/microlib/init/entry.s            0x00000000   Number         0  entry9a.o ABSOLUTE
    ../clib/microlib/init/entry.s            0x00000000   Number         0  entry8b.o ABSOLUTE
    ../clib/microlib/init/entry.s            0x00000000   Number         0  entry.o ABSOLUTE
    ..\..\libraries\STM32F0xx_StdPeriph_Driver\src\stm32f0xx_exti.c 0x00000000   Number         0  stm32f0xx_exti.o ABSOLUTE
    ..\..\libraries\STM32F0xx_StdPeriph_Driver\src\stm32f0xx_gpio.c 0x00000000   Number         0  stm32f0xx_gpio.o ABSOLUTE
    ..\..\libraries\STM32F0xx_StdPeriph_Driver\src\stm32f0xx_misc.c 0x00000000   Number         0  stm32f0xx_misc.o ABSOLUTE
    ..\..\libraries\STM32F0xx_StdPeriph_Driver\src\stm32f0xx_rcc.c 0x00000000   Number         0  stm32f0xx_rcc.o ABSOLUTE
    ..\..\libraries\STM32F0xx_StdPeriph_Driver\src\stm32f0xx_spi.c 0x00000000   Number         0  stm32f0xx_spi.o ABSOLUTE
    ..\..\libraries\STM32F0xx_StdPeriph_Driver\src\stm32f0xx_syscfg.c 0x00000000   Number         0  stm32f0xx_syscfg.o ABSOLUTE
    ..\..\libraries\STM32F0xx_StdPeriph_Driver\src\stm32f0xx_tim.c 0x00000000   Number         0  stm32f0xx_tim.o ABSOLUTE
    ..\..\libraries\STM32F0xx_StdPeriph_Driver\src\stm32f0xx_usart.c 0x00000000   Number         0  stm32f0xx_usart.o ABSOLUTE
    ..\..\utilities\STM32F0-Discovery\stm32f0_discovery.c 0x00000000   Number         0  stm32f0_discovery.o ABSOLUTE
    ..\\..\\libraries\\STM32F0xx_StdPeriph_Driver\\src\\stm32f0xx_exti.c 0x00000000   Number         0  stm32f0xx_exti.o ABSOLUTE
    ..\\..\\libraries\\STM32F0xx_StdPeriph_Driver\\src\\stm32f0xx_gpio.c 0x00000000   Number         0  stm32f0xx_gpio.o ABSOLUTE
    ..\\..\\libraries\\STM32F0xx_StdPeriph_Driver\\src\\stm32f0xx_misc.c 0x00000000   Number         0  stm32f0xx_misc.o ABSOLUTE
    ..\\..\\libraries\\STM32F0xx_StdPeriph_Driver\\src\\stm32f0xx_rcc.c 0x00000000   Number         0  stm32f0xx_rcc.o ABSOLUTE
    ..\\..\\libraries\\STM32F0xx_StdPeriph_Driver\\src\\stm32f0xx_spi.c 0x00000000   Number         0  stm32f0xx_spi.o ABSOLUTE
    ..\\..\\libraries\\STM32F0xx_StdPeriph_Driver\\src\\stm32f0xx_syscfg.c 0x00000000   Number         0  stm32f0xx_syscfg.o ABSOLUTE
    ..\\..\\libraries\\STM32F0xx_StdPeriph_Driver\\src\\stm32f0xx_tim.c 0x00000000   Number         0  stm32f0xx_tim.o ABSOLUTE
    ..\\..\\libraries\\STM32F0xx_StdPeriph_Driver\\src\\stm32f0xx_usart.c 0x00000000   Number         0  stm32f0xx_usart.o ABSOLUTE
    ..\\..\\utilities\\STM32F0-Discovery\\stm32f0_discovery.c 0x00000000   Number         0  stm32f0_discovery.o ABSOLUTE
    dc.s                                     0x00000000   Number         0  dc.o ABSOLUTE
    handlers.s                               0x00000000   Number         0  handlers.o ABSOLUTE
    init.s                                   0x00000000   Number         0  init.o ABSOLUTE
    src\\main3.c                             0x00000000   Number         0  main3.o ABSOLUTE
    src\\stm32f0xx_it.c                      0x00000000   Number         0  stm32f0xx_it.o ABSOLUTE
    src\main3.c                              0x00000000   Number         0  main3.o ABSOLUTE
    src\stm32f0xx_it.c                       0x00000000   Number         0  stm32f0xx_it.o ABSOLUTE
    startup\\system_stm32f0xx.c              0x00000000   Number         0  system_stm32f0xx.o ABSOLUTE
    startup\startup_stm32f0xx.s              0x00000000   Number         0  startup_stm32f0xx.o ABSOLUTE
    startup\system_stm32f0xx.c               0x00000000   Number         0  system_stm32f0xx.o ABSOLUTE
    RESET                                    0x08000000   Section      192  startup_stm32f0xx.o(RESET)
    .ARM.Collect$$$$00000000                 0x080000c0   Section        0  entry.o(.ARM.Collect$$$$00000000)
    .ARM.Collect$$$$00000001                 0x080000c0   Section        4  entry2.o(.ARM.Collect$$$$00000001)
    .ARM.Collect$$$$00000004                 0x080000c4   Section        4  entry5.o(.ARM.Collect$$$$00000004)
    .ARM.Collect$$$$00000008                 0x080000c8   Section        0  entry7b.o(.ARM.Collect$$$$00000008)
    .ARM.Collect$$$$0000000A                 0x080000c8   Section        0  entry8b.o(.ARM.Collect$$$$0000000A)
    .ARM.Collect$$$$0000000B                 0x080000c8   Section        8  entry9a.o(.ARM.Collect$$$$0000000B)
    .ARM.Collect$$$$0000000D                 0x080000d0   Section        0  entry10a.o(.ARM.Collect$$$$0000000D)
    .ARM.Collect$$$$0000000F                 0x080000d0   Section        0  entry11a.o(.ARM.Collect$$$$0000000F)
    .ARM.Collect$$$$00002712                 0x080000d0   Section        4  entry2.o(.ARM.Collect$$$$00002712)
    __lit__00000000                          0x080000d0   Data           4  entry2.o(.ARM.Collect$$$$00002712)
    .text                                    0x080000d4   Section        0  stm32f0xx_it.o(.text)
    .text                                    0x08000144   Section        0  main3.o(.text)
    .text                                    0x08000ad0   Section        0  stm32f0_discovery.o(.text)
    .text                                    0x08000bec   Section        0  stm32f0xx_exti.o(.text)
    .text                                    0x08000cc0   Section        0  stm32f0xx_gpio.o(.text)
    .text                                    0x08000e1c   Section        0  stm32f0xx_misc.o(.text)
    .text                                    0x08000e98   Section        0  stm32f0xx_rcc.o(.text)
    .text                                    0x080012a4   Section        0  stm32f0xx_syscfg.o(.text)
    .text                                    0x0800133c   Section        0  stm32f0xx_tim.o(.text)
    TI2_Config                               0x08001921   Thumb Code    42  stm32f0xx_tim.o(.text)
    TI1_Config                               0x0800195b   Thumb Code    40  stm32f0xx_tim.o(.text)
    .text                                    0x08001c58   Section        0  stm32f0xx_spi.o(.text)
    .text                                    0x08001f4c   Section       28  startup_stm32f0xx.o(.text)
    .text                                    0x08001f68   Section        0  system_stm32f0xx.o(.text)
    SetSysClock                              0x08002017   Thumb Code   142  system_stm32f0xx.o(.text)
    .text                                    0x080020c0   Section        0  uidiv.o(.text)
    .text                                    0x080020ec   Section       36  init.o(.text)
    i.__ARM_common_switch8                   0x08002110   Section        0  main3.o(i.__ARM_common_switch8)
    i.__scatterload_copy                     0x0800212a   Section       14  handlers.o(i.__scatterload_copy)
    i.__scatterload_null                     0x08002138   Section        2  handlers.o(i.__scatterload_null)
    i.__scatterload_zeroinit                 0x0800213a   Section       14  handlers.o(i.__scatterload_zeroinit)
    .constdata                               0x08002148   Section       28  stm32f0_discovery.o(.constdata)
    .data                                    0x20000000   Section        4  stm32f0xx_it.o(.data)
    ticks                                    0x20000000   Data           4  stm32f0xx_it.o(.data)
    .data                                    0x20000004   Section       12  stm32f0_discovery.o(.data)
    .data                                    0x20000010   Section       16  stm32f0xx_rcc.o(.data)
    APBAHBPrescTable                         0x20000010   Data          16  stm32f0xx_rcc.o(.data)
    .data                                    0x20000020   Section       20  system_stm32f0xx.o(.data)
    STACK                                    0x20000038   Section     1024  startup_stm32f0xx.o(STACK)

    Global Symbols

    Symbol Name                              Value     Ov Type        Size  Object(Section)

    BuildAttributes$$THM_ISAv3M$S$PE$A:L22$X:L11$S22$IEEE1$IW$USESV6$~STKCKD$USESV7$~SHL$OSPACE$EBA8$MICROLIB$REQ8$PRES8$EABIv2 0x00000000   Number         0  anon$$obj.o ABSOLUTE
    __ARM_use_no_argv                        0x00000000   Number         0  main3.o ABSOLUTE
    __cpp_initialize__aeabi_                  - Undefined Weak Reference
    __cxa_finalize                            - Undefined Weak Reference
    __decompress                              - Undefined Weak Reference
    _clock_init                               - Undefined Weak Reference
    _microlib_exit                            - Undefined Weak Reference
    __Vectors_Size                           0x000000c0   Number         0  startup_stm32f0xx.o ABSOLUTE
    __Vectors                                0x08000000   Data           4  startup_stm32f0xx.o(RESET)
    __Vectors_End                            0x080000c0   Data           0  startup_stm32f0xx.o(RESET)
    __main                                   0x080000c1   Thumb Code     0  entry.o(.ARM.Collect$$$$00000000)
    _main_stk                                0x080000c1   Thumb Code     0  entry2.o(.ARM.Collect$$$$00000001)
    _main_scatterload                        0x080000c5   Thumb Code     0  entry5.o(.ARM.Collect$$$$00000004)
    __main_after_scatterload                 0x080000c9   Thumb Code     0  entry5.o(.ARM.Collect$$$$00000004)
    _main_clock                              0x080000c9   Thumb Code     0  entry7b.o(.ARM.Collect$$$$00000008)
    _main_cpp_init                           0x080000c9   Thumb Code     0  entry8b.o(.ARM.Collect$$$$0000000A)
    _main_init                               0x080000c9   Thumb Code     0  entry9a.o(.ARM.Collect$$$$0000000B)
    __rt_final_cpp                           0x080000d1   Thumb Code     0  entry10a.o(.ARM.Collect$$$$0000000D)
    __rt_final_exit                          0x080000d1   Thumb Code     0  entry11a.o(.ARM.Collect$$$$0000000F)
    NMI_Handler                              0x080000d5   Thumb Code     2  stm32f0xx_it.o(.text)
    HardFault_Handler                        0x080000d7   Thumb Code     2  stm32f0xx_it.o(.text)
    SVC_Handler                              0x080000d9   Thumb Code     2  stm32f0xx_it.o(.text)
    PendSV_Handler                           0x080000db   Thumb Code     2  stm32f0xx_it.o(.text)
    SysTick_Handler                          0x080000dd   Thumb Code    58  stm32f0xx_it.o(.text)
    TIM3_IRQHandler                          0x08000117   Thumb Code    32  stm32f0xx_it.o(.text)
    init_SPI                                 0x08000145   Thumb Code   142  main3.o(.text)
    delay                                    0x080001d3   Thumb Code    14  main3.o(.text)
    sendData                                 0x080001e1   Thumb Code    26  main3.o(.text)
    clearDisplay                             0x080001fb   Thumb Code    84  main3.o(.text)
    init_matrix                              0x0800024f   Thumb Code    62  main3.o(.text)
    drawLetter                               0x0800028d   Thumb Code  1712  main3.o(.text)
    main                                     0x0800093d   Thumb Code   394  main3.o(.text)
    STM_EVAL_LEDInit                         0x08000ad1   Thumb Code    52  stm32f0_discovery.o(.text)
    STM_EVAL_LEDOn                           0x08000b05   Thumb Code    18  stm32f0_discovery.o(.text)
    STM_EVAL_LEDOff                          0x08000b17   Thumb Code    18  stm32f0_discovery.o(.text)
    STM_EVAL_LEDToggle                       0x08000b29   Thumb Code    22  stm32f0_discovery.o(.text)
    STM_EVAL_PBInit                          0x08000b3f   Thumb Code   140  stm32f0_discovery.o(.text)
    STM_EVAL_PBGetState                      0x08000bcb   Thumb Code    24  stm32f0_discovery.o(.text)
    EXTI_DeInit                              0x08000bed   Thumb Code    20  stm32f0xx_exti.o(.text)
    EXTI_Init                                0x08000c01   Thumb Code   102  stm32f0xx_exti.o(.text)
    EXTI_StructInit                          0x08000c67   Thumb Code    14  stm32f0xx_exti.o(.text)
    EXTI_GenerateSWInterrupt                 0x08000c75   Thumb Code    10  stm32f0xx_exti.o(.text)
    EXTI_GetFlagStatus                       0x08000c7f   Thumb Code    16  stm32f0xx_exti.o(.text)
    EXTI_ClearFlag                           0x08000c8f   Thumb Code     6  stm32f0xx_exti.o(.text)
    EXTI_GetITStatus                         0x08000c95   Thumb Code    24  stm32f0xx_exti.o(.text)
    EXTI_ClearITPendingBit                   0x08000cad   Thumb Code     6  stm32f0xx_exti.o(.text)
    GPIO_DeInit                              0x08000cc1   Thumb Code    78  stm32f0xx_gpio.o(.text)
    GPIO_Init                                0x08000d0f   Thumb Code   112  stm32f0xx_gpio.o(.text)
    GPIO_StructInit                          0x08000d7f   Thumb Code    18  stm32f0xx_gpio.o(.text)
    GPIO_PinLockConfig                       0x08000d91   Thumb Code    26  stm32f0xx_gpio.o(.text)
    GPIO_ReadInputDataBit                    0x08000dab   Thumb Code    14  stm32f0xx_gpio.o(.text)
    GPIO_ReadInputData                       0x08000db9   Thumb Code     4  stm32f0xx_gpio.o(.text)
    GPIO_ReadOutputDataBit                   0x08000dbd   Thumb Code    14  stm32f0xx_gpio.o(.text)
    GPIO_ReadOutputData                      0x08000dcb   Thumb Code     4  stm32f0xx_gpio.o(.text)
    GPIO_SetBits                             0x08000dcf   Thumb Code     4  stm32f0xx_gpio.o(.text)
    GPIO_ResetBits                           0x08000dd3   Thumb Code     4  stm32f0xx_gpio.o(.text)
    GPIO_WriteBit                            0x08000dd7   Thumb Code    12  stm32f0xx_gpio.o(.text)
    GPIO_Write                               0x08000de3   Thumb Code     4  stm32f0xx_gpio.o(.text)
    GPIO_PinAFConfig                         0x08000de7   Thumb Code    32  stm32f0xx_gpio.o(.text)
    NVIC_Init                                0x08000e1d   Thumb Code    70  stm32f0xx_misc.o(.text)
    NVIC_SystemLPConfig                      0x08000e63   Thumb Code    18  stm32f0xx_misc.o(.text)
    SysTick_CLKSourceConfig                  0x08000e75   Thumb Code    20  stm32f0xx_misc.o(.text)
    RCC_DeInit                               0x08000e99   Thumb Code    78  stm32f0xx_rcc.o(.text)
    RCC_HSEConfig                            0x08000ee7   Thumb Code    10  stm32f0xx_rcc.o(.text)
    RCC_GetFlagStatus                        0x08000ef1   Thumb Code    48  stm32f0xx_rcc.o(.text)
    RCC_WaitForHSEStartUp                    0x08000f21   Thumb Code    44  stm32f0xx_rcc.o(.text)
    RCC_AdjustHSICalibrationValue            0x08000f4d   Thumb Code    16  stm32f0xx_rcc.o(.text)
    RCC_HSICmd                               0x08000f5d   Thumb Code    22  stm32f0xx_rcc.o(.text)
    RCC_AdjustHSI14CalibrationValue          0x08000f73   Thumb Code    16  stm32f0xx_rcc.o(.text)
    RCC_HSI14Cmd                             0x08000f83   Thumb Code    22  stm32f0xx_rcc.o(.text)
    RCC_HSI14ADCRequestCmd                   0x08000f99   Thumb Code    20  stm32f0xx_rcc.o(.text)
    RCC_LSEConfig                            0x08000fad   Thumb Code    26  stm32f0xx_rcc.o(.text)
    RCC_LSEDriveConfig                       0x08000fc7   Thumb Code    18  stm32f0xx_rcc.o(.text)
    RCC_LSICmd                               0x08000fd9   Thumb Code    22  stm32f0xx_rcc.o(.text)
    RCC_PLLConfig                            0x08000fef   Thumb Code    24  stm32f0xx_rcc.o(.text)
    RCC_PLLCmd                               0x08001007   Thumb Code    22  stm32f0xx_rcc.o(.text)
    RCC_PREDIV1Config                        0x0800101d   Thumb Code    14  stm32f0xx_rcc.o(.text)
    RCC_ClockSecuritySystemCmd               0x0800102b   Thumb Code    22  stm32f0xx_rcc.o(.text)
    RCC_MCOConfig                            0x08001041   Thumb Code     6  stm32f0xx_rcc.o(.text)
    RCC_SYSCLKConfig                         0x08001047   Thumb Code    14  stm32f0xx_rcc.o(.text)
    RCC_GetSYSCLKSource                      0x08001055   Thumb Code    10  stm32f0xx_rcc.o(.text)
    RCC_HCLKConfig                           0x0800105f   Thumb Code    14  stm32f0xx_rcc.o(.text)
    RCC_PCLKConfig                           0x0800106d   Thumb Code    16  stm32f0xx_rcc.o(.text)
    RCC_ADCCLKConfig                         0x0800107d   Thumb Code    38  stm32f0xx_rcc.o(.text)
    RCC_CECCLKConfig                         0x080010a3   Thumb Code    18  stm32f0xx_rcc.o(.text)
    RCC_I2CCLKConfig                         0x080010b5   Thumb Code    18  stm32f0xx_rcc.o(.text)
    RCC_USARTCLKConfig                       0x080010c7   Thumb Code    18  stm32f0xx_rcc.o(.text)
    RCC_GetClocksFreq                        0x080010d9   Thumb Code   208  stm32f0xx_rcc.o(.text)
    RCC_RTCCLKConfig                         0x080011a9   Thumb Code    10  stm32f0xx_rcc.o(.text)
    RCC_RTCCLKCmd                            0x080011b3   Thumb Code    20  stm32f0xx_rcc.o(.text)
    RCC_BackupResetCmd                       0x080011c7   Thumb Code    22  stm32f0xx_rcc.o(.text)
    RCC_AHBPeriphClockCmd                    0x080011dd   Thumb Code    18  stm32f0xx_rcc.o(.text)
    RCC_APB2PeriphClockCmd                   0x080011ef   Thumb Code    18  stm32f0xx_rcc.o(.text)
    RCC_APB1PeriphClockCmd                   0x08001201   Thumb Code    18  stm32f0xx_rcc.o(.text)
    RCC_AHBPeriphResetCmd                    0x08001213   Thumb Code    18  stm32f0xx_rcc.o(.text)
    RCC_APB2PeriphResetCmd                   0x08001225   Thumb Code    18  stm32f0xx_rcc.o(.text)
    RCC_APB1PeriphResetCmd                   0x08001237   Thumb Code    18  stm32f0xx_rcc.o(.text)
    RCC_ITConfig                             0x08001249   Thumb Code    18  stm32f0xx_rcc.o(.text)
    RCC_ClearFlag                            0x0800125b   Thumb Code    14  stm32f0xx_rcc.o(.text)
    RCC_GetITStatus                          0x08001269   Thumb Code    48  stm32f0xx_rcc.o(.text)
    RCC_ClearITPendingBit                    0x08001299   Thumb Code     6  stm32f0xx_rcc.o(.text)
    SYSCFG_DeInit                            0x080012a5   Thumb Code    30  stm32f0xx_syscfg.o(.text)
    SYSCFG_MemoryRemapConfig                 0x080012c3   Thumb Code    14  stm32f0xx_syscfg.o(.text)
    SYSCFG_DMAChannelRemapConfig             0x080012d1   Thumb Code    18  stm32f0xx_syscfg.o(.text)
    SYSCFG_I2CFastModePlusConfig             0x080012e3   Thumb Code    18  stm32f0xx_syscfg.o(.text)
    SYSCFG_EXTILineConfig                    0x080012f5   Thumb Code    34  stm32f0xx_syscfg.o(.text)
    SYSCFG_BreakConfig                       0x08001317   Thumb Code    10  stm32f0xx_syscfg.o(.text)
    SYSCFG_GetFlagStatus                     0x08001321   Thumb Code    14  stm32f0xx_syscfg.o(.text)
    SYSCFG_ClearFlag                         0x0800132f   Thumb Code    10  stm32f0xx_syscfg.o(.text)
    TIM_DeInit                               0x0800133d   Thumb Code   152  stm32f0xx_tim.o(.text)
    TIM_TimeBaseInit                         0x080013d5   Thumb Code    88  stm32f0xx_tim.o(.text)
    TIM_TimeBaseStructInit                   0x0800142d   Thumb Code    18  stm32f0xx_tim.o(.text)
    TIM_PrescalerConfig                      0x0800143f   Thumb Code     6  stm32f0xx_tim.o(.text)
    TIM_CounterModeConfig                    0x08001445   Thumb Code    12  stm32f0xx_tim.o(.text)
    TIM_SetCounter                           0x08001451   Thumb Code     4  stm32f0xx_tim.o(.text)
    TIM_SetAutoreload                        0x08001455   Thumb Code     4  stm32f0xx_tim.o(.text)
    TIM_GetCounter                           0x08001459   Thumb Code     4  stm32f0xx_tim.o(.text)
    TIM_GetPrescaler                         0x0800145d   Thumb Code     4  stm32f0xx_tim.o(.text)
    TIM_UpdateDisableConfig                  0x08001461   Thumb Code    18  stm32f0xx_tim.o(.text)
    TIM_UpdateRequestConfig                  0x08001473   Thumb Code    18  stm32f0xx_tim.o(.text)
    TIM_ARRPreloadConfig                     0x08001485   Thumb Code    18  stm32f0xx_tim.o(.text)
    TIM_SelectOnePulseMode                   0x08001497   Thumb Code    16  stm32f0xx_tim.o(.text)
    TIM_SetClockDivision                     0x080014a7   Thumb Code    16  stm32f0xx_tim.o(.text)
    TIM_Cmd                                  0x080014b7   Thumb Code    20  stm32f0xx_tim.o(.text)
    TIM_BDTRConfig                           0x080014cb   Thumb Code    34  stm32f0xx_tim.o(.text)
    TIM_BDTRStructInit                       0x080014ed   Thumb Code    18  stm32f0xx_tim.o(.text)
    TIM_CtrlPWMOutputs                       0x080014ff   Thumb Code    24  stm32f0xx_tim.o(.text)
    TIM_OC1Init                              0x08001517   Thumb Code   104  stm32f0xx_tim.o(.text)
    TIM_OC2Init                              0x0800157f   Thumb Code   110  stm32f0xx_tim.o(.text)
    TIM_OC3Init                              0x080015ed   Thumb Code   110  stm32f0xx_tim.o(.text)
    TIM_OC4Init                              0x0800165b   Thumb Code    78  stm32f0xx_tim.o(.text)
    TIM_OCStructInit                         0x080016a9   Thumb Code    20  stm32f0xx_tim.o(.text)
    TIM_SelectOCxM                           0x080016bd   Thumb Code    70  stm32f0xx_tim.o(.text)
    TIM_SetCompare1                          0x08001703   Thumb Code     4  stm32f0xx_tim.o(.text)
    TIM_SetCompare2                          0x08001707   Thumb Code     4  stm32f0xx_tim.o(.text)
    TIM_SetCompare3                          0x0800170b   Thumb Code     4  stm32f0xx_tim.o(.text)
    TIM_SetCompare4                          0x0800170f   Thumb Code     4  stm32f0xx_tim.o(.text)
    TIM_ForcedOC1Config                      0x08001713   Thumb Code    86  stm32f0xx_tim.o(.text)
    TIM_ForcedOC2Config                      0x08001769   Thumb Code    14  stm32f0xx_tim.o(.text)
    TIM_ForcedOC3Config                      0x08001777   Thumb Code    12  stm32f0xx_tim.o(.text)
    TIM_ForcedOC4Config                      0x08001783   Thumb Code    14  stm32f0xx_tim.o(.text)
    TIM_CCPreloadControl                     0x08001791   Thumb Code    20  stm32f0xx_tim.o(.text)
    TIM_OC1PreloadConfig                     0x080017a5   Thumb Code    12  stm32f0xx_tim.o(.text)
    TIM_OC2PreloadConfig                     0x080017b1   Thumb Code    14  stm32f0xx_tim.o(.text)
    TIM_OC3PreloadConfig                     0x080017bf   Thumb Code    12  stm32f0xx_tim.o(.text)
    TIM_OC4PreloadConfig                     0x080017cb   Thumb Code    14  stm32f0xx_tim.o(.text)
    TIM_OC1FastConfig                        0x080017d9   Thumb Code    12  stm32f0xx_tim.o(.text)
    TIM_OC2FastConfig                        0x080017e5   Thumb Code    14  stm32f0xx_tim.o(.text)
    TIM_OC3FastConfig                        0x080017f3   Thumb Code    12  stm32f0xx_tim.o(.text)
    TIM_OC4FastConfig                        0x080017ff   Thumb Code    14  stm32f0xx_tim.o(.text)
    TIM_ClearOC1Ref                          0x0800180d   Thumb Code    12  stm32f0xx_tim.o(.text)
    TIM_ClearOC2Ref                          0x08001819   Thumb Code    14  stm32f0xx_tim.o(.text)
    TIM_ClearOC3Ref                          0x08001827   Thumb Code    12  stm32f0xx_tim.o(.text)
    TIM_ClearOC4Ref                          0x08001833   Thumb Code    14  stm32f0xx_tim.o(.text)
    TIM_OC1PolarityConfig                    0x08001841   Thumb Code    12  stm32f0xx_tim.o(.text)
    TIM_OC1NPolarityConfig                   0x0800184d   Thumb Code    12  stm32f0xx_tim.o(.text)
    TIM_OC2PolarityConfig                    0x08001859   Thumb Code    14  stm32f0xx_tim.o(.text)
    TIM_OC2NPolarityConfig                   0x08001867   Thumb Code    14  stm32f0xx_tim.o(.text)
    TIM_OC3PolarityConfig                    0x08001875   Thumb Code    14  stm32f0xx_tim.o(.text)
    TIM_OC3NPolarityConfig                   0x08001883   Thumb Code    14  stm32f0xx_tim.o(.text)
    TIM_OC4PolarityConfig                    0x08001891   Thumb Code    14  stm32f0xx_tim.o(.text)
    TIM_SelectOCREFClear                     0x0800189f   Thumb Code    16  stm32f0xx_tim.o(.text)
    TIM_CCxCmd                               0x080018af   Thumb Code    22  stm32f0xx_tim.o(.text)
    TIM_CCxNCmd                              0x080018c5   Thumb Code    22  stm32f0xx_tim.o(.text)
    TIM_SelectCOM                            0x080018db   Thumb Code    18  stm32f0xx_tim.o(.text)
    TIM_SetIC4Prescaler                      0x080018ed   Thumb Code    18  stm32f0xx_tim.o(.text)
    TIM_SetIC3Prescaler                      0x080018ff   Thumb Code    16  stm32f0xx_tim.o(.text)
    TIM_SetIC2Prescaler                      0x0800190f   Thumb Code    18  stm32f0xx_tim.o(.text)
    TIM_SetIC1Prescaler                      0x0800194b   Thumb Code    16  stm32f0xx_tim.o(.text)
    TIM_ICInit                               0x08001983   Thumb Code   162  stm32f0xx_tim.o(.text)
    TIM_ICStructInit                         0x08001a25   Thumb Code    16  stm32f0xx_tim.o(.text)
    TIM_PWMIConfig                           0x08001a35   Thumb Code   104  stm32f0xx_tim.o(.text)
    TIM_GetCapture1                          0x08001a9d   Thumb Code     4  stm32f0xx_tim.o(.text)
    TIM_GetCapture2                          0x08001aa1   Thumb Code     4  stm32f0xx_tim.o(.text)
    TIM_GetCapture3                          0x08001aa5   Thumb Code     4  stm32f0xx_tim.o(.text)
    TIM_GetCapture4                          0x08001aa9   Thumb Code     4  stm32f0xx_tim.o(.text)
    TIM_ITConfig                             0x08001aad   Thumb Code    16  stm32f0xx_tim.o(.text)
    TIM_GenerateEvent                        0x08001abd   Thumb Code     4  stm32f0xx_tim.o(.text)
    TIM_GetFlagStatus                        0x08001ac1   Thumb Code    14  stm32f0xx_tim.o(.text)
    TIM_ClearFlag                            0x08001acf   Thumb Code     6  stm32f0xx_tim.o(.text)
    TIM_GetITStatus                          0x08001ad5   Thumb Code    24  stm32f0xx_tim.o(.text)
    TIM_ClearITPendingBit                    0x08001aed   Thumb Code     6  stm32f0xx_tim.o(.text)
    TIM_DMAConfig                            0x08001af3   Thumb Code     8  stm32f0xx_tim.o(.text)
    TIM_DMACmd                               0x08001afb   Thumb Code    16  stm32f0xx_tim.o(.text)
    TIM_SelectCCDMA                          0x08001b0b   Thumb Code    18  stm32f0xx_tim.o(.text)
    TIM_InternalClockConfig                  0x08001b1d   Thumb Code    10  stm32f0xx_tim.o(.text)
    TIM_SelectInputTrigger                   0x08001b27   Thumb Code    12  stm32f0xx_tim.o(.text)
    TIM_ITRxExternalClockConfig              0x08001b33   Thumb Code    62  stm32f0xx_tim.o(.text)
    TIM_TIxExternalClockConfig               0x08001b71   Thumb Code    48  stm32f0xx_tim.o(.text)
    TIM_ETRConfig                            0x08001ba1   Thumb Code    18  stm32f0xx_tim.o(.text)
    TIM_ETRClockMode1Config                  0x08001bb3   Thumb Code    28  stm32f0xx_tim.o(.text)
    TIM_ETRClockMode2Config                  0x08001bcf   Thumb Code    20  stm32f0xx_tim.o(.text)
    TIM_SelectOutputTrigger                  0x08001be3   Thumb Code    16  stm32f0xx_tim.o(.text)
    TIM_SelectSlaveMode                      0x08001bf3   Thumb Code    16  stm32f0xx_tim.o(.text)
    TIM_SelectMasterSlaveMode                0x08001c03   Thumb Code    16  stm32f0xx_tim.o(.text)
    TIM_EncoderInterfaceConfig               0x08001c13   Thumb Code    42  stm32f0xx_tim.o(.text)
    TIM_SelectHallSensor                     0x08001c3d   Thumb Code    18  stm32f0xx_tim.o(.text)
    TIM_RemapConfig                          0x08001c4f   Thumb Code     6  stm32f0xx_tim.o(.text)
    SPI_I2S_DeInit                           0x08001c59   Thumb Code    54  stm32f0xx_spi.o(.text)
    SPI_StructInit                           0x08001c8f   Thumb Code    28  stm32f0xx_spi.o(.text)
    SPI_Init                                 0x08001cab   Thumb Code    74  stm32f0xx_spi.o(.text)
    I2S_StructInit                           0x08001cf5   Thumb Code    18  stm32f0xx_spi.o(.text)
    I2S_Init                                 0x08001d07   Thumb Code   154  stm32f0xx_spi.o(.text)
    SPI_Cmd                                  0x08001da1   Thumb Code    18  stm32f0xx_spi.o(.text)
    SPI_TIModeCmd                            0x08001db3   Thumb Code    18  stm32f0xx_spi.o(.text)
    I2S_Cmd                                  0x08001dc5   Thumb Code    22  stm32f0xx_spi.o(.text)
    SPI_DataSizeConfig                       0x08001ddb   Thumb Code    12  stm32f0xx_spi.o(.text)
    SPI_RxFIFOThresholdConfig                0x08001de7   Thumb Code    16  stm32f0xx_spi.o(.text)
    SPI_BiDirectionalLineConfig              0x08001df7   Thumb Code    22  stm32f0xx_spi.o(.text)
    SPI_NSSInternalSoftwareConfig            0x08001e0d   Thumb Code    22  stm32f0xx_spi.o(.text)
    SPI_SSOutputCmd                          0x08001e23   Thumb Code    18  stm32f0xx_spi.o(.text)
    SPI_NSSPulseModeCmd                      0x08001e35   Thumb Code    18  stm32f0xx_spi.o(.text)
    SPI_SendData8                            0x08001e47   Thumb Code     4  stm32f0xx_spi.o(.text)
    SPI_I2S_SendData16                       0x08001e4b   Thumb Code     4  stm32f0xx_spi.o(.text)
    SPI_ReceiveData8                         0x08001e4f   Thumb Code     4  stm32f0xx_spi.o(.text)
    SPI_I2S_ReceiveData16                    0x08001e53   Thumb Code     4  stm32f0xx_spi.o(.text)
    SPI_CRCLengthConfig                      0x08001e57   Thumb Code    16  stm32f0xx_spi.o(.text)
    SPI_CalculateCRC                         0x08001e67   Thumb Code    22  stm32f0xx_spi.o(.text)
    SPI_TransmitCRC                          0x08001e7d   Thumb Code    12  stm32f0xx_spi.o(.text)
    SPI_GetCRC                               0x08001e89   Thumb Code    12  stm32f0xx_spi.o(.text)
    SPI_GetCRCPolynomial                     0x08001e95   Thumb Code     4  stm32f0xx_spi.o(.text)
    SPI_I2S_DMACmd                           0x08001e99   Thumb Code    16  stm32f0xx_spi.o(.text)
    SPI_LastDMATransferCmd                   0x08001ea9   Thumb Code    16  stm32f0xx_spi.o(.text)
    SPI_I2S_ITConfig                         0x08001eb9   Thumb Code    24  stm32f0xx_spi.o(.text)
    SPI_GetTransmissionFIFOStatus            0x08001ed1   Thumb Code    10  stm32f0xx_spi.o(.text)
    SPI_GetReceptionFIFOStatus               0x08001edb   Thumb Code    10  stm32f0xx_spi.o(.text)
    SPI_I2S_GetFlagStatus                    0x08001ee5   Thumb Code    14  stm32f0xx_spi.o(.text)
    SPI_I2S_ClearFlag                        0x08001ef3   Thumb Code     6  stm32f0xx_spi.o(.text)
    SPI_I2S_GetITStatus                      0x08001ef9   Thumb Code    42  stm32f0xx_spi.o(.text)
    Reset_Handler                            0x08001f4d   Thumb Code     8  startup_stm32f0xx.o(.text)
    ADC1_COMP_IRQHandler                     0x08001f5f   Thumb Code     0  startup_stm32f0xx.o(.text)
    CEC_IRQHandler                           0x08001f5f   Thumb Code     0  startup_stm32f0xx.o(.text)
    DMA1_Channel1_IRQHandler                 0x08001f5f   Thumb Code     0  startup_stm32f0xx.o(.text)
    DMA1_Channel2_3_IRQHandler               0x08001f5f   Thumb Code     0  startup_stm32f0xx.o(.text)
    DMA1_Channel4_5_IRQHandler               0x08001f5f   Thumb Code     0  startup_stm32f0xx.o(.text)
    EXTI0_1_IRQHandler                       0x08001f5f   Thumb Code     0  startup_stm32f0xx.o(.text)
    EXTI2_3_IRQHandler                       0x08001f5f   Thumb Code     0  startup_stm32f0xx.o(.text)
    EXTI4_15_IRQHandler                      0x08001f5f   Thumb Code     0  startup_stm32f0xx.o(.text)
    FLASH_IRQHandler                         0x08001f5f   Thumb Code     0  startup_stm32f0xx.o(.text)
    I2C1_IRQHandler                          0x08001f5f   Thumb Code     0  startup_stm32f0xx.o(.text)
    I2C2_IRQHandler                          0x08001f5f   Thumb Code     0  startup_stm32f0xx.o(.text)
    PVD_IRQHandler                           0x08001f5f   Thumb Code     0  startup_stm32f0xx.o(.text)
    RCC_IRQHandler                           0x08001f5f   Thumb Code     0  startup_stm32f0xx.o(.text)
    RTC_IRQHandler                           0x08001f5f   Thumb Code     0  startup_stm32f0xx.o(.text)
    SPI1_IRQHandler                          0x08001f5f   Thumb Code     0  startup_stm32f0xx.o(.text)
    SPI2_IRQHandler                          0x08001f5f   Thumb Code     0  startup_stm32f0xx.o(.text)
    TIM14_IRQHandler                         0x08001f5f   Thumb Code     0  startup_stm32f0xx.o(.text)
    TIM15_IRQHandler                         0x08001f5f   Thumb Code     0  startup_stm32f0xx.o(.text)
    TIM16_IRQHandler                         0x08001f5f   Thumb Code     0  startup_stm32f0xx.o(.text)
    TIM17_IRQHandler                         0x08001f5f   Thumb Code     0  startup_stm32f0xx.o(.text)
    TIM1_BRK_UP_TRG_COM_IRQHandler           0x08001f5f   Thumb Code     0  startup_stm32f0xx.o(.text)
    TIM1_CC_IRQHandler                       0x08001f5f   Thumb Code     0  startup_stm32f0xx.o(.text)
    TIM2_IRQHandler                          0x08001f5f   Thumb Code     0  startup_stm32f0xx.o(.text)
    TIM6_DAC_IRQHandler                      0x08001f5f   Thumb Code     0  startup_stm32f0xx.o(.text)
    TS_IRQHandler                            0x08001f5f   Thumb Code     0  startup_stm32f0xx.o(.text)
    USART1_IRQHandler                        0x08001f5f   Thumb Code     0  startup_stm32f0xx.o(.text)
    USART2_IRQHandler                        0x08001f5f   Thumb Code     0  startup_stm32f0xx.o(.text)
    WWDG_IRQHandler                          0x08001f5f   Thumb Code     0  startup_stm32f0xx.o(.text)
    SystemInit                               0x08001f69   Thumb Code    84  system_stm32f0xx.o(.text)
    SystemCoreClockUpdate                    0x08001fbd   Thumb Code    90  system_stm32f0xx.o(.text)
    __aeabi_uidiv                            0x080020c1   Thumb Code     0  uidiv.o(.text)
    __aeabi_uidivmod                         0x080020c1   Thumb Code    44  uidiv.o(.text)
    __scatterload                            0x080020ed   Thumb Code    28  init.o(.text)
    __scatterload_rt2                        0x080020ed   Thumb Code     0  init.o(.text)
    __ARM_common_switch8                     0x08002111   Thumb Code    26  main3.o(i.__ARM_common_switch8)
    __scatterload_copy                       0x0800212b   Thumb Code    14  handlers.o(i.__scatterload_copy)
    __scatterload_null                       0x08002139   Thumb Code     2  handlers.o(i.__scatterload_null)
    __scatterload_zeroinit                   0x0800213b   Thumb Code    14  handlers.o(i.__scatterload_zeroinit)
    BUTTON_PIN                               0x08002148   Data           2  stm32f0_discovery.o(.constdata)
    BUTTON_EXTI_LINE                         0x0800214a   Data           2  stm32f0_discovery.o(.constdata)
    BUTTON_PORT_SOURCE                       0x0800214c   Data           2  stm32f0_discovery.o(.constdata)
    BUTTON_PIN_SOURCE                        0x0800214e   Data           2  stm32f0_discovery.o(.constdata)
    BUTTON_IRQn                              0x08002150   Data           2  stm32f0_discovery.o(.constdata)
    GPIO_PIN                                 0x08002152   Data           4  stm32f0_discovery.o(.constdata)
    BUTTON_CLK                               0x08002158   Data           4  stm32f0_discovery.o(.constdata)
    GPIO_CLK                                 0x0800215c   Data           8  stm32f0_discovery.o(.constdata)
    Region$$Table$$Base                      0x08002164   Number         0  anon$$obj.o(Region$$Table)
    Region$$Table$$Limit                     0x08002184   Number         0  anon$$obj.o(Region$$Table)
    BUTTON_PORT                              0x20000004   Data           4  stm32f0_discovery.o(.data)
    GPIO_PORT                                0x20000008   Data           8  stm32f0_discovery.o(.data)
    SystemCoreClock                          0x20000020   Data           4  system_stm32f0xx.o(.data)
    AHBPrescTable                            0x20000024   Data          16  system_stm32f0xx.o(.data)
    __initial_sp                             0x20000438   Data           0  startup_stm32f0xx.o(STACK)



==============================================================================

Memory Map of the image

  Image Entry point : 0x080000c1

  Load Region LR_IROM1 (Base: 0x08000000, Size: 0x000021b8, Max: 0x00010000, ABSOLUTE)

    Execution Region ER_IROM1 (Exec base: 0x08000000, Load base: 0x08000000, Size: 0x00002184, Max: 0x00010000, ABSOLUTE)

    Exec Addr    Load Addr    Size         Type   Attr      Idx    E Section Name        Object

    0x08000000   0x08000000   0x000000c0   Data   RO          287    RESET               startup_stm32f0xx.o
    0x080000c0   0x080000c0   0x00000000   Code   RO          314  * .ARM.Collect$$$$00000000  mc_p.l(entry.o)
    0x080000c0   0x080000c0   0x00000004   Code   RO          319    .ARM.Collect$$$$00000001  mc_p.l(entry2.o)
    0x080000c4   0x080000c4   0x00000004   Code   RO          322    .ARM.Collect$$$$00000004  mc_p.l(entry5.o)
    0x080000c8   0x080000c8   0x00000000   Code   RO          324    .ARM.Collect$$$$00000008  mc_p.l(entry7b.o)
    0x080000c8   0x080000c8   0x00000000   Code   RO          326    .ARM.Collect$$$$0000000A  mc_p.l(entry8b.o)
    0x080000c8   0x080000c8   0x00000008   Code   RO          327    .ARM.Collect$$$$0000000B  mc_p.l(entry9a.o)
    0x080000d0   0x080000d0   0x00000000   Code   RO          329    .ARM.Collect$$$$0000000D  mc_p.l(entry10a.o)
    0x080000d0   0x080000d0   0x00000000   Code   RO          331    .ARM.Collect$$$$0000000F  mc_p.l(entry11a.o)
    0x080000d0   0x080000d0   0x00000004   Code   RO          320    .ARM.Collect$$$$00002712  mc_p.l(entry2.o)
    0x080000d4   0x080000d4   0x00000070   Code   RO            2    .text               stm32f0xx_it.o
    0x08000144   0x08000144   0x0000098c   Code   RO          113    .text               main3.o
    0x08000ad0   0x08000ad0   0x0000011c   Code   RO          135    .text               stm32f0_discovery.o
    0x08000bec   0x08000bec   0x000000d4   Code   RO          155    .text               stm32f0xx_exti.o
    0x08000cc0   0x08000cc0   0x0000015c   Code   RO          171    .text               stm32f0xx_gpio.o
    0x08000e1c   0x08000e1c   0x0000007c   Code   RO          187    .text               stm32f0xx_misc.o
    0x08000e98   0x08000e98   0x0000040c   Code   RO          203    .text               stm32f0xx_rcc.o
    0x080012a4   0x080012a4   0x00000098   Code   RO          221    .text               stm32f0xx_syscfg.o
    0x0800133c   0x0800133c   0x0000091c   Code   RO          237    .text               stm32f0xx_tim.o
    0x08001c58   0x08001c58   0x000002f4   Code   RO          270    .text               stm32f0xx_spi.o
    0x08001f4c   0x08001f4c   0x0000001c   Code   RO          288    .text               startup_stm32f0xx.o
    0x08001f68   0x08001f68   0x00000158   Code   RO          293    .text               system_stm32f0xx.o
    0x080020c0   0x080020c0   0x0000002c   Code   RO          317    .text               mc_p.l(uidiv.o)
    0x080020ec   0x080020ec   0x00000024   Code   RO          333    .text               mc_p.l(init.o)
    0x08002110   0x08002110   0x0000001a   Code   RO          125    i.__ARM_common_switch8  main3.o
    0x0800212a   0x0800212a   0x0000000e   Code   RO          337    i.__scatterload_copy  mc_p.l(handlers.o)
    0x08002138   0x08002138   0x00000002   Code   RO          338    i.__scatterload_null  mc_p.l(handlers.o)
    0x0800213a   0x0800213a   0x0000000e   Code   RO          339    i.__scatterload_zeroinit  mc_p.l(handlers.o)
    0x08002148   0x08002148   0x0000001c   Data   RO          136    .constdata          stm32f0_discovery.o
    0x08002164   0x08002164   0x00000020   Data   RO          335    Region$$Table       anon$$obj.o


    Execution Region RW_IRAM1 (Exec base: 0x20000000, Load base: 0x08002184, Size: 0x00000438, Max: 0x00002000, ABSOLUTE)

    Exec Addr    Load Addr    Size         Type   Attr      Idx    E Section Name        Object

    0x20000000   0x08002184   0x00000004   Data   RW            3    .data               stm32f0xx_it.o
    0x20000004   0x08002188   0x0000000c   Data   RW          137    .data               stm32f0_discovery.o
    0x20000010   0x08002194   0x00000010   Data   RW          204    .data               stm32f0xx_rcc.o
    0x20000020   0x080021a4   0x00000014   Data   RW          294    .data               system_stm32f0xx.o
    0x20000034   0x080021b8   0x00000004   PAD
    0x20000038        -       0x00000400   Zero   RW          285    STACK               startup_stm32f0xx.o


==============================================================================

Image component sizes


      Code (inc. data)   RO Data    RW Data    ZI Data      Debug   Object Name

      2470         50          0          0          0       4493   main3.o
        28          8        192          0       1024        608   startup_stm32f0xx.o
       284         10         28         12          0       2879   stm32f0_discovery.o
       212         14          0          0          0       2447   stm32f0xx_exti.o
       348         22          0          0          0       3953   stm32f0xx_gpio.o
       112         14          0          4          0     136243   stm32f0xx_it.o
       124         16          0          0          0       1488   stm32f0xx_misc.o
      1036         38          0         16          0       8894   stm32f0xx_rcc.o
       756         42          0          0          0       8059   stm32f0xx_spi.o
       152          4          0          0          0       2066   stm32f0xx_syscfg.o
      2332        122          0          0          0      22647   stm32f0xx_tim.o
       344         28          0         20          0       1719   system_stm32f0xx.o

    ----------------------------------------------------------------------
      8198        368        252         52       1028     195496   Object Totals
         0          0         32          0          0          0   (incl. Generated)
         0          0          0          0          4          0   (incl. Padding)

    ----------------------------------------------------------------------

      Code (inc. data)   RO Data    RW Data    ZI Data      Debug   Library Member Name

         0          0          0          0          0          0   entry.o
         0          0          0          0          0          0   entry10a.o
         0          0          0          0          0          0   entry11a.o
         8          4          0          0          0          0   entry2.o
         4          0          0          0          0          0   entry5.o
         0          0          0          0          0          0   entry7b.o
         0          0          0          0          0          0   entry8b.o
         8          4          0          0          0          0   entry9a.o
        30          0          0          0          0          0   handlers.o
        36          8          0          0          0         68   init.o
        44          0          0          0          0         72   uidiv.o

    ----------------------------------------------------------------------
       130         16          0          0          0        140   Library Totals
         0          0          0          0          0          0   (incl. Padding)

    ----------------------------------------------------------------------

      Code (inc. data)   RO Data    RW Data    ZI Data      Debug   Library Name

       130         16          0          0          0        140   mc_p.l

    ----------------------------------------------------------------------
       130         16          0          0          0        140   Library Totals

    ----------------------------------------------------------------------

==============================================================================


      Code (inc. data)   RO Data    RW Data    ZI Data      Debug   

      8328        384        252         52       1028     194424   Grand Totals
      8328        384        252         52       1028     194424   ELF Image Totals
      8328        384        252         52          0          0   ROM Totals

==============================================================================

    Total RO  Size (Code + RO Data)                 8580 (   8.38kB)
    Total RW  Size (RW Data + ZI Data)              1080 (   1.05kB)
    Total ROM Size (Code + RO Data + RW Data)       8632 (   8.43kB)

==============================================================================

