<!doctype html public "-//w3c//dtd html 4.0 transitional//en">
<html><head>
<title>Static Call Graph - [.\obj\lesson5.axf]</title></head>
<body><HR>
<H1>Static Call Graph for image .\obj\lesson5.axf</H1><HR>
<BR><P>#&#060CALLGRAPH&#062# ARM Linker, 5060750: Last Updated: Thu Apr 22 10:52:50 2021
<BR><P>
<H3>Maximum Stack Usage =        112 bytes + Unknown(Functions without stacksize, Cycles, Untraceable Function Pointers)</H3><H3>
Call chain for Maximum Stack Depth:</H3>
__rt_entry_main &rArr; main &rArr; initUsart &rArr; USART_Init &rArr; RCC_GetClocksFreq
<P>
<H3>
Functions with no stack information
</H3><UL>
 <LI><a href="#[7c]">__user_initial_stackheap</a>
</UL>
</UL>
<P>
<H3>
Mutually Recursive functions
</H3> <LI><a href="#[6]">NMI_Handler</a>&nbsp;&nbsp;&nbsp;&rArr;&nbsp;&nbsp;&nbsp;<a href="#[6]">NMI_Handler</a><BR>
 <LI><a href="#[7]">HardFault_Handler</a>&nbsp;&nbsp;&nbsp;&rArr;&nbsp;&nbsp;&nbsp;<a href="#[7]">HardFault_Handler</a><BR>
 <LI><a href="#[8]">SVC_Handler</a>&nbsp;&nbsp;&nbsp;&rArr;&nbsp;&nbsp;&nbsp;<a href="#[8]">SVC_Handler</a><BR>
 <LI><a href="#[9]">PendSV_Handler</a>&nbsp;&nbsp;&nbsp;&rArr;&nbsp;&nbsp;&nbsp;<a href="#[9]">PendSV_Handler</a><BR>
 <LI><a href="#[17]">ADC1_COMP_IRQHandler</a>&nbsp;&nbsp;&nbsp;&rArr;&nbsp;&nbsp;&nbsp;<a href="#[17]">ADC1_COMP_IRQHandler</a><BR>
</UL>
<P>
<H3>
Function Pointers
</H3><UL>
 <LI><a href="#[17]">ADC1_COMP_IRQHandler</a> from startup_stm32f0xx.o(.text) referenced from startup_stm32f0xx.o(RESET)
 <LI><a href="#[27]">CEC_IRQHandler</a> from startup_stm32f0xx.o(.text) referenced from startup_stm32f0xx.o(RESET)
 <LI><a href="#[14]">DMA1_Channel1_IRQHandler</a> from startup_stm32f0xx.o(.text) referenced from startup_stm32f0xx.o(RESET)
 <LI><a href="#[15]">DMA1_Channel2_3_IRQHandler</a> from startup_stm32f0xx.o(.text) referenced from startup_stm32f0xx.o(RESET)
 <LI><a href="#[16]">DMA1_Channel4_5_IRQHandler</a> from startup_stm32f0xx.o(.text) referenced from startup_stm32f0xx.o(RESET)
 <LI><a href="#[10]">EXTI0_1_IRQHandler</a> from startup_stm32f0xx.o(.text) referenced from startup_stm32f0xx.o(RESET)
 <LI><a href="#[11]">EXTI2_3_IRQHandler</a> from startup_stm32f0xx.o(.text) referenced from startup_stm32f0xx.o(RESET)
 <LI><a href="#[12]">EXTI4_15_IRQHandler</a> from startup_stm32f0xx.o(.text) referenced from startup_stm32f0xx.o(RESET)
 <LI><a href="#[e]">FLASH_IRQHandler</a> from startup_stm32f0xx.o(.text) referenced from startup_stm32f0xx.o(RESET)
 <LI><a href="#[7]">HardFault_Handler</a> from startup_stm32f0xx.o(.text) referenced from startup_stm32f0xx.o(RESET)
 <LI><a href="#[21]">I2C1_IRQHandler</a> from startup_stm32f0xx.o(.text) referenced from startup_stm32f0xx.o(RESET)
 <LI><a href="#[22]">I2C2_IRQHandler</a> from startup_stm32f0xx.o(.text) referenced from startup_stm32f0xx.o(RESET)
 <LI><a href="#[6]">NMI_Handler</a> from startup_stm32f0xx.o(.text) referenced from startup_stm32f0xx.o(RESET)
 <LI><a href="#[c]">PVD_IRQHandler</a> from startup_stm32f0xx.o(.text) referenced from startup_stm32f0xx.o(RESET)
 <LI><a href="#[9]">PendSV_Handler</a> from startup_stm32f0xx.o(.text) referenced from startup_stm32f0xx.o(RESET)
 <LI><a href="#[f]">RCC_IRQHandler</a> from startup_stm32f0xx.o(.text) referenced from startup_stm32f0xx.o(RESET)
 <LI><a href="#[d]">RTC_IRQHandler</a> from startup_stm32f0xx.o(.text) referenced from startup_stm32f0xx.o(RESET)
 <LI><a href="#[5]">Reset_Handler</a> from startup_stm32f0xx.o(.text) referenced from startup_stm32f0xx.o(RESET)
 <LI><a href="#[23]">SPI1_IRQHandler</a> from startup_stm32f0xx.o(.text) referenced from startup_stm32f0xx.o(RESET)
 <LI><a href="#[24]">SPI2_IRQHandler</a> from startup_stm32f0xx.o(.text) referenced from startup_stm32f0xx.o(RESET)
 <LI><a href="#[8]">SVC_Handler</a> from startup_stm32f0xx.o(.text) referenced from startup_stm32f0xx.o(RESET)
 <LI><a href="#[a]">SysTick_Handler</a> from stm32f0xx_it.o(.text) referenced from startup_stm32f0xx.o(RESET)
 <LI><a href="#[28]">SystemInit</a> from system_stm32f0xx.o(.text) referenced from startup_stm32f0xx.o(.text)
 <LI><a href="#[1d]">TIM14_IRQHandler</a> from startup_stm32f0xx.o(.text) referenced from startup_stm32f0xx.o(RESET)
 <LI><a href="#[1e]">TIM15_IRQHandler</a> from startup_stm32f0xx.o(.text) referenced from startup_stm32f0xx.o(RESET)
 <LI><a href="#[1f]">TIM16_IRQHandler</a> from startup_stm32f0xx.o(.text) referenced from startup_stm32f0xx.o(RESET)
 <LI><a href="#[20]">TIM17_IRQHandler</a> from startup_stm32f0xx.o(.text) referenced from startup_stm32f0xx.o(RESET)
 <LI><a href="#[18]">TIM1_BRK_UP_TRG_COM_IRQHandler</a> from startup_stm32f0xx.o(.text) referenced from startup_stm32f0xx.o(RESET)
 <LI><a href="#[19]">TIM1_CC_IRQHandler</a> from startup_stm32f0xx.o(.text) referenced from startup_stm32f0xx.o(RESET)
 <LI><a href="#[1a]">TIM2_IRQHandler</a> from startup_stm32f0xx.o(.text) referenced from startup_stm32f0xx.o(RESET)
 <LI><a href="#[1b]">TIM3_IRQHandler</a> from startup_stm32f0xx.o(.text) referenced from startup_stm32f0xx.o(RESET)
 <LI><a href="#[1c]">TIM6_DAC_IRQHandler</a> from startup_stm32f0xx.o(.text) referenced from startup_stm32f0xx.o(RESET)
 <LI><a href="#[13]">TS_IRQHandler</a> from startup_stm32f0xx.o(.text) referenced from startup_stm32f0xx.o(RESET)
 <LI><a href="#[25]">USART1_IRQHandler</a> from startup_stm32f0xx.o(.text) referenced from startup_stm32f0xx.o(RESET)
 <LI><a href="#[26]">USART2_IRQHandler</a> from startup_stm32f0xx.o(.text) referenced from startup_stm32f0xx.o(RESET)
 <LI><a href="#[b]">WWDG_IRQHandler</a> from startup_stm32f0xx.o(.text) referenced from startup_stm32f0xx.o(RESET)
 <LI><a href="#[2a]">__main</a> from __main.o(!!!main) referenced from startup_stm32f0xx.o(.text)
</UL>
<P>
<H3>
Global Symbols
</H3>
<P><STRONG><a name="[2a]"></a>__main</STRONG> (Thumb, 8 bytes, Stack size 0 bytes, __main.o(!!!main))
<BR><BR>[Calls]<UL><LI><a href="#[2c]">&gt;&gt;</a>&nbsp;&nbsp;&nbsp;__rt_entry
<LI><a href="#[2b]">&gt;&gt;</a>&nbsp;&nbsp;&nbsp;__scatterload
</UL>

<P><STRONG><a name="[2b]"></a>__scatterload</STRONG> (Thumb, 0 bytes, Stack size unknown bytes, __scatter.o(!!!scatter))
<BR><BR>[Called By]<UL><LI><a href="#[2a]">&gt;&gt;</a>&nbsp;&nbsp;&nbsp;__main
</UL>

<P><STRONG><a name="[2d]"></a>__scatterload_rt2</STRONG> (Thumb, 52 bytes, Stack size unknown bytes, __scatter.o(!!!scatter), UNUSED)
<BR><BR>[Calls]<UL><LI><a href="#[2c]">&gt;&gt;</a>&nbsp;&nbsp;&nbsp;__rt_entry
</UL>

<P><STRONG><a name="[7f]"></a>__scatterload_rt2_thumb_only</STRONG> (Thumb, 0 bytes, Stack size unknown bytes, __scatter.o(!!!scatter), UNUSED)

<P><STRONG><a name="[80]"></a>__scatterload_null</STRONG> (Thumb, 0 bytes, Stack size unknown bytes, __scatter.o(!!!scatter), UNUSED)

<P><STRONG><a name="[2e]"></a>__scatterload_copy</STRONG> (Thumb, 26 bytes, Stack size unknown bytes, __scatter_copy.o(!!handler_copy), UNUSED)
<BR><BR>[Calls]<UL><LI><a href="#[2e]">&gt;&gt;</a>&nbsp;&nbsp;&nbsp;__scatterload_copy
</UL>
<BR>[Called By]<UL><LI><a href="#[2e]">&gt;&gt;</a>&nbsp;&nbsp;&nbsp;__scatterload_copy
</UL>

<P><STRONG><a name="[81]"></a>__scatterload_zeroinit</STRONG> (Thumb, 28 bytes, Stack size unknown bytes, __scatter_zi.o(!!handler_zi), UNUSED)

<P><STRONG><a name="[32]"></a>__rt_lib_init</STRONG> (Thumb, 0 bytes, Stack size unknown bytes, libinit.o(.ARM.Collect$$libinit$$00000000))
<BR><BR>[Called By]<UL><LI><a href="#[31]">&gt;&gt;</a>&nbsp;&nbsp;&nbsp;__rt_entry_li
</UL>

<P><STRONG><a name="[82]"></a>__rt_lib_init_alloca_1</STRONG> (Thumb, 0 bytes, Stack size unknown bytes, libinit2.o(.ARM.Collect$$libinit$$0000002E))

<P><STRONG><a name="[83]"></a>__rt_lib_init_argv_1</STRONG> (Thumb, 0 bytes, Stack size unknown bytes, libinit2.o(.ARM.Collect$$libinit$$0000002C))

<P><STRONG><a name="[84]"></a>__rt_lib_init_atexit_1</STRONG> (Thumb, 0 bytes, Stack size unknown bytes, libinit2.o(.ARM.Collect$$libinit$$0000001B))

<P><STRONG><a name="[85]"></a>__rt_lib_init_clock_1</STRONG> (Thumb, 0 bytes, Stack size unknown bytes, libinit2.o(.ARM.Collect$$libinit$$00000021))

<P><STRONG><a name="[86]"></a>__rt_lib_init_cpp_1</STRONG> (Thumb, 0 bytes, Stack size unknown bytes, libinit2.o(.ARM.Collect$$libinit$$00000032))

<P><STRONG><a name="[87]"></a>__rt_lib_init_exceptions_1</STRONG> (Thumb, 0 bytes, Stack size unknown bytes, libinit2.o(.ARM.Collect$$libinit$$00000030))

<P><STRONG><a name="[88]"></a>__rt_lib_init_fp_1</STRONG> (Thumb, 0 bytes, Stack size unknown bytes, libinit2.o(.ARM.Collect$$libinit$$00000002))

<P><STRONG><a name="[89]"></a>__rt_lib_init_fp_trap_1</STRONG> (Thumb, 0 bytes, Stack size unknown bytes, libinit2.o(.ARM.Collect$$libinit$$0000001F))

<P><STRONG><a name="[8a]"></a>__rt_lib_init_getenv_1</STRONG> (Thumb, 0 bytes, Stack size unknown bytes, libinit2.o(.ARM.Collect$$libinit$$00000023))

<P><STRONG><a name="[8b]"></a>__rt_lib_init_heap_1</STRONG> (Thumb, 0 bytes, Stack size unknown bytes, libinit2.o(.ARM.Collect$$libinit$$0000000A))

<P><STRONG><a name="[8c]"></a>__rt_lib_init_lc_collate_1</STRONG> (Thumb, 0 bytes, Stack size unknown bytes, libinit2.o(.ARM.Collect$$libinit$$00000011))

<P><STRONG><a name="[8d]"></a>__rt_lib_init_lc_ctype_1</STRONG> (Thumb, 0 bytes, Stack size unknown bytes, libinit2.o(.ARM.Collect$$libinit$$00000013))

<P><STRONG><a name="[8e]"></a>__rt_lib_init_lc_monetary_1</STRONG> (Thumb, 0 bytes, Stack size unknown bytes, libinit2.o(.ARM.Collect$$libinit$$00000015))

<P><STRONG><a name="[8f]"></a>__rt_lib_init_lc_numeric_1</STRONG> (Thumb, 0 bytes, Stack size unknown bytes, libinit2.o(.ARM.Collect$$libinit$$00000017))

<P><STRONG><a name="[90]"></a>__rt_lib_init_lc_time_1</STRONG> (Thumb, 0 bytes, Stack size unknown bytes, libinit2.o(.ARM.Collect$$libinit$$00000019))

<P><STRONG><a name="[91]"></a>__rt_lib_init_preinit_1</STRONG> (Thumb, 0 bytes, Stack size unknown bytes, libinit2.o(.ARM.Collect$$libinit$$00000004))

<P><STRONG><a name="[92]"></a>__rt_lib_init_rand_1</STRONG> (Thumb, 0 bytes, Stack size unknown bytes, libinit2.o(.ARM.Collect$$libinit$$0000000E))

<P><STRONG><a name="[93]"></a>__rt_lib_init_return</STRONG> (Thumb, 0 bytes, Stack size unknown bytes, libinit2.o(.ARM.Collect$$libinit$$00000033))

<P><STRONG><a name="[94]"></a>__rt_lib_init_signal_1</STRONG> (Thumb, 0 bytes, Stack size unknown bytes, libinit2.o(.ARM.Collect$$libinit$$0000001D))

<P><STRONG><a name="[95]"></a>__rt_lib_init_stdio_1</STRONG> (Thumb, 0 bytes, Stack size unknown bytes, libinit2.o(.ARM.Collect$$libinit$$00000025))

<P><STRONG><a name="[96]"></a>__rt_lib_init_user_alloc_1</STRONG> (Thumb, 0 bytes, Stack size unknown bytes, libinit2.o(.ARM.Collect$$libinit$$0000000C))

<P><STRONG><a name="[37]"></a>__rt_lib_shutdown</STRONG> (Thumb, 0 bytes, Stack size unknown bytes, libshutdown.o(.ARM.Collect$$libshutdown$$00000000))
<BR><BR>[Called By]<UL><LI><a href="#[36]">&gt;&gt;</a>&nbsp;&nbsp;&nbsp;__rt_exit_ls
</UL>

<P><STRONG><a name="[97]"></a>__rt_lib_shutdown_cpp_1</STRONG> (Thumb, 0 bytes, Stack size unknown bytes, libshutdown2.o(.ARM.Collect$$libshutdown$$00000002))

<P><STRONG><a name="[98]"></a>__rt_lib_shutdown_fp_trap_1</STRONG> (Thumb, 0 bytes, Stack size unknown bytes, libshutdown2.o(.ARM.Collect$$libshutdown$$00000007))

<P><STRONG><a name="[99]"></a>__rt_lib_shutdown_heap_1</STRONG> (Thumb, 0 bytes, Stack size unknown bytes, libshutdown2.o(.ARM.Collect$$libshutdown$$0000000F))

<P><STRONG><a name="[9a]"></a>__rt_lib_shutdown_return</STRONG> (Thumb, 0 bytes, Stack size unknown bytes, libshutdown2.o(.ARM.Collect$$libshutdown$$00000010))

<P><STRONG><a name="[9b]"></a>__rt_lib_shutdown_signal_1</STRONG> (Thumb, 0 bytes, Stack size unknown bytes, libshutdown2.o(.ARM.Collect$$libshutdown$$0000000A))

<P><STRONG><a name="[9c]"></a>__rt_lib_shutdown_stdio_1</STRONG> (Thumb, 0 bytes, Stack size unknown bytes, libshutdown2.o(.ARM.Collect$$libshutdown$$00000004))

<P><STRONG><a name="[9d]"></a>__rt_lib_shutdown_user_alloc_1</STRONG> (Thumb, 0 bytes, Stack size unknown bytes, libshutdown2.o(.ARM.Collect$$libshutdown$$0000000C))

<P><STRONG><a name="[2c]"></a>__rt_entry</STRONG> (Thumb, 0 bytes, Stack size unknown bytes, __rtentry.o(.ARM.Collect$$rtentry$$00000000))
<BR><BR>[Called By]<UL><LI><a href="#[2a]">&gt;&gt;</a>&nbsp;&nbsp;&nbsp;__main
<LI><a href="#[2d]">&gt;&gt;</a>&nbsp;&nbsp;&nbsp;__scatterload_rt2
</UL>

<P><STRONG><a name="[9e]"></a>__rt_entry_presh_1</STRONG> (Thumb, 0 bytes, Stack size unknown bytes, __rtentry2.o(.ARM.Collect$$rtentry$$00000002))

<P><STRONG><a name="[2f]"></a>__rt_entry_sh</STRONG> (Thumb, 0 bytes, Stack size unknown bytes, __rtentry4.o(.ARM.Collect$$rtentry$$00000004))
<BR><BR>[Stack]<UL><LI>Max Depth = 8 + Unknown Stack Size
<LI>Call Chain = __rt_entry_sh &rArr; __user_setup_stackheap
</UL>
<BR>[Calls]<UL><LI><a href="#[30]">&gt;&gt;</a>&nbsp;&nbsp;&nbsp;__user_setup_stackheap
</UL>

<P><STRONG><a name="[31]"></a>__rt_entry_li</STRONG> (Thumb, 0 bytes, Stack size unknown bytes, __rtentry2.o(.ARM.Collect$$rtentry$$0000000A))
<BR><BR>[Calls]<UL><LI><a href="#[32]">&gt;&gt;</a>&nbsp;&nbsp;&nbsp;__rt_lib_init
</UL>

<P><STRONG><a name="[9f]"></a>__rt_entry_postsh_1</STRONG> (Thumb, 0 bytes, Stack size unknown bytes, __rtentry2.o(.ARM.Collect$$rtentry$$00000009))

<P><STRONG><a name="[33]"></a>__rt_entry_main</STRONG> (Thumb, 0 bytes, Stack size unknown bytes, __rtentry2.o(.ARM.Collect$$rtentry$$0000000D))
<BR><BR>[Stack]<UL><LI>Max Depth = 112 + Unknown Stack Size
<LI>Call Chain = __rt_entry_main &rArr; main &rArr; initUsart &rArr; USART_Init &rArr; RCC_GetClocksFreq
</UL>
<BR>[Calls]<UL><LI><a href="#[35]">&gt;&gt;</a>&nbsp;&nbsp;&nbsp;exit
<LI><a href="#[34]">&gt;&gt;</a>&nbsp;&nbsp;&nbsp;main
</UL>

<P><STRONG><a name="[a0]"></a>__rt_entry_postli_1</STRONG> (Thumb, 0 bytes, Stack size unknown bytes, __rtentry2.o(.ARM.Collect$$rtentry$$0000000C))

<P><STRONG><a name="[7e]"></a>__rt_exit</STRONG> (Thumb, 0 bytes, Stack size unknown bytes, rtexit.o(.ARM.Collect$$rtexit$$00000000))
<BR><BR>[Called By]<UL><LI><a href="#[35]">&gt;&gt;</a>&nbsp;&nbsp;&nbsp;exit
</UL>

<P><STRONG><a name="[36]"></a>__rt_exit_ls</STRONG> (Thumb, 0 bytes, Stack size unknown bytes, rtexit2.o(.ARM.Collect$$rtexit$$00000003))
<BR><BR>[Calls]<UL><LI><a href="#[37]">&gt;&gt;</a>&nbsp;&nbsp;&nbsp;__rt_lib_shutdown
</UL>

<P><STRONG><a name="[a1]"></a>__rt_exit_prels_1</STRONG> (Thumb, 0 bytes, Stack size unknown bytes, rtexit2.o(.ARM.Collect$$rtexit$$00000002))

<P><STRONG><a name="[38]"></a>__rt_exit_exit</STRONG> (Thumb, 0 bytes, Stack size unknown bytes, rtexit2.o(.ARM.Collect$$rtexit$$00000004))
<BR><BR>[Calls]<UL><LI><a href="#[39]">&gt;&gt;</a>&nbsp;&nbsp;&nbsp;_sys_exit
</UL>

<P><STRONG><a name="[3a]"></a>initDma</STRONG> (Thumb, 86 bytes, Stack size 56 bytes, main.o(.text))
<BR><BR>[Stack]<UL><LI>Max Depth = 68<LI>Call Chain = initDma &rArr; DMA_Init
</UL>
<BR>[Calls]<UL><LI><a href="#[3e]">&gt;&gt;</a>&nbsp;&nbsp;&nbsp;USART_DMACmd
<LI><a href="#[3b]">&gt;&gt;</a>&nbsp;&nbsp;&nbsp;RCC_AHBPeriphClockCmd
<LI><a href="#[3d]">&gt;&gt;</a>&nbsp;&nbsp;&nbsp;DMA_Init
<LI><a href="#[3c]">&gt;&gt;</a>&nbsp;&nbsp;&nbsp;DMA_DeInit
<LI><a href="#[3f]">&gt;&gt;</a>&nbsp;&nbsp;&nbsp;DMA_Cmd
</UL>
<BR>[Called By]<UL><LI><a href="#[34]">&gt;&gt;</a>&nbsp;&nbsp;&nbsp;main
</UL>

<P><STRONG><a name="[40]"></a>initTimer</STRONG> (Thumb, 80 bytes, Stack size 48 bytes, main.o(.text))
<BR><BR>[Stack]<UL><LI>Max Depth = 64<LI>Call Chain = initTimer &rArr; TIM_OC2Init
</UL>
<BR>[Calls]<UL><LI><a href="#[41]">&gt;&gt;</a>&nbsp;&nbsp;&nbsp;TIM_TimeBaseStructInit
<LI><a href="#[43]">&gt;&gt;</a>&nbsp;&nbsp;&nbsp;TIM_TimeBaseInit
<LI><a href="#[44]">&gt;&gt;</a>&nbsp;&nbsp;&nbsp;TIM_OC2Init
<LI><a href="#[45]">&gt;&gt;</a>&nbsp;&nbsp;&nbsp;TIM_Cmd
<LI><a href="#[42]">&gt;&gt;</a>&nbsp;&nbsp;&nbsp;RCC_APB1PeriphClockCmd
</UL>
<BR>[Called By]<UL><LI><a href="#[34]">&gt;&gt;</a>&nbsp;&nbsp;&nbsp;main
</UL>

<P><STRONG><a name="[46]"></a>initGpio</STRONG> (Thumb, 54 bytes, Stack size 16 bytes, main.o(.text))
<BR><BR>[Stack]<UL><LI>Max Depth = 36<LI>Call Chain = initGpio &rArr; GPIO_Init
</UL>
<BR>[Calls]<UL><LI><a href="#[3b]">&gt;&gt;</a>&nbsp;&nbsp;&nbsp;RCC_AHBPeriphClockCmd
<LI><a href="#[47]">&gt;&gt;</a>&nbsp;&nbsp;&nbsp;GPIO_StructInit
<LI><a href="#[49]">&gt;&gt;</a>&nbsp;&nbsp;&nbsp;GPIO_PinAFConfig
<LI><a href="#[48]">&gt;&gt;</a>&nbsp;&nbsp;&nbsp;GPIO_Init
</UL>
<BR>[Called By]<UL><LI><a href="#[34]">&gt;&gt;</a>&nbsp;&nbsp;&nbsp;main
</UL>

<P><STRONG><a name="[34]"></a>main</STRONG> (Thumb, 92 bytes, Stack size 0 bytes, main.o(.text))
<BR><BR>[Stack]<UL><LI>Max Depth = 112<LI>Call Chain = main &rArr; initUsart &rArr; USART_Init &rArr; RCC_GetClocksFreq
</UL>
<BR>[Calls]<UL><LI><a href="#[4e]">&gt;&gt;</a>&nbsp;&nbsp;&nbsp;__aeabi_uidivmod
<LI><a href="#[4d]">&gt;&gt;</a>&nbsp;&nbsp;&nbsp;uPutString
<LI><a href="#[4c]">&gt;&gt;</a>&nbsp;&nbsp;&nbsp;uClearScreen
<LI><a href="#[4b]">&gt;&gt;</a>&nbsp;&nbsp;&nbsp;initUsart
<LI><a href="#[4a]">&gt;&gt;</a>&nbsp;&nbsp;&nbsp;STM_EVAL_LEDInit
<LI><a href="#[4f]">&gt;&gt;</a>&nbsp;&nbsp;&nbsp;PWR_EnterSleepMode
<LI><a href="#[46]">&gt;&gt;</a>&nbsp;&nbsp;&nbsp;initGpio
<LI><a href="#[40]">&gt;&gt;</a>&nbsp;&nbsp;&nbsp;initTimer
<LI><a href="#[3a]">&gt;&gt;</a>&nbsp;&nbsp;&nbsp;initDma
</UL>
<BR>[Called By]<UL><LI><a href="#[33]">&gt;&gt;</a>&nbsp;&nbsp;&nbsp;__rt_entry_main
</UL>

<P><STRONG><a name="[a]"></a>SysTick_Handler</STRONG> (Thumb, 172 bytes, Stack size 24 bytes, stm32f0xx_it.o(.text))
<BR><BR>[Stack]<UL><LI>Max Depth = 40<LI>Call Chain = SysTick_Handler &rArr; uPutString
</UL>
<BR>[Calls]<UL><LI><a href="#[51]">&gt;&gt;</a>&nbsp;&nbsp;&nbsp;TIM_SetCompare2
<LI><a href="#[52]">&gt;&gt;</a>&nbsp;&nbsp;&nbsp;STM_EVAL_LEDOn
<LI><a href="#[50]">&gt;&gt;</a>&nbsp;&nbsp;&nbsp;STM_EVAL_LEDOff
<LI><a href="#[4d]">&gt;&gt;</a>&nbsp;&nbsp;&nbsp;uPutString
</UL>
<BR>[Address Reference Count : 1]<UL><LI> startup_stm32f0xx.o(RESET)
</UL>
<P><STRONG><a name="[4b]"></a>initUsart</STRONG> (Thumb, 102 bytes, Stack size 40 bytes, usart.o(.text))
<BR><BR>[Stack]<UL><LI>Max Depth = 112<LI>Call Chain = initUsart &rArr; USART_Init &rArr; RCC_GetClocksFreq
</UL>
<BR>[Calls]<UL><LI><a href="#[54]">&gt;&gt;</a>&nbsp;&nbsp;&nbsp;USART_StructInit
<LI><a href="#[55]">&gt;&gt;</a>&nbsp;&nbsp;&nbsp;USART_Init
<LI><a href="#[56]">&gt;&gt;</a>&nbsp;&nbsp;&nbsp;USART_Cmd
<LI><a href="#[53]">&gt;&gt;</a>&nbsp;&nbsp;&nbsp;RCC_APB2PeriphClockCmd
<LI><a href="#[3b]">&gt;&gt;</a>&nbsp;&nbsp;&nbsp;RCC_AHBPeriphClockCmd
<LI><a href="#[49]">&gt;&gt;</a>&nbsp;&nbsp;&nbsp;GPIO_PinAFConfig
<LI><a href="#[48]">&gt;&gt;</a>&nbsp;&nbsp;&nbsp;GPIO_Init
</UL>
<BR>[Called By]<UL><LI><a href="#[34]">&gt;&gt;</a>&nbsp;&nbsp;&nbsp;main
</UL>

<P><STRONG><a name="[4d]"></a>uPutString</STRONG> (Thumb, 62 bytes, Stack size 16 bytes, usart.o(.text))
<BR><BR>[Stack]<UL><LI>Max Depth = 16<LI>Call Chain = uPutString
</UL>
<BR>[Calls]<UL><LI><a href="#[58]">&gt;&gt;</a>&nbsp;&nbsp;&nbsp;USART_SendData
<LI><a href="#[57]">&gt;&gt;</a>&nbsp;&nbsp;&nbsp;USART_GetFlagStatus
</UL>
<BR>[Called By]<UL><LI><a href="#[a]">&gt;&gt;</a>&nbsp;&nbsp;&nbsp;SysTick_Handler
<LI><a href="#[4c]">&gt;&gt;</a>&nbsp;&nbsp;&nbsp;uClearScreen
<LI><a href="#[34]">&gt;&gt;</a>&nbsp;&nbsp;&nbsp;main
</UL>

<P><STRONG><a name="[4c]"></a>uClearScreen</STRONG> (Thumb, 30 bytes, Stack size 16 bytes, usart.o(.text))
<BR><BR>[Stack]<UL><LI>Max Depth = 32<LI>Call Chain = uClearScreen &rArr; uPutString
</UL>
<BR>[Calls]<UL><LI><a href="#[4d]">&gt;&gt;</a>&nbsp;&nbsp;&nbsp;uPutString
</UL>
<BR>[Called By]<UL><LI><a href="#[34]">&gt;&gt;</a>&nbsp;&nbsp;&nbsp;main
</UL>

<P><STRONG><a name="[59]"></a>uIntToAscii</STRONG> (Thumb, 100 bytes, Stack size 32 bytes, usart.o(.text), UNUSED)
<BR><BR>[Calls]<UL><LI><a href="#[5a]">&gt;&gt;</a>&nbsp;&nbsp;&nbsp;__aeabi_idivmod
</UL>

<P><STRONG><a name="[a2]"></a>delay</STRONG> (Thumb, 14 bytes, Stack size 8 bytes, usart.o(.text), UNUSED)

<P><STRONG><a name="[4a]"></a>STM_EVAL_LEDInit</STRONG> (Thumb, 52 bytes, Stack size 24 bytes, stm32f0_discovery.o(.text))
<BR><BR>[Stack]<UL><LI>Max Depth = 44<LI>Call Chain = STM_EVAL_LEDInit &rArr; GPIO_Init
</UL>
<BR>[Calls]<UL><LI><a href="#[3b]">&gt;&gt;</a>&nbsp;&nbsp;&nbsp;RCC_AHBPeriphClockCmd
<LI><a href="#[48]">&gt;&gt;</a>&nbsp;&nbsp;&nbsp;GPIO_Init
</UL>
<BR>[Called By]<UL><LI><a href="#[34]">&gt;&gt;</a>&nbsp;&nbsp;&nbsp;main
</UL>

<P><STRONG><a name="[52]"></a>STM_EVAL_LEDOn</STRONG> (Thumb, 18 bytes, Stack size 0 bytes, stm32f0_discovery.o(.text))
<BR><BR>[Called By]<UL><LI><a href="#[a]">&gt;&gt;</a>&nbsp;&nbsp;&nbsp;SysTick_Handler
</UL>

<P><STRONG><a name="[50]"></a>STM_EVAL_LEDOff</STRONG> (Thumb, 18 bytes, Stack size 0 bytes, stm32f0_discovery.o(.text))
<BR><BR>[Called By]<UL><LI><a href="#[a]">&gt;&gt;</a>&nbsp;&nbsp;&nbsp;SysTick_Handler
</UL>

<P><STRONG><a name="[a3]"></a>STM_EVAL_LEDToggle</STRONG> (Thumb, 22 bytes, Stack size 0 bytes, stm32f0_discovery.o(.text), UNUSED)

<P><STRONG><a name="[5b]"></a>STM_EVAL_PBInit</STRONG> (Thumb, 140 bytes, Stack size 48 bytes, stm32f0_discovery.o(.text), UNUSED)
<BR><BR>[Calls]<UL><LI><a href="#[5c]">&gt;&gt;</a>&nbsp;&nbsp;&nbsp;SYSCFG_EXTILineConfig
<LI><a href="#[5e]">&gt;&gt;</a>&nbsp;&nbsp;&nbsp;NVIC_Init
<LI><a href="#[5d]">&gt;&gt;</a>&nbsp;&nbsp;&nbsp;EXTI_Init
<LI><a href="#[53]">&gt;&gt;</a>&nbsp;&nbsp;&nbsp;RCC_APB2PeriphClockCmd
<LI><a href="#[3b]">&gt;&gt;</a>&nbsp;&nbsp;&nbsp;RCC_AHBPeriphClockCmd
<LI><a href="#[48]">&gt;&gt;</a>&nbsp;&nbsp;&nbsp;GPIO_Init
</UL>

<P><STRONG><a name="[5f]"></a>STM_EVAL_PBGetState</STRONG> (Thumb, 24 bytes, Stack size 8 bytes, stm32f0_discovery.o(.text), UNUSED)
<BR><BR>[Calls]<UL><LI><a href="#[60]">&gt;&gt;</a>&nbsp;&nbsp;&nbsp;GPIO_ReadInputDataBit
</UL>

<P><STRONG><a name="[a4]"></a>EXTI_DeInit</STRONG> (Thumb, 20 bytes, Stack size 0 bytes, stm32f0xx_exti.o(.text), UNUSED)

<P><STRONG><a name="[5d]"></a>EXTI_Init</STRONG> (Thumb, 102 bytes, Stack size 8 bytes, stm32f0xx_exti.o(.text), UNUSED)
<BR><BR>[Called By]<UL><LI><a href="#[5b]">&gt;&gt;</a>&nbsp;&nbsp;&nbsp;STM_EVAL_PBInit
</UL>

<P><STRONG><a name="[a5]"></a>EXTI_StructInit</STRONG> (Thumb, 14 bytes, Stack size 0 bytes, stm32f0xx_exti.o(.text), UNUSED)

<P><STRONG><a name="[a6]"></a>EXTI_GenerateSWInterrupt</STRONG> (Thumb, 10 bytes, Stack size 0 bytes, stm32f0xx_exti.o(.text), UNUSED)

<P><STRONG><a name="[a7]"></a>EXTI_GetFlagStatus</STRONG> (Thumb, 16 bytes, Stack size 0 bytes, stm32f0xx_exti.o(.text), UNUSED)

<P><STRONG><a name="[a8]"></a>EXTI_ClearFlag</STRONG> (Thumb, 6 bytes, Stack size 0 bytes, stm32f0xx_exti.o(.text), UNUSED)

<P><STRONG><a name="[a9]"></a>EXTI_GetITStatus</STRONG> (Thumb, 24 bytes, Stack size 0 bytes, stm32f0xx_exti.o(.text), UNUSED)

<P><STRONG><a name="[aa]"></a>EXTI_ClearITPendingBit</STRONG> (Thumb, 6 bytes, Stack size 0 bytes, stm32f0xx_exti.o(.text), UNUSED)

<P><STRONG><a name="[61]"></a>GPIO_DeInit</STRONG> (Thumb, 78 bytes, Stack size 8 bytes, stm32f0xx_gpio.o(.text), UNUSED)
<BR><BR>[Calls]<UL><LI><a href="#[62]">&gt;&gt;</a>&nbsp;&nbsp;&nbsp;RCC_AHBPeriphResetCmd
</UL>

<P><STRONG><a name="[48]"></a>GPIO_Init</STRONG> (Thumb, 112 bytes, Stack size 20 bytes, stm32f0xx_gpio.o(.text))
<BR><BR>[Stack]<UL><LI>Max Depth = 20<LI>Call Chain = GPIO_Init
</UL>
<BR>[Called By]<UL><LI><a href="#[5b]">&gt;&gt;</a>&nbsp;&nbsp;&nbsp;STM_EVAL_PBInit
<LI><a href="#[4b]">&gt;&gt;</a>&nbsp;&nbsp;&nbsp;initUsart
<LI><a href="#[4a]">&gt;&gt;</a>&nbsp;&nbsp;&nbsp;STM_EVAL_LEDInit
<LI><a href="#[46]">&gt;&gt;</a>&nbsp;&nbsp;&nbsp;initGpio
</UL>

<P><STRONG><a name="[47]"></a>GPIO_StructInit</STRONG> (Thumb, 18 bytes, Stack size 0 bytes, stm32f0xx_gpio.o(.text))
<BR><BR>[Called By]<UL><LI><a href="#[46]">&gt;&gt;</a>&nbsp;&nbsp;&nbsp;initGpio
</UL>

<P><STRONG><a name="[ab]"></a>GPIO_PinLockConfig</STRONG> (Thumb, 26 bytes, Stack size 8 bytes, stm32f0xx_gpio.o(.text), UNUSED)

<P><STRONG><a name="[60]"></a>GPIO_ReadInputDataBit</STRONG> (Thumb, 14 bytes, Stack size 0 bytes, stm32f0xx_gpio.o(.text), UNUSED)
<BR><BR>[Called By]<UL><LI><a href="#[5f]">&gt;&gt;</a>&nbsp;&nbsp;&nbsp;STM_EVAL_PBGetState
</UL>

<P><STRONG><a name="[ac]"></a>GPIO_ReadInputData</STRONG> (Thumb, 4 bytes, Stack size 0 bytes, stm32f0xx_gpio.o(.text), UNUSED)

<P><STRONG><a name="[ad]"></a>GPIO_ReadOutputDataBit</STRONG> (Thumb, 14 bytes, Stack size 0 bytes, stm32f0xx_gpio.o(.text), UNUSED)

<P><STRONG><a name="[ae]"></a>GPIO_ReadOutputData</STRONG> (Thumb, 4 bytes, Stack size 0 bytes, stm32f0xx_gpio.o(.text), UNUSED)

<P><STRONG><a name="[af]"></a>GPIO_SetBits</STRONG> (Thumb, 4 bytes, Stack size 0 bytes, stm32f0xx_gpio.o(.text), UNUSED)

<P><STRONG><a name="[b0]"></a>GPIO_ResetBits</STRONG> (Thumb, 4 bytes, Stack size 0 bytes, stm32f0xx_gpio.o(.text), UNUSED)

<P><STRONG><a name="[b1]"></a>GPIO_WriteBit</STRONG> (Thumb, 12 bytes, Stack size 0 bytes, stm32f0xx_gpio.o(.text), UNUSED)

<P><STRONG><a name="[b2]"></a>GPIO_Write</STRONG> (Thumb, 4 bytes, Stack size 0 bytes, stm32f0xx_gpio.o(.text), UNUSED)

<P><STRONG><a name="[49]"></a>GPIO_PinAFConfig</STRONG> (Thumb, 32 bytes, Stack size 8 bytes, stm32f0xx_gpio.o(.text))
<BR><BR>[Stack]<UL><LI>Max Depth = 8<LI>Call Chain = GPIO_PinAFConfig
</UL>
<BR>[Called By]<UL><LI><a href="#[4b]">&gt;&gt;</a>&nbsp;&nbsp;&nbsp;initUsart
<LI><a href="#[46]">&gt;&gt;</a>&nbsp;&nbsp;&nbsp;initGpio
</UL>

<P><STRONG><a name="[5e]"></a>NVIC_Init</STRONG> (Thumb, 70 bytes, Stack size 12 bytes, stm32f0xx_misc.o(.text), UNUSED)
<BR><BR>[Called By]<UL><LI><a href="#[5b]">&gt;&gt;</a>&nbsp;&nbsp;&nbsp;STM_EVAL_PBInit
</UL>

<P><STRONG><a name="[b3]"></a>NVIC_SystemLPConfig</STRONG> (Thumb, 18 bytes, Stack size 0 bytes, stm32f0xx_misc.o(.text), UNUSED)

<P><STRONG><a name="[b4]"></a>SysTick_CLKSourceConfig</STRONG> (Thumb, 20 bytes, Stack size 0 bytes, stm32f0xx_misc.o(.text), UNUSED)

<P><STRONG><a name="[b5]"></a>RCC_DeInit</STRONG> (Thumb, 78 bytes, Stack size 0 bytes, stm32f0xx_rcc.o(.text), UNUSED)

<P><STRONG><a name="[b6]"></a>RCC_HSEConfig</STRONG> (Thumb, 10 bytes, Stack size 0 bytes, stm32f0xx_rcc.o(.text), UNUSED)

<P><STRONG><a name="[64]"></a>RCC_GetFlagStatus</STRONG> (Thumb, 48 bytes, Stack size 0 bytes, stm32f0xx_rcc.o(.text), UNUSED)
<BR><BR>[Called By]<UL><LI><a href="#[63]">&gt;&gt;</a>&nbsp;&nbsp;&nbsp;RCC_WaitForHSEStartUp
</UL>

<P><STRONG><a name="[63]"></a>RCC_WaitForHSEStartUp</STRONG> (Thumb, 44 bytes, Stack size 12 bytes, stm32f0xx_rcc.o(.text), UNUSED)
<BR><BR>[Calls]<UL><LI><a href="#[64]">&gt;&gt;</a>&nbsp;&nbsp;&nbsp;RCC_GetFlagStatus
</UL>

<P><STRONG><a name="[b7]"></a>RCC_AdjustHSICalibrationValue</STRONG> (Thumb, 16 bytes, Stack size 0 bytes, stm32f0xx_rcc.o(.text), UNUSED)

<P><STRONG><a name="[b8]"></a>RCC_HSICmd</STRONG> (Thumb, 22 bytes, Stack size 0 bytes, stm32f0xx_rcc.o(.text), UNUSED)

<P><STRONG><a name="[b9]"></a>RCC_AdjustHSI14CalibrationValue</STRONG> (Thumb, 16 bytes, Stack size 0 bytes, stm32f0xx_rcc.o(.text), UNUSED)

<P><STRONG><a name="[ba]"></a>RCC_HSI14Cmd</STRONG> (Thumb, 22 bytes, Stack size 0 bytes, stm32f0xx_rcc.o(.text), UNUSED)

<P><STRONG><a name="[bb]"></a>RCC_HSI14ADCRequestCmd</STRONG> (Thumb, 20 bytes, Stack size 0 bytes, stm32f0xx_rcc.o(.text), UNUSED)

<P><STRONG><a name="[bc]"></a>RCC_LSEConfig</STRONG> (Thumb, 26 bytes, Stack size 0 bytes, stm32f0xx_rcc.o(.text), UNUSED)

<P><STRONG><a name="[bd]"></a>RCC_LSEDriveConfig</STRONG> (Thumb, 18 bytes, Stack size 0 bytes, stm32f0xx_rcc.o(.text), UNUSED)

<P><STRONG><a name="[be]"></a>RCC_LSICmd</STRONG> (Thumb, 22 bytes, Stack size 0 bytes, stm32f0xx_rcc.o(.text), UNUSED)

<P><STRONG><a name="[bf]"></a>RCC_PLLConfig</STRONG> (Thumb, 24 bytes, Stack size 8 bytes, stm32f0xx_rcc.o(.text), UNUSED)

<P><STRONG><a name="[c0]"></a>RCC_PLLCmd</STRONG> (Thumb, 22 bytes, Stack size 0 bytes, stm32f0xx_rcc.o(.text), UNUSED)

<P><STRONG><a name="[c1]"></a>RCC_PREDIV1Config</STRONG> (Thumb, 14 bytes, Stack size 0 bytes, stm32f0xx_rcc.o(.text), UNUSED)

<P><STRONG><a name="[c2]"></a>RCC_ClockSecuritySystemCmd</STRONG> (Thumb, 22 bytes, Stack size 0 bytes, stm32f0xx_rcc.o(.text), UNUSED)

<P><STRONG><a name="[c3]"></a>RCC_MCOConfig</STRONG> (Thumb, 6 bytes, Stack size 0 bytes, stm32f0xx_rcc.o(.text), UNUSED)

<P><STRONG><a name="[c4]"></a>RCC_SYSCLKConfig</STRONG> (Thumb, 14 bytes, Stack size 0 bytes, stm32f0xx_rcc.o(.text), UNUSED)

<P><STRONG><a name="[c5]"></a>RCC_GetSYSCLKSource</STRONG> (Thumb, 10 bytes, Stack size 0 bytes, stm32f0xx_rcc.o(.text), UNUSED)

<P><STRONG><a name="[c6]"></a>RCC_HCLKConfig</STRONG> (Thumb, 14 bytes, Stack size 0 bytes, stm32f0xx_rcc.o(.text), UNUSED)

<P><STRONG><a name="[c7]"></a>RCC_PCLKConfig</STRONG> (Thumb, 16 bytes, Stack size 0 bytes, stm32f0xx_rcc.o(.text), UNUSED)

<P><STRONG><a name="[c8]"></a>RCC_ADCCLKConfig</STRONG> (Thumb, 38 bytes, Stack size 0 bytes, stm32f0xx_rcc.o(.text), UNUSED)

<P><STRONG><a name="[c9]"></a>RCC_CECCLKConfig</STRONG> (Thumb, 18 bytes, Stack size 0 bytes, stm32f0xx_rcc.o(.text), UNUSED)

<P><STRONG><a name="[ca]"></a>RCC_I2CCLKConfig</STRONG> (Thumb, 18 bytes, Stack size 0 bytes, stm32f0xx_rcc.o(.text), UNUSED)

<P><STRONG><a name="[cb]"></a>RCC_USARTCLKConfig</STRONG> (Thumb, 18 bytes, Stack size 0 bytes, stm32f0xx_rcc.o(.text), UNUSED)

<P><STRONG><a name="[65]"></a>RCC_GetClocksFreq</STRONG> (Thumb, 208 bytes, Stack size 24 bytes, stm32f0xx_rcc.o(.text))
<BR><BR>[Stack]<UL><LI>Max Depth = 24<LI>Call Chain = RCC_GetClocksFreq
</UL>
<BR>[Calls]<UL><LI><a href="#[4e]">&gt;&gt;</a>&nbsp;&nbsp;&nbsp;__aeabi_uidivmod
</UL>
<BR>[Called By]<UL><LI><a href="#[55]">&gt;&gt;</a>&nbsp;&nbsp;&nbsp;USART_Init
</UL>

<P><STRONG><a name="[cc]"></a>RCC_RTCCLKConfig</STRONG> (Thumb, 10 bytes, Stack size 0 bytes, stm32f0xx_rcc.o(.text), UNUSED)

<P><STRONG><a name="[cd]"></a>RCC_RTCCLKCmd</STRONG> (Thumb, 20 bytes, Stack size 0 bytes, stm32f0xx_rcc.o(.text), UNUSED)

<P><STRONG><a name="[ce]"></a>RCC_BackupResetCmd</STRONG> (Thumb, 22 bytes, Stack size 0 bytes, stm32f0xx_rcc.o(.text), UNUSED)

<P><STRONG><a name="[3b]"></a>RCC_AHBPeriphClockCmd</STRONG> (Thumb, 18 bytes, Stack size 0 bytes, stm32f0xx_rcc.o(.text))
<BR><BR>[Called By]<UL><LI><a href="#[5b]">&gt;&gt;</a>&nbsp;&nbsp;&nbsp;STM_EVAL_PBInit
<LI><a href="#[4b]">&gt;&gt;</a>&nbsp;&nbsp;&nbsp;initUsart
<LI><a href="#[4a]">&gt;&gt;</a>&nbsp;&nbsp;&nbsp;STM_EVAL_LEDInit
<LI><a href="#[46]">&gt;&gt;</a>&nbsp;&nbsp;&nbsp;initGpio
<LI><a href="#[3a]">&gt;&gt;</a>&nbsp;&nbsp;&nbsp;initDma
</UL>

<P><STRONG><a name="[53]"></a>RCC_APB2PeriphClockCmd</STRONG> (Thumb, 18 bytes, Stack size 0 bytes, stm32f0xx_rcc.o(.text))
<BR><BR>[Called By]<UL><LI><a href="#[5b]">&gt;&gt;</a>&nbsp;&nbsp;&nbsp;STM_EVAL_PBInit
<LI><a href="#[4b]">&gt;&gt;</a>&nbsp;&nbsp;&nbsp;initUsart
</UL>

<P><STRONG><a name="[42]"></a>RCC_APB1PeriphClockCmd</STRONG> (Thumb, 18 bytes, Stack size 0 bytes, stm32f0xx_rcc.o(.text))
<BR><BR>[Called By]<UL><LI><a href="#[40]">&gt;&gt;</a>&nbsp;&nbsp;&nbsp;initTimer
</UL>

<P><STRONG><a name="[62]"></a>RCC_AHBPeriphResetCmd</STRONG> (Thumb, 18 bytes, Stack size 0 bytes, stm32f0xx_rcc.o(.text), UNUSED)
<BR><BR>[Called By]<UL><LI><a href="#[61]">&gt;&gt;</a>&nbsp;&nbsp;&nbsp;GPIO_DeInit
</UL>

<P><STRONG><a name="[68]"></a>RCC_APB2PeriphResetCmd</STRONG> (Thumb, 18 bytes, Stack size 0 bytes, stm32f0xx_rcc.o(.text), UNUSED)
<BR><BR>[Called By]<UL><LI><a href="#[77]">&gt;&gt;</a>&nbsp;&nbsp;&nbsp;USART_DeInit
<LI><a href="#[66]">&gt;&gt;</a>&nbsp;&nbsp;&nbsp;TIM_DeInit
</UL>

<P><STRONG><a name="[67]"></a>RCC_APB1PeriphResetCmd</STRONG> (Thumb, 18 bytes, Stack size 0 bytes, stm32f0xx_rcc.o(.text), UNUSED)
<BR><BR>[Called By]<UL><LI><a href="#[78]">&gt;&gt;</a>&nbsp;&nbsp;&nbsp;PWR_DeInit
<LI><a href="#[77]">&gt;&gt;</a>&nbsp;&nbsp;&nbsp;USART_DeInit
<LI><a href="#[66]">&gt;&gt;</a>&nbsp;&nbsp;&nbsp;TIM_DeInit
</UL>

<P><STRONG><a name="[cf]"></a>RCC_ITConfig</STRONG> (Thumb, 18 bytes, Stack size 0 bytes, stm32f0xx_rcc.o(.text), UNUSED)

<P><STRONG><a name="[d0]"></a>RCC_ClearFlag</STRONG> (Thumb, 14 bytes, Stack size 0 bytes, stm32f0xx_rcc.o(.text), UNUSED)

<P><STRONG><a name="[d1]"></a>RCC_GetITStatus</STRONG> (Thumb, 48 bytes, Stack size 0 bytes, stm32f0xx_rcc.o(.text), UNUSED)

<P><STRONG><a name="[d2]"></a>RCC_ClearITPendingBit</STRONG> (Thumb, 6 bytes, Stack size 0 bytes, stm32f0xx_rcc.o(.text), UNUSED)

<P><STRONG><a name="[d3]"></a>SYSCFG_DeInit</STRONG> (Thumb, 30 bytes, Stack size 0 bytes, stm32f0xx_syscfg.o(.text), UNUSED)

<P><STRONG><a name="[d4]"></a>SYSCFG_MemoryRemapConfig</STRONG> (Thumb, 14 bytes, Stack size 0 bytes, stm32f0xx_syscfg.o(.text), UNUSED)

<P><STRONG><a name="[d5]"></a>SYSCFG_DMAChannelRemapConfig</STRONG> (Thumb, 18 bytes, Stack size 0 bytes, stm32f0xx_syscfg.o(.text), UNUSED)

<P><STRONG><a name="[d6]"></a>SYSCFG_I2CFastModePlusConfig</STRONG> (Thumb, 18 bytes, Stack size 0 bytes, stm32f0xx_syscfg.o(.text), UNUSED)

<P><STRONG><a name="[5c]"></a>SYSCFG_EXTILineConfig</STRONG> (Thumb, 34 bytes, Stack size 8 bytes, stm32f0xx_syscfg.o(.text), UNUSED)
<BR><BR>[Called By]<UL><LI><a href="#[5b]">&gt;&gt;</a>&nbsp;&nbsp;&nbsp;STM_EVAL_PBInit
</UL>

<P><STRONG><a name="[d7]"></a>SYSCFG_BreakConfig</STRONG> (Thumb, 10 bytes, Stack size 0 bytes, stm32f0xx_syscfg.o(.text), UNUSED)

<P><STRONG><a name="[d8]"></a>SYSCFG_GetFlagStatus</STRONG> (Thumb, 14 bytes, Stack size 0 bytes, stm32f0xx_syscfg.o(.text), UNUSED)

<P><STRONG><a name="[d9]"></a>SYSCFG_ClearFlag</STRONG> (Thumb, 10 bytes, Stack size 0 bytes, stm32f0xx_syscfg.o(.text), UNUSED)

<P><STRONG><a name="[66]"></a>TIM_DeInit</STRONG> (Thumb, 152 bytes, Stack size 8 bytes, stm32f0xx_tim.o(.text), UNUSED)
<BR><BR>[Calls]<UL><LI><a href="#[67]">&gt;&gt;</a>&nbsp;&nbsp;&nbsp;RCC_APB1PeriphResetCmd
<LI><a href="#[68]">&gt;&gt;</a>&nbsp;&nbsp;&nbsp;RCC_APB2PeriphResetCmd
</UL>

<P><STRONG><a name="[43]"></a>TIM_TimeBaseInit</STRONG> (Thumb, 88 bytes, Stack size 8 bytes, stm32f0xx_tim.o(.text))
<BR><BR>[Stack]<UL><LI>Max Depth = 8<LI>Call Chain = TIM_TimeBaseInit
</UL>
<BR>[Called By]<UL><LI><a href="#[40]">&gt;&gt;</a>&nbsp;&nbsp;&nbsp;initTimer
</UL>

<P><STRONG><a name="[41]"></a>TIM_TimeBaseStructInit</STRONG> (Thumb, 18 bytes, Stack size 0 bytes, stm32f0xx_tim.o(.text))
<BR><BR>[Called By]<UL><LI><a href="#[40]">&gt;&gt;</a>&nbsp;&nbsp;&nbsp;initTimer
</UL>

<P><STRONG><a name="[da]"></a>TIM_PrescalerConfig</STRONG> (Thumb, 6 bytes, Stack size 0 bytes, stm32f0xx_tim.o(.text), UNUSED)

<P><STRONG><a name="[db]"></a>TIM_CounterModeConfig</STRONG> (Thumb, 12 bytes, Stack size 0 bytes, stm32f0xx_tim.o(.text), UNUSED)

<P><STRONG><a name="[dc]"></a>TIM_SetCounter</STRONG> (Thumb, 4 bytes, Stack size 0 bytes, stm32f0xx_tim.o(.text), UNUSED)

<P><STRONG><a name="[dd]"></a>TIM_SetAutoreload</STRONG> (Thumb, 4 bytes, Stack size 0 bytes, stm32f0xx_tim.o(.text), UNUSED)

<P><STRONG><a name="[de]"></a>TIM_GetCounter</STRONG> (Thumb, 4 bytes, Stack size 0 bytes, stm32f0xx_tim.o(.text), UNUSED)

<P><STRONG><a name="[df]"></a>TIM_GetPrescaler</STRONG> (Thumb, 4 bytes, Stack size 0 bytes, stm32f0xx_tim.o(.text), UNUSED)

<P><STRONG><a name="[e0]"></a>TIM_UpdateDisableConfig</STRONG> (Thumb, 18 bytes, Stack size 0 bytes, stm32f0xx_tim.o(.text), UNUSED)

<P><STRONG><a name="[e1]"></a>TIM_UpdateRequestConfig</STRONG> (Thumb, 18 bytes, Stack size 0 bytes, stm32f0xx_tim.o(.text), UNUSED)

<P><STRONG><a name="[e2]"></a>TIM_ARRPreloadConfig</STRONG> (Thumb, 18 bytes, Stack size 0 bytes, stm32f0xx_tim.o(.text), UNUSED)

<P><STRONG><a name="[e3]"></a>TIM_SelectOnePulseMode</STRONG> (Thumb, 16 bytes, Stack size 0 bytes, stm32f0xx_tim.o(.text), UNUSED)

<P><STRONG><a name="[e4]"></a>TIM_SetClockDivision</STRONG> (Thumb, 16 bytes, Stack size 0 bytes, stm32f0xx_tim.o(.text), UNUSED)

<P><STRONG><a name="[45]"></a>TIM_Cmd</STRONG> (Thumb, 20 bytes, Stack size 0 bytes, stm32f0xx_tim.o(.text))
<BR><BR>[Called By]<UL><LI><a href="#[40]">&gt;&gt;</a>&nbsp;&nbsp;&nbsp;initTimer
</UL>

<P><STRONG><a name="[e5]"></a>TIM_BDTRConfig</STRONG> (Thumb, 34 bytes, Stack size 8 bytes, stm32f0xx_tim.o(.text), UNUSED)

<P><STRONG><a name="[e6]"></a>TIM_BDTRStructInit</STRONG> (Thumb, 18 bytes, Stack size 0 bytes, stm32f0xx_tim.o(.text), UNUSED)

<P><STRONG><a name="[e7]"></a>TIM_CtrlPWMOutputs</STRONG> (Thumb, 24 bytes, Stack size 0 bytes, stm32f0xx_tim.o(.text), UNUSED)

<P><STRONG><a name="[e8]"></a>TIM_OC1Init</STRONG> (Thumb, 104 bytes, Stack size 12 bytes, stm32f0xx_tim.o(.text), UNUSED)

<P><STRONG><a name="[44]"></a>TIM_OC2Init</STRONG> (Thumb, 110 bytes, Stack size 16 bytes, stm32f0xx_tim.o(.text))
<BR><BR>[Stack]<UL><LI>Max Depth = 16<LI>Call Chain = TIM_OC2Init
</UL>
<BR>[Called By]<UL><LI><a href="#[40]">&gt;&gt;</a>&nbsp;&nbsp;&nbsp;initTimer
</UL>

<P><STRONG><a name="[e9]"></a>TIM_OC3Init</STRONG> (Thumb, 110 bytes, Stack size 12 bytes, stm32f0xx_tim.o(.text), UNUSED)

<P><STRONG><a name="[ea]"></a>TIM_OC4Init</STRONG> (Thumb, 78 bytes, Stack size 12 bytes, stm32f0xx_tim.o(.text), UNUSED)

<P><STRONG><a name="[eb]"></a>TIM_OCStructInit</STRONG> (Thumb, 20 bytes, Stack size 0 bytes, stm32f0xx_tim.o(.text), UNUSED)

<P><STRONG><a name="[ec]"></a>TIM_SelectOCxM</STRONG> (Thumb, 70 bytes, Stack size 12 bytes, stm32f0xx_tim.o(.text), UNUSED)

<P><STRONG><a name="[ed]"></a>TIM_SetCompare1</STRONG> (Thumb, 4 bytes, Stack size 0 bytes, stm32f0xx_tim.o(.text), UNUSED)

<P><STRONG><a name="[51]"></a>TIM_SetCompare2</STRONG> (Thumb, 4 bytes, Stack size 0 bytes, stm32f0xx_tim.o(.text))
<BR><BR>[Called By]<UL><LI><a href="#[a]">&gt;&gt;</a>&nbsp;&nbsp;&nbsp;SysTick_Handler
</UL>

<P><STRONG><a name="[ee]"></a>TIM_SetCompare3</STRONG> (Thumb, 4 bytes, Stack size 0 bytes, stm32f0xx_tim.o(.text), UNUSED)

<P><STRONG><a name="[ef]"></a>TIM_SetCompare4</STRONG> (Thumb, 4 bytes, Stack size 0 bytes, stm32f0xx_tim.o(.text), UNUSED)

<P><STRONG><a name="[f0]"></a>TIM_ForcedOC1Config</STRONG> (Thumb, 86 bytes, Stack size 0 bytes, stm32f0xx_tim.o(.text), UNUSED)

<P><STRONG><a name="[f1]"></a>TIM_ForcedOC2Config</STRONG> (Thumb, 14 bytes, Stack size 0 bytes, stm32f0xx_tim.o(.text), UNUSED)

<P><STRONG><a name="[f2]"></a>TIM_ForcedOC3Config</STRONG> (Thumb, 12 bytes, Stack size 0 bytes, stm32f0xx_tim.o(.text), UNUSED)

<P><STRONG><a name="[f3]"></a>TIM_ForcedOC4Config</STRONG> (Thumb, 14 bytes, Stack size 0 bytes, stm32f0xx_tim.o(.text), UNUSED)

<P><STRONG><a name="[f4]"></a>TIM_CCPreloadControl</STRONG> (Thumb, 20 bytes, Stack size 0 bytes, stm32f0xx_tim.o(.text), UNUSED)

<P><STRONG><a name="[f5]"></a>TIM_OC1PreloadConfig</STRONG> (Thumb, 12 bytes, Stack size 0 bytes, stm32f0xx_tim.o(.text), UNUSED)

<P><STRONG><a name="[f6]"></a>TIM_OC2PreloadConfig</STRONG> (Thumb, 14 bytes, Stack size 0 bytes, stm32f0xx_tim.o(.text), UNUSED)

<P><STRONG><a name="[f7]"></a>TIM_OC3PreloadConfig</STRONG> (Thumb, 12 bytes, Stack size 0 bytes, stm32f0xx_tim.o(.text), UNUSED)

<P><STRONG><a name="[f8]"></a>TIM_OC4PreloadConfig</STRONG> (Thumb, 14 bytes, Stack size 0 bytes, stm32f0xx_tim.o(.text), UNUSED)

<P><STRONG><a name="[f9]"></a>TIM_OC1FastConfig</STRONG> (Thumb, 12 bytes, Stack size 0 bytes, stm32f0xx_tim.o(.text), UNUSED)

<P><STRONG><a name="[fa]"></a>TIM_OC2FastConfig</STRONG> (Thumb, 14 bytes, Stack size 0 bytes, stm32f0xx_tim.o(.text), UNUSED)

<P><STRONG><a name="[fb]"></a>TIM_OC3FastConfig</STRONG> (Thumb, 12 bytes, Stack size 0 bytes, stm32f0xx_tim.o(.text), UNUSED)

<P><STRONG><a name="[fc]"></a>TIM_OC4FastConfig</STRONG> (Thumb, 14 bytes, Stack size 0 bytes, stm32f0xx_tim.o(.text), UNUSED)

<P><STRONG><a name="[fd]"></a>TIM_ClearOC1Ref</STRONG> (Thumb, 12 bytes, Stack size 0 bytes, stm32f0xx_tim.o(.text), UNUSED)

<P><STRONG><a name="[fe]"></a>TIM_ClearOC2Ref</STRONG> (Thumb, 14 bytes, Stack size 0 bytes, stm32f0xx_tim.o(.text), UNUSED)

<P><STRONG><a name="[ff]"></a>TIM_ClearOC3Ref</STRONG> (Thumb, 12 bytes, Stack size 0 bytes, stm32f0xx_tim.o(.text), UNUSED)

<P><STRONG><a name="[100]"></a>TIM_ClearOC4Ref</STRONG> (Thumb, 14 bytes, Stack size 0 bytes, stm32f0xx_tim.o(.text), UNUSED)

<P><STRONG><a name="[101]"></a>TIM_OC1PolarityConfig</STRONG> (Thumb, 12 bytes, Stack size 0 bytes, stm32f0xx_tim.o(.text), UNUSED)

<P><STRONG><a name="[102]"></a>TIM_OC1NPolarityConfig</STRONG> (Thumb, 12 bytes, Stack size 0 bytes, stm32f0xx_tim.o(.text), UNUSED)

<P><STRONG><a name="[103]"></a>TIM_OC2PolarityConfig</STRONG> (Thumb, 14 bytes, Stack size 0 bytes, stm32f0xx_tim.o(.text), UNUSED)

<P><STRONG><a name="[104]"></a>TIM_OC2NPolarityConfig</STRONG> (Thumb, 14 bytes, Stack size 0 bytes, stm32f0xx_tim.o(.text), UNUSED)

<P><STRONG><a name="[105]"></a>TIM_OC3PolarityConfig</STRONG> (Thumb, 14 bytes, Stack size 0 bytes, stm32f0xx_tim.o(.text), UNUSED)

<P><STRONG><a name="[106]"></a>TIM_OC3NPolarityConfig</STRONG> (Thumb, 14 bytes, Stack size 0 bytes, stm32f0xx_tim.o(.text), UNUSED)

<P><STRONG><a name="[107]"></a>TIM_OC4PolarityConfig</STRONG> (Thumb, 14 bytes, Stack size 0 bytes, stm32f0xx_tim.o(.text), UNUSED)

<P><STRONG><a name="[108]"></a>TIM_SelectOCREFClear</STRONG> (Thumb, 16 bytes, Stack size 0 bytes, stm32f0xx_tim.o(.text), UNUSED)

<P><STRONG><a name="[109]"></a>TIM_CCxCmd</STRONG> (Thumb, 22 bytes, Stack size 8 bytes, stm32f0xx_tim.o(.text), UNUSED)

<P><STRONG><a name="[10a]"></a>TIM_CCxNCmd</STRONG> (Thumb, 22 bytes, Stack size 8 bytes, stm32f0xx_tim.o(.text), UNUSED)

<P><STRONG><a name="[10b]"></a>TIM_SelectCOM</STRONG> (Thumb, 18 bytes, Stack size 0 bytes, stm32f0xx_tim.o(.text), UNUSED)

<P><STRONG><a name="[6a]"></a>TIM_SetIC4Prescaler</STRONG> (Thumb, 18 bytes, Stack size 0 bytes, stm32f0xx_tim.o(.text), UNUSED)
<BR><BR>[Called By]<UL><LI><a href="#[69]">&gt;&gt;</a>&nbsp;&nbsp;&nbsp;TIM_ICInit
</UL>

<P><STRONG><a name="[6f]"></a>TIM_SetIC3Prescaler</STRONG> (Thumb, 16 bytes, Stack size 0 bytes, stm32f0xx_tim.o(.text), UNUSED)
<BR><BR>[Called By]<UL><LI><a href="#[69]">&gt;&gt;</a>&nbsp;&nbsp;&nbsp;TIM_ICInit
</UL>

<P><STRONG><a name="[6e]"></a>TIM_SetIC2Prescaler</STRONG> (Thumb, 18 bytes, Stack size 0 bytes, stm32f0xx_tim.o(.text), UNUSED)
<BR><BR>[Called By]<UL><LI><a href="#[70]">&gt;&gt;</a>&nbsp;&nbsp;&nbsp;TIM_PWMIConfig
<LI><a href="#[69]">&gt;&gt;</a>&nbsp;&nbsp;&nbsp;TIM_ICInit
</UL>

<P><STRONG><a name="[6c]"></a>TIM_SetIC1Prescaler</STRONG> (Thumb, 16 bytes, Stack size 0 bytes, stm32f0xx_tim.o(.text), UNUSED)
<BR><BR>[Called By]<UL><LI><a href="#[70]">&gt;&gt;</a>&nbsp;&nbsp;&nbsp;TIM_PWMIConfig
<LI><a href="#[69]">&gt;&gt;</a>&nbsp;&nbsp;&nbsp;TIM_ICInit
</UL>

<P><STRONG><a name="[69]"></a>TIM_ICInit</STRONG> (Thumb, 162 bytes, Stack size 24 bytes, stm32f0xx_tim.o(.text), UNUSED)
<BR><BR>[Calls]<UL><LI><a href="#[6c]">&gt;&gt;</a>&nbsp;&nbsp;&nbsp;TIM_SetIC1Prescaler
<LI><a href="#[6e]">&gt;&gt;</a>&nbsp;&nbsp;&nbsp;TIM_SetIC2Prescaler
<LI><a href="#[6f]">&gt;&gt;</a>&nbsp;&nbsp;&nbsp;TIM_SetIC3Prescaler
<LI><a href="#[6a]">&gt;&gt;</a>&nbsp;&nbsp;&nbsp;TIM_SetIC4Prescaler
<LI><a href="#[6b]">&gt;&gt;</a>&nbsp;&nbsp;&nbsp;TI1_Config
<LI><a href="#[6d]">&gt;&gt;</a>&nbsp;&nbsp;&nbsp;TI2_Config
</UL>

<P><STRONG><a name="[10c]"></a>TIM_ICStructInit</STRONG> (Thumb, 16 bytes, Stack size 0 bytes, stm32f0xx_tim.o(.text), UNUSED)

<P><STRONG><a name="[70]"></a>TIM_PWMIConfig</STRONG> (Thumb, 104 bytes, Stack size 24 bytes, stm32f0xx_tim.o(.text), UNUSED)
<BR><BR>[Calls]<UL><LI><a href="#[6c]">&gt;&gt;</a>&nbsp;&nbsp;&nbsp;TIM_SetIC1Prescaler
<LI><a href="#[6e]">&gt;&gt;</a>&nbsp;&nbsp;&nbsp;TIM_SetIC2Prescaler
<LI><a href="#[6b]">&gt;&gt;</a>&nbsp;&nbsp;&nbsp;TI1_Config
<LI><a href="#[6d]">&gt;&gt;</a>&nbsp;&nbsp;&nbsp;TI2_Config
</UL>

<P><STRONG><a name="[10d]"></a>TIM_GetCapture1</STRONG> (Thumb, 4 bytes, Stack size 0 bytes, stm32f0xx_tim.o(.text), UNUSED)

<P><STRONG><a name="[10e]"></a>TIM_GetCapture2</STRONG> (Thumb, 4 bytes, Stack size 0 bytes, stm32f0xx_tim.o(.text), UNUSED)

<P><STRONG><a name="[10f]"></a>TIM_GetCapture3</STRONG> (Thumb, 4 bytes, Stack size 0 bytes, stm32f0xx_tim.o(.text), UNUSED)

<P><STRONG><a name="[110]"></a>TIM_GetCapture4</STRONG> (Thumb, 4 bytes, Stack size 0 bytes, stm32f0xx_tim.o(.text), UNUSED)

<P><STRONG><a name="[111]"></a>TIM_ITConfig</STRONG> (Thumb, 16 bytes, Stack size 0 bytes, stm32f0xx_tim.o(.text), UNUSED)

<P><STRONG><a name="[112]"></a>TIM_GenerateEvent</STRONG> (Thumb, 4 bytes, Stack size 0 bytes, stm32f0xx_tim.o(.text), UNUSED)

<P><STRONG><a name="[113]"></a>TIM_GetFlagStatus</STRONG> (Thumb, 14 bytes, Stack size 0 bytes, stm32f0xx_tim.o(.text), UNUSED)

<P><STRONG><a name="[114]"></a>TIM_ClearFlag</STRONG> (Thumb, 6 bytes, Stack size 0 bytes, stm32f0xx_tim.o(.text), UNUSED)

<P><STRONG><a name="[115]"></a>TIM_GetITStatus</STRONG> (Thumb, 24 bytes, Stack size 0 bytes, stm32f0xx_tim.o(.text), UNUSED)

<P><STRONG><a name="[116]"></a>TIM_ClearITPendingBit</STRONG> (Thumb, 6 bytes, Stack size 0 bytes, stm32f0xx_tim.o(.text), UNUSED)

<P><STRONG><a name="[117]"></a>TIM_DMAConfig</STRONG> (Thumb, 8 bytes, Stack size 0 bytes, stm32f0xx_tim.o(.text), UNUSED)

<P><STRONG><a name="[118]"></a>TIM_DMACmd</STRONG> (Thumb, 16 bytes, Stack size 0 bytes, stm32f0xx_tim.o(.text), UNUSED)

<P><STRONG><a name="[119]"></a>TIM_SelectCCDMA</STRONG> (Thumb, 18 bytes, Stack size 0 bytes, stm32f0xx_tim.o(.text), UNUSED)

<P><STRONG><a name="[11a]"></a>TIM_InternalClockConfig</STRONG> (Thumb, 10 bytes, Stack size 0 bytes, stm32f0xx_tim.o(.text), UNUSED)

<P><STRONG><a name="[72]"></a>TIM_SelectInputTrigger</STRONG> (Thumb, 12 bytes, Stack size 0 bytes, stm32f0xx_tim.o(.text), UNUSED)
<BR><BR>[Called By]<UL><LI><a href="#[73]">&gt;&gt;</a>&nbsp;&nbsp;&nbsp;TIM_TIxExternalClockConfig
<LI><a href="#[71]">&gt;&gt;</a>&nbsp;&nbsp;&nbsp;TIM_ITRxExternalClockConfig
</UL>

<P><STRONG><a name="[71]"></a>TIM_ITRxExternalClockConfig</STRONG> (Thumb, 62 bytes, Stack size 8 bytes, stm32f0xx_tim.o(.text), UNUSED)
<BR><BR>[Calls]<UL><LI><a href="#[72]">&gt;&gt;</a>&nbsp;&nbsp;&nbsp;TIM_SelectInputTrigger
</UL>

<P><STRONG><a name="[73]"></a>TIM_TIxExternalClockConfig</STRONG> (Thumb, 48 bytes, Stack size 16 bytes, stm32f0xx_tim.o(.text), UNUSED)
<BR><BR>[Calls]<UL><LI><a href="#[72]">&gt;&gt;</a>&nbsp;&nbsp;&nbsp;TIM_SelectInputTrigger
<LI><a href="#[6b]">&gt;&gt;</a>&nbsp;&nbsp;&nbsp;TI1_Config
<LI><a href="#[6d]">&gt;&gt;</a>&nbsp;&nbsp;&nbsp;TI2_Config
</UL>

<P><STRONG><a name="[75]"></a>TIM_ETRConfig</STRONG> (Thumb, 18 bytes, Stack size 8 bytes, stm32f0xx_tim.o(.text), UNUSED)
<BR><BR>[Called By]<UL><LI><a href="#[76]">&gt;&gt;</a>&nbsp;&nbsp;&nbsp;TIM_ETRClockMode2Config
<LI><a href="#[74]">&gt;&gt;</a>&nbsp;&nbsp;&nbsp;TIM_ETRClockMode1Config
</UL>

<P><STRONG><a name="[74]"></a>TIM_ETRClockMode1Config</STRONG> (Thumb, 28 bytes, Stack size 8 bytes, stm32f0xx_tim.o(.text), UNUSED)
<BR><BR>[Calls]<UL><LI><a href="#[75]">&gt;&gt;</a>&nbsp;&nbsp;&nbsp;TIM_ETRConfig
</UL>

<P><STRONG><a name="[76]"></a>TIM_ETRClockMode2Config</STRONG> (Thumb, 20 bytes, Stack size 8 bytes, stm32f0xx_tim.o(.text), UNUSED)
<BR><BR>[Calls]<UL><LI><a href="#[75]">&gt;&gt;</a>&nbsp;&nbsp;&nbsp;TIM_ETRConfig
</UL>

<P><STRONG><a name="[11b]"></a>TIM_SelectOutputTrigger</STRONG> (Thumb, 16 bytes, Stack size 0 bytes, stm32f0xx_tim.o(.text), UNUSED)

<P><STRONG><a name="[11c]"></a>TIM_SelectSlaveMode</STRONG> (Thumb, 16 bytes, Stack size 0 bytes, stm32f0xx_tim.o(.text), UNUSED)

<P><STRONG><a name="[11d]"></a>TIM_SelectMasterSlaveMode</STRONG> (Thumb, 16 bytes, Stack size 0 bytes, stm32f0xx_tim.o(.text), UNUSED)

<P><STRONG><a name="[11e]"></a>TIM_EncoderInterfaceConfig</STRONG> (Thumb, 42 bytes, Stack size 16 bytes, stm32f0xx_tim.o(.text), UNUSED)

<P><STRONG><a name="[11f]"></a>TIM_SelectHallSensor</STRONG> (Thumb, 18 bytes, Stack size 0 bytes, stm32f0xx_tim.o(.text), UNUSED)

<P><STRONG><a name="[120]"></a>TIM_RemapConfig</STRONG> (Thumb, 6 bytes, Stack size 0 bytes, stm32f0xx_tim.o(.text), UNUSED)

<P><STRONG><a name="[77]"></a>USART_DeInit</STRONG> (Thumb, 54 bytes, Stack size 8 bytes, stm32f0xx_usart.o(.text), UNUSED)
<BR><BR>[Calls]<UL><LI><a href="#[67]">&gt;&gt;</a>&nbsp;&nbsp;&nbsp;RCC_APB1PeriphResetCmd
<LI><a href="#[68]">&gt;&gt;</a>&nbsp;&nbsp;&nbsp;RCC_APB2PeriphResetCmd
</UL>

<P><STRONG><a name="[55]"></a>USART_Init</STRONG> (Thumb, 166 bytes, Stack size 48 bytes, stm32f0xx_usart.o(.text))
<BR><BR>[Stack]<UL><LI>Max Depth = 72<LI>Call Chain = USART_Init &rArr; RCC_GetClocksFreq
</UL>
<BR>[Calls]<UL><LI><a href="#[4e]">&gt;&gt;</a>&nbsp;&nbsp;&nbsp;__aeabi_uidivmod
<LI><a href="#[65]">&gt;&gt;</a>&nbsp;&nbsp;&nbsp;RCC_GetClocksFreq
</UL>
<BR>[Called By]<UL><LI><a href="#[4b]">&gt;&gt;</a>&nbsp;&nbsp;&nbsp;initUsart
</UL>

<P><STRONG><a name="[54]"></a>USART_StructInit</STRONG> (Thumb, 22 bytes, Stack size 0 bytes, stm32f0xx_usart.o(.text))
<BR><BR>[Called By]<UL><LI><a href="#[4b]">&gt;&gt;</a>&nbsp;&nbsp;&nbsp;initUsart
</UL>

<P><STRONG><a name="[121]"></a>USART_ClockInit</STRONG> (Thumb, 28 bytes, Stack size 8 bytes, stm32f0xx_usart.o(.text), UNUSED)

<P><STRONG><a name="[122]"></a>USART_ClockStructInit</STRONG> (Thumb, 12 bytes, Stack size 0 bytes, stm32f0xx_usart.o(.text), UNUSED)

<P><STRONG><a name="[56]"></a>USART_Cmd</STRONG> (Thumb, 20 bytes, Stack size 0 bytes, stm32f0xx_usart.o(.text))
<BR><BR>[Called By]<UL><LI><a href="#[4b]">&gt;&gt;</a>&nbsp;&nbsp;&nbsp;initUsart
</UL>

<P><STRONG><a name="[123]"></a>USART_DirectionModeCmd</STRONG> (Thumb, 16 bytes, Stack size 0 bytes, stm32f0xx_usart.o(.text), UNUSED)

<P><STRONG><a name="[124]"></a>USART_OverSampling8Cmd</STRONG> (Thumb, 20 bytes, Stack size 0 bytes, stm32f0xx_usart.o(.text), UNUSED)

<P><STRONG><a name="[125]"></a>USART_OneBitMethodCmd</STRONG> (Thumb, 20 bytes, Stack size 0 bytes, stm32f0xx_usart.o(.text), UNUSED)

<P><STRONG><a name="[126]"></a>USART_MSBFirstCmd</STRONG> (Thumb, 20 bytes, Stack size 0 bytes, stm32f0xx_usart.o(.text), UNUSED)

<P><STRONG><a name="[127]"></a>USART_DataInvCmd</STRONG> (Thumb, 20 bytes, Stack size 0 bytes, stm32f0xx_usart.o(.text), UNUSED)

<P><STRONG><a name="[128]"></a>USART_InvPinCmd</STRONG> (Thumb, 16 bytes, Stack size 0 bytes, stm32f0xx_usart.o(.text), UNUSED)

<P><STRONG><a name="[129]"></a>USART_SWAPPinCmd</STRONG> (Thumb, 20 bytes, Stack size 0 bytes, stm32f0xx_usart.o(.text), UNUSED)

<P><STRONG><a name="[12a]"></a>USART_ReceiverTimeOutCmd</STRONG> (Thumb, 20 bytes, Stack size 0 bytes, stm32f0xx_usart.o(.text), UNUSED)

<P><STRONG><a name="[12b]"></a>USART_SetReceiverTimeOut</STRONG> (Thumb, 16 bytes, Stack size 0 bytes, stm32f0xx_usart.o(.text), UNUSED)

<P><STRONG><a name="[12c]"></a>USART_SetPrescaler</STRONG> (Thumb, 16 bytes, Stack size 0 bytes, stm32f0xx_usart.o(.text), UNUSED)

<P><STRONG><a name="[12d]"></a>USART_STOPModeCmd</STRONG> (Thumb, 18 bytes, Stack size 0 bytes, stm32f0xx_usart.o(.text), UNUSED)

<P><STRONG><a name="[12e]"></a>USART_StopModeWakeUpSourceConfig</STRONG> (Thumb, 18 bytes, Stack size 0 bytes, stm32f0xx_usart.o(.text), UNUSED)

<P><STRONG><a name="[12f]"></a>USART_AutoBaudRateCmd</STRONG> (Thumb, 20 bytes, Stack size 0 bytes, stm32f0xx_usart.o(.text), UNUSED)

<P><STRONG><a name="[130]"></a>USART_AutoBaudRateConfig</STRONG> (Thumb, 18 bytes, Stack size 0 bytes, stm32f0xx_usart.o(.text), UNUSED)

<P><STRONG><a name="[131]"></a>USART_AutoBaudRateNewRequest</STRONG> (Thumb, 12 bytes, Stack size 0 bytes, stm32f0xx_usart.o(.text), UNUSED)

<P><STRONG><a name="[58]"></a>USART_SendData</STRONG> (Thumb, 8 bytes, Stack size 0 bytes, stm32f0xx_usart.o(.text))
<BR><BR>[Called By]<UL><LI><a href="#[4d]">&gt;&gt;</a>&nbsp;&nbsp;&nbsp;uPutString
</UL>

<P><STRONG><a name="[132]"></a>USART_ReceiveData</STRONG> (Thumb, 8 bytes, Stack size 0 bytes, stm32f0xx_usart.o(.text), UNUSED)

<P><STRONG><a name="[133]"></a>USART_SetAddress</STRONG> (Thumb, 18 bytes, Stack size 0 bytes, stm32f0xx_usart.o(.text), UNUSED)

<P><STRONG><a name="[134]"></a>USART_MuteModeCmd</STRONG> (Thumb, 20 bytes, Stack size 0 bytes, stm32f0xx_usart.o(.text), UNUSED)

<P><STRONG><a name="[135]"></a>USART_MuteModeWakeUpConfig</STRONG> (Thumb, 18 bytes, Stack size 0 bytes, stm32f0xx_usart.o(.text), UNUSED)

<P><STRONG><a name="[136]"></a>USART_AddressDetectionConfig</STRONG> (Thumb, 16 bytes, Stack size 0 bytes, stm32f0xx_usart.o(.text), UNUSED)

<P><STRONG><a name="[137]"></a>USART_LINBreakDetectLengthConfig</STRONG> (Thumb, 16 bytes, Stack size 0 bytes, stm32f0xx_usart.o(.text), UNUSED)

<P><STRONG><a name="[138]"></a>USART_LINCmd</STRONG> (Thumb, 20 bytes, Stack size 0 bytes, stm32f0xx_usart.o(.text), UNUSED)

<P><STRONG><a name="[139]"></a>USART_HalfDuplexCmd</STRONG> (Thumb, 18 bytes, Stack size 0 bytes, stm32f0xx_usart.o(.text), UNUSED)

<P><STRONG><a name="[13a]"></a>USART_SetGuardTime</STRONG> (Thumb, 16 bytes, Stack size 0 bytes, stm32f0xx_usart.o(.text), UNUSED)

<P><STRONG><a name="[13b]"></a>USART_SmartCardCmd</STRONG> (Thumb, 18 bytes, Stack size 0 bytes, stm32f0xx_usart.o(.text), UNUSED)

<P><STRONG><a name="[13c]"></a>USART_SmartCardNACKCmd</STRONG> (Thumb, 18 bytes, Stack size 0 bytes, stm32f0xx_usart.o(.text), UNUSED)

<P><STRONG><a name="[13d]"></a>USART_SetAutoRetryCount</STRONG> (Thumb, 20 bytes, Stack size 0 bytes, stm32f0xx_usart.o(.text), UNUSED)

<P><STRONG><a name="[13e]"></a>USART_SetBlockLength</STRONG> (Thumb, 18 bytes, Stack size 0 bytes, stm32f0xx_usart.o(.text), UNUSED)

<P><STRONG><a name="[13f]"></a>USART_IrDAConfig</STRONG> (Thumb, 16 bytes, Stack size 0 bytes, stm32f0xx_usart.o(.text), UNUSED)

<P><STRONG><a name="[140]"></a>USART_IrDACmd</STRONG> (Thumb, 18 bytes, Stack size 0 bytes, stm32f0xx_usart.o(.text), UNUSED)

<P><STRONG><a name="[141]"></a>USART_DECmd</STRONG> (Thumb, 20 bytes, Stack size 0 bytes, stm32f0xx_usart.o(.text), UNUSED)

<P><STRONG><a name="[142]"></a>USART_DEPolarityConfig</STRONG> (Thumb, 18 bytes, Stack size 0 bytes, stm32f0xx_usart.o(.text), UNUSED)

<P><STRONG><a name="[143]"></a>USART_SetDEAssertionTime</STRONG> (Thumb, 20 bytes, Stack size 0 bytes, stm32f0xx_usart.o(.text), UNUSED)

<P><STRONG><a name="[144]"></a>USART_SetDEDeassertionTime</STRONG> (Thumb, 20 bytes, Stack size 0 bytes, stm32f0xx_usart.o(.text), UNUSED)

<P><STRONG><a name="[3e]"></a>USART_DMACmd</STRONG> (Thumb, 16 bytes, Stack size 0 bytes, stm32f0xx_usart.o(.text))
<BR><BR>[Called By]<UL><LI><a href="#[3a]">&gt;&gt;</a>&nbsp;&nbsp;&nbsp;initDma
</UL>

<P><STRONG><a name="[145]"></a>USART_DMAReceptionErrorConfig</STRONG> (Thumb, 18 bytes, Stack size 0 bytes, stm32f0xx_usart.o(.text), UNUSED)

<P><STRONG><a name="[146]"></a>USART_ITConfig</STRONG> (Thumb, 54 bytes, Stack size 8 bytes, stm32f0xx_usart.o(.text), UNUSED)

<P><STRONG><a name="[147]"></a>USART_RequestCmd</STRONG> (Thumb, 16 bytes, Stack size 0 bytes, stm32f0xx_usart.o(.text), UNUSED)

<P><STRONG><a name="[148]"></a>USART_OverrunDetectionConfig</STRONG> (Thumb, 18 bytes, Stack size 0 bytes, stm32f0xx_usart.o(.text), UNUSED)

<P><STRONG><a name="[57]"></a>USART_GetFlagStatus</STRONG> (Thumb, 14 bytes, Stack size 0 bytes, stm32f0xx_usart.o(.text))
<BR><BR>[Called By]<UL><LI><a href="#[4d]">&gt;&gt;</a>&nbsp;&nbsp;&nbsp;uPutString
</UL>

<P><STRONG><a name="[149]"></a>USART_ClearFlag</STRONG> (Thumb, 4 bytes, Stack size 0 bytes, stm32f0xx_usart.o(.text), UNUSED)

<P><STRONG><a name="[14a]"></a>USART_GetITStatus</STRONG> (Thumb, 56 bytes, Stack size 12 bytes, stm32f0xx_usart.o(.text), UNUSED)

<P><STRONG><a name="[14b]"></a>USART_ClearITPendingBit</STRONG> (Thumb, 10 bytes, Stack size 0 bytes, stm32f0xx_usart.o(.text), UNUSED)

<P><STRONG><a name="[78]"></a>PWR_DeInit</STRONG> (Thumb, 22 bytes, Stack size 8 bytes, stm32f0xx_pwr.o(.text), UNUSED)
<BR><BR>[Calls]<UL><LI><a href="#[67]">&gt;&gt;</a>&nbsp;&nbsp;&nbsp;RCC_APB1PeriphResetCmd
</UL>

<P><STRONG><a name="[14c]"></a>PWR_BackupAccessCmd</STRONG> (Thumb, 20 bytes, Stack size 0 bytes, stm32f0xx_pwr.o(.text), UNUSED)

<P><STRONG><a name="[14d]"></a>PWR_PVDLevelConfig</STRONG> (Thumb, 14 bytes, Stack size 0 bytes, stm32f0xx_pwr.o(.text), UNUSED)

<P><STRONG><a name="[14e]"></a>PWR_PVDCmd</STRONG> (Thumb, 20 bytes, Stack size 0 bytes, stm32f0xx_pwr.o(.text), UNUSED)

<P><STRONG><a name="[14f]"></a>PWR_WakeUpPinCmd</STRONG> (Thumb, 18 bytes, Stack size 0 bytes, stm32f0xx_pwr.o(.text), UNUSED)

<P><STRONG><a name="[4f]"></a>PWR_EnterSleepMode</STRONG> (Thumb, 22 bytes, Stack size 0 bytes, stm32f0xx_pwr.o(.text))
<BR><BR>[Called By]<UL><LI><a href="#[34]">&gt;&gt;</a>&nbsp;&nbsp;&nbsp;main
</UL>

<P><STRONG><a name="[150]"></a>PWR_EnterSTOPMode</STRONG> (Thumb, 40 bytes, Stack size 0 bytes, stm32f0xx_pwr.o(.text), UNUSED)

<P><STRONG><a name="[151]"></a>PWR_EnterSTANDBYMode</STRONG> (Thumb, 30 bytes, Stack size 0 bytes, stm32f0xx_pwr.o(.text), UNUSED)

<P><STRONG><a name="[152]"></a>PWR_GetFlagStatus</STRONG> (Thumb, 16 bytes, Stack size 0 bytes, stm32f0xx_pwr.o(.text), UNUSED)

<P><STRONG><a name="[153]"></a>PWR_ClearFlag</STRONG> (Thumb, 12 bytes, Stack size 0 bytes, stm32f0xx_pwr.o(.text), UNUSED)

<P><STRONG><a name="[3c]"></a>DMA_DeInit</STRONG> (Thumb, 100 bytes, Stack size 0 bytes, stm32f0xx_dma.o(.text))
<BR><BR>[Called By]<UL><LI><a href="#[3a]">&gt;&gt;</a>&nbsp;&nbsp;&nbsp;initDma
</UL>

<P><STRONG><a name="[3d]"></a>DMA_Init</STRONG> (Thumb, 56 bytes, Stack size 12 bytes, stm32f0xx_dma.o(.text))
<BR><BR>[Stack]<UL><LI>Max Depth = 12<LI>Call Chain = DMA_Init
</UL>
<BR>[Called By]<UL><LI><a href="#[3a]">&gt;&gt;</a>&nbsp;&nbsp;&nbsp;initDma
</UL>

<P><STRONG><a name="[154]"></a>DMA_StructInit</STRONG> (Thumb, 26 bytes, Stack size 0 bytes, stm32f0xx_dma.o(.text), UNUSED)

<P><STRONG><a name="[3f]"></a>DMA_Cmd</STRONG> (Thumb, 20 bytes, Stack size 0 bytes, stm32f0xx_dma.o(.text))
<BR><BR>[Called By]<UL><LI><a href="#[3a]">&gt;&gt;</a>&nbsp;&nbsp;&nbsp;initDma
</UL>

<P><STRONG><a name="[155]"></a>DMA_SetCurrDataCounter</STRONG> (Thumb, 4 bytes, Stack size 0 bytes, stm32f0xx_dma.o(.text), UNUSED)

<P><STRONG><a name="[156]"></a>DMA_GetCurrDataCounter</STRONG> (Thumb, 6 bytes, Stack size 0 bytes, stm32f0xx_dma.o(.text), UNUSED)

<P><STRONG><a name="[157]"></a>DMA_ITConfig</STRONG> (Thumb, 16 bytes, Stack size 0 bytes, stm32f0xx_dma.o(.text), UNUSED)

<P><STRONG><a name="[158]"></a>DMA_GetFlagStatus</STRONG> (Thumb, 18 bytes, Stack size 0 bytes, stm32f0xx_dma.o(.text), UNUSED)

<P><STRONG><a name="[159]"></a>DMA_ClearFlag</STRONG> (Thumb, 8 bytes, Stack size 0 bytes, stm32f0xx_dma.o(.text), UNUSED)

<P><STRONG><a name="[15a]"></a>DMA_GetITStatus</STRONG> (Thumb, 18 bytes, Stack size 0 bytes, stm32f0xx_dma.o(.text), UNUSED)

<P><STRONG><a name="[15b]"></a>DMA_ClearITPendingBit</STRONG> (Thumb, 8 bytes, Stack size 0 bytes, stm32f0xx_dma.o(.text), UNUSED)

<P><STRONG><a name="[28]"></a>SystemInit</STRONG> (Thumb, 84 bytes, Stack size 8 bytes, system_stm32f0xx.o(.text))
<BR><BR>[Stack]<UL><LI>Max Depth = 24<LI>Call Chain = SystemInit &rArr; SetSysClock
</UL>
<BR>[Calls]<UL><LI><a href="#[79]">&gt;&gt;</a>&nbsp;&nbsp;&nbsp;SetSysClock
</UL>
<BR>[Address Reference Count : 1]<UL><LI> startup_stm32f0xx.o(.text)
</UL>
<P><STRONG><a name="[7a]"></a>SystemCoreClockUpdate</STRONG> (Thumb, 90 bytes, Stack size 16 bytes, system_stm32f0xx.o(.text), UNUSED)
<BR><BR>[Calls]<UL><LI><a href="#[4e]">&gt;&gt;</a>&nbsp;&nbsp;&nbsp;__aeabi_uidivmod
</UL>

<P><STRONG><a name="[5]"></a>Reset_Handler</STRONG> (Thumb, 8 bytes, Stack size 0 bytes, startup_stm32f0xx.o(.text))
<BR>[Address Reference Count : 1]<UL><LI> startup_stm32f0xx.o(RESET)
</UL>
<P><STRONG><a name="[6]"></a>NMI_Handler</STRONG> (Thumb, 2 bytes, Stack size 0 bytes, startup_stm32f0xx.o(.text))
<BR><BR>[Calls]<UL><LI><a href="#[6]">&gt;&gt;</a>&nbsp;&nbsp;&nbsp;NMI_Handler
</UL>
<BR>[Called By]<UL><LI><a href="#[6]">&gt;&gt;</a>&nbsp;&nbsp;&nbsp;NMI_Handler
</UL>
<BR>[Address Reference Count : 1]<UL><LI> startup_stm32f0xx.o(RESET)
</UL>
<P><STRONG><a name="[7]"></a>HardFault_Handler</STRONG> (Thumb, 2 bytes, Stack size 0 bytes, startup_stm32f0xx.o(.text))
<BR><BR>[Calls]<UL><LI><a href="#[7]">&gt;&gt;</a>&nbsp;&nbsp;&nbsp;HardFault_Handler
</UL>
<BR>[Called By]<UL><LI><a href="#[7]">&gt;&gt;</a>&nbsp;&nbsp;&nbsp;HardFault_Handler
</UL>
<BR>[Address Reference Count : 1]<UL><LI> startup_stm32f0xx.o(RESET)
</UL>
<P><STRONG><a name="[8]"></a>SVC_Handler</STRONG> (Thumb, 2 bytes, Stack size 0 bytes, startup_stm32f0xx.o(.text))
<BR><BR>[Calls]<UL><LI><a href="#[8]">&gt;&gt;</a>&nbsp;&nbsp;&nbsp;SVC_Handler
</UL>
<BR>[Called By]<UL><LI><a href="#[8]">&gt;&gt;</a>&nbsp;&nbsp;&nbsp;SVC_Handler
</UL>
<BR>[Address Reference Count : 1]<UL><LI> startup_stm32f0xx.o(RESET)
</UL>
<P><STRONG><a name="[9]"></a>PendSV_Handler</STRONG> (Thumb, 2 bytes, Stack size 0 bytes, startup_stm32f0xx.o(.text))
<BR><BR>[Calls]<UL><LI><a href="#[9]">&gt;&gt;</a>&nbsp;&nbsp;&nbsp;PendSV_Handler
</UL>
<BR>[Called By]<UL><LI><a href="#[9]">&gt;&gt;</a>&nbsp;&nbsp;&nbsp;PendSV_Handler
</UL>
<BR>[Address Reference Count : 1]<UL><LI> startup_stm32f0xx.o(RESET)
</UL>
<P><STRONG><a name="[17]"></a>ADC1_COMP_IRQHandler</STRONG> (Thumb, 0 bytes, Stack size 0 bytes, startup_stm32f0xx.o(.text))
<BR><BR>[Calls]<UL><LI><a href="#[17]">&gt;&gt;</a>&nbsp;&nbsp;&nbsp;ADC1_COMP_IRQHandler
</UL>
<BR>[Called By]<UL><LI><a href="#[17]">&gt;&gt;</a>&nbsp;&nbsp;&nbsp;ADC1_COMP_IRQHandler
</UL>
<BR>[Address Reference Count : 1]<UL><LI> startup_stm32f0xx.o(RESET)
</UL>
<P><STRONG><a name="[27]"></a>CEC_IRQHandler</STRONG> (Thumb, 0 bytes, Stack size 0 bytes, startup_stm32f0xx.o(.text))
<BR>[Address Reference Count : 1]<UL><LI> startup_stm32f0xx.o(RESET)
</UL>
<P><STRONG><a name="[14]"></a>DMA1_Channel1_IRQHandler</STRONG> (Thumb, 0 bytes, Stack size 0 bytes, startup_stm32f0xx.o(.text))
<BR>[Address Reference Count : 1]<UL><LI> startup_stm32f0xx.o(RESET)
</UL>
<P><STRONG><a name="[15]"></a>DMA1_Channel2_3_IRQHandler</STRONG> (Thumb, 0 bytes, Stack size 0 bytes, startup_stm32f0xx.o(.text))
<BR>[Address Reference Count : 1]<UL><LI> startup_stm32f0xx.o(RESET)
</UL>
<P><STRONG><a name="[16]"></a>DMA1_Channel4_5_IRQHandler</STRONG> (Thumb, 0 bytes, Stack size 0 bytes, startup_stm32f0xx.o(.text))
<BR>[Address Reference Count : 1]<UL><LI> startup_stm32f0xx.o(RESET)
</UL>
<P><STRONG><a name="[10]"></a>EXTI0_1_IRQHandler</STRONG> (Thumb, 0 bytes, Stack size 0 bytes, startup_stm32f0xx.o(.text))
<BR>[Address Reference Count : 1]<UL><LI> startup_stm32f0xx.o(RESET)
</UL>
<P><STRONG><a name="[11]"></a>EXTI2_3_IRQHandler</STRONG> (Thumb, 0 bytes, Stack size 0 bytes, startup_stm32f0xx.o(.text))
<BR>[Address Reference Count : 1]<UL><LI> startup_stm32f0xx.o(RESET)
</UL>
<P><STRONG><a name="[12]"></a>EXTI4_15_IRQHandler</STRONG> (Thumb, 0 bytes, Stack size 0 bytes, startup_stm32f0xx.o(.text))
<BR>[Address Reference Count : 1]<UL><LI> startup_stm32f0xx.o(RESET)
</UL>
<P><STRONG><a name="[e]"></a>FLASH_IRQHandler</STRONG> (Thumb, 0 bytes, Stack size 0 bytes, startup_stm32f0xx.o(.text))
<BR>[Address Reference Count : 1]<UL><LI> startup_stm32f0xx.o(RESET)
</UL>
<P><STRONG><a name="[21]"></a>I2C1_IRQHandler</STRONG> (Thumb, 0 bytes, Stack size 0 bytes, startup_stm32f0xx.o(.text))
<BR>[Address Reference Count : 1]<UL><LI> startup_stm32f0xx.o(RESET)
</UL>
<P><STRONG><a name="[22]"></a>I2C2_IRQHandler</STRONG> (Thumb, 0 bytes, Stack size 0 bytes, startup_stm32f0xx.o(.text))
<BR>[Address Reference Count : 1]<UL><LI> startup_stm32f0xx.o(RESET)
</UL>
<P><STRONG><a name="[c]"></a>PVD_IRQHandler</STRONG> (Thumb, 0 bytes, Stack size 0 bytes, startup_stm32f0xx.o(.text))
<BR>[Address Reference Count : 1]<UL><LI> startup_stm32f0xx.o(RESET)
</UL>
<P><STRONG><a name="[f]"></a>RCC_IRQHandler</STRONG> (Thumb, 0 bytes, Stack size 0 bytes, startup_stm32f0xx.o(.text))
<BR>[Address Reference Count : 1]<UL><LI> startup_stm32f0xx.o(RESET)
</UL>
<P><STRONG><a name="[d]"></a>RTC_IRQHandler</STRONG> (Thumb, 0 bytes, Stack size 0 bytes, startup_stm32f0xx.o(.text))
<BR>[Address Reference Count : 1]<UL><LI> startup_stm32f0xx.o(RESET)
</UL>
<P><STRONG><a name="[23]"></a>SPI1_IRQHandler</STRONG> (Thumb, 0 bytes, Stack size 0 bytes, startup_stm32f0xx.o(.text))
<BR>[Address Reference Count : 1]<UL><LI> startup_stm32f0xx.o(RESET)
</UL>
<P><STRONG><a name="[24]"></a>SPI2_IRQHandler</STRONG> (Thumb, 0 bytes, Stack size 0 bytes, startup_stm32f0xx.o(.text))
<BR>[Address Reference Count : 1]<UL><LI> startup_stm32f0xx.o(RESET)
</UL>
<P><STRONG><a name="[1d]"></a>TIM14_IRQHandler</STRONG> (Thumb, 0 bytes, Stack size 0 bytes, startup_stm32f0xx.o(.text))
<BR>[Address Reference Count : 1]<UL><LI> startup_stm32f0xx.o(RESET)
</UL>
<P><STRONG><a name="[1e]"></a>TIM15_IRQHandler</STRONG> (Thumb, 0 bytes, Stack size 0 bytes, startup_stm32f0xx.o(.text))
<BR>[Address Reference Count : 1]<UL><LI> startup_stm32f0xx.o(RESET)
</UL>
<P><STRONG><a name="[1f]"></a>TIM16_IRQHandler</STRONG> (Thumb, 0 bytes, Stack size 0 bytes, startup_stm32f0xx.o(.text))
<BR>[Address Reference Count : 1]<UL><LI> startup_stm32f0xx.o(RESET)
</UL>
<P><STRONG><a name="[20]"></a>TIM17_IRQHandler</STRONG> (Thumb, 0 bytes, Stack size 0 bytes, startup_stm32f0xx.o(.text))
<BR>[Address Reference Count : 1]<UL><LI> startup_stm32f0xx.o(RESET)
</UL>
<P><STRONG><a name="[18]"></a>TIM1_BRK_UP_TRG_COM_IRQHandler</STRONG> (Thumb, 0 bytes, Stack size 0 bytes, startup_stm32f0xx.o(.text))
<BR>[Address Reference Count : 1]<UL><LI> startup_stm32f0xx.o(RESET)
</UL>
<P><STRONG><a name="[19]"></a>TIM1_CC_IRQHandler</STRONG> (Thumb, 0 bytes, Stack size 0 bytes, startup_stm32f0xx.o(.text))
<BR>[Address Reference Count : 1]<UL><LI> startup_stm32f0xx.o(RESET)
</UL>
<P><STRONG><a name="[1a]"></a>TIM2_IRQHandler</STRONG> (Thumb, 0 bytes, Stack size 0 bytes, startup_stm32f0xx.o(.text))
<BR>[Address Reference Count : 1]<UL><LI> startup_stm32f0xx.o(RESET)
</UL>
<P><STRONG><a name="[1b]"></a>TIM3_IRQHandler</STRONG> (Thumb, 0 bytes, Stack size 0 bytes, startup_stm32f0xx.o(.text))
<BR>[Address Reference Count : 1]<UL><LI> startup_stm32f0xx.o(RESET)
</UL>
<P><STRONG><a name="[1c]"></a>TIM6_DAC_IRQHandler</STRONG> (Thumb, 0 bytes, Stack size 0 bytes, startup_stm32f0xx.o(.text))
<BR>[Address Reference Count : 1]<UL><LI> startup_stm32f0xx.o(RESET)
</UL>
<P><STRONG><a name="[13]"></a>TS_IRQHandler</STRONG> (Thumb, 0 bytes, Stack size 0 bytes, startup_stm32f0xx.o(.text))
<BR>[Address Reference Count : 1]<UL><LI> startup_stm32f0xx.o(RESET)
</UL>
<P><STRONG><a name="[25]"></a>USART1_IRQHandler</STRONG> (Thumb, 0 bytes, Stack size 0 bytes, startup_stm32f0xx.o(.text))
<BR>[Address Reference Count : 1]<UL><LI> startup_stm32f0xx.o(RESET)
</UL>
<P><STRONG><a name="[26]"></a>USART2_IRQHandler</STRONG> (Thumb, 0 bytes, Stack size 0 bytes, startup_stm32f0xx.o(.text))
<BR>[Address Reference Count : 1]<UL><LI> startup_stm32f0xx.o(RESET)
</UL>
<P><STRONG><a name="[b]"></a>WWDG_IRQHandler</STRONG> (Thumb, 0 bytes, Stack size 0 bytes, startup_stm32f0xx.o(.text))
<BR>[Address Reference Count : 1]<UL><LI> startup_stm32f0xx.o(RESET)
</UL>
<P><STRONG><a name="[7c]"></a>__user_initial_stackheap</STRONG> (Thumb, 0 bytes, Stack size unknown bytes, startup_stm32f0xx.o(.text))
<BR><BR>[Called By]<UL><LI><a href="#[30]">&gt;&gt;</a>&nbsp;&nbsp;&nbsp;__user_setup_stackheap
</UL>

<P><STRONG><a name="[15c]"></a>__aeabi_uidiv</STRONG> (Thumb, 0 bytes, Stack size 0 bytes, aeabi_sdiv.o(.text), UNUSED)

<P><STRONG><a name="[4e]"></a>__aeabi_uidivmod</STRONG> (Thumb, 20 bytes, Stack size 0 bytes, aeabi_sdiv.o(.text))
<BR><BR>[Called By]<UL><LI><a href="#[7a]">&gt;&gt;</a>&nbsp;&nbsp;&nbsp;SystemCoreClockUpdate
<LI><a href="#[65]">&gt;&gt;</a>&nbsp;&nbsp;&nbsp;RCC_GetClocksFreq
<LI><a href="#[55]">&gt;&gt;</a>&nbsp;&nbsp;&nbsp;USART_Init
<LI><a href="#[34]">&gt;&gt;</a>&nbsp;&nbsp;&nbsp;main
</UL>

<P><STRONG><a name="[15d]"></a>__aeabi_idiv</STRONG> (Thumb, 0 bytes, Stack size 8 bytes, aeabi_sdiv.o(.text), UNUSED)

<P><STRONG><a name="[5a]"></a>__aeabi_idivmod</STRONG> (Thumb, 326 bytes, Stack size 8 bytes, aeabi_sdiv.o(.text), UNUSED)
<BR><BR>[Called By]<UL><LI><a href="#[59]">&gt;&gt;</a>&nbsp;&nbsp;&nbsp;uIntToAscii
</UL>

<P><STRONG><a name="[15e]"></a>__use_two_region_memory</STRONG> (Thumb, 2 bytes, Stack size 0 bytes, heapauxi.o(.text), UNUSED)

<P><STRONG><a name="[15f]"></a>__rt_heap_escrow$2region</STRONG> (Thumb, 2 bytes, Stack size 0 bytes, heapauxi.o(.text), UNUSED)

<P><STRONG><a name="[160]"></a>__rt_heap_expand$2region</STRONG> (Thumb, 2 bytes, Stack size 0 bytes, heapauxi.o(.text), UNUSED)

<P><STRONG><a name="[30]"></a>__user_setup_stackheap</STRONG> (Thumb, 62 bytes, Stack size 8 bytes, sys_stackheap_outer.o(.text))
<BR><BR>[Stack]<UL><LI>Max Depth = 8 + Unknown Stack Size
<LI>Call Chain = __user_setup_stackheap
</UL>
<BR>[Calls]<UL><LI><a href="#[7c]">&gt;&gt;</a>&nbsp;&nbsp;&nbsp;__user_initial_stackheap
<LI><a href="#[7b]">&gt;&gt;</a>&nbsp;&nbsp;&nbsp;__user_perproc_libspace
</UL>
<BR>[Called By]<UL><LI><a href="#[2f]">&gt;&gt;</a>&nbsp;&nbsp;&nbsp;__rt_entry_sh
</UL>

<P><STRONG><a name="[35]"></a>exit</STRONG> (Thumb, 16 bytes, Stack size 8 bytes, exit.o(.text))
<BR><BR>[Stack]<UL><LI>Max Depth = 8 + Unknown Stack Size
<LI>Call Chain = exit
</UL>
<BR>[Calls]<UL><LI><a href="#[7d]">&gt;&gt;</a>&nbsp;&nbsp;&nbsp;_call_atexit_fns (Weak Reference)
<LI><a href="#[7e]">&gt;&gt;</a>&nbsp;&nbsp;&nbsp;__rt_exit
</UL>
<BR>[Called By]<UL><LI><a href="#[33]">&gt;&gt;</a>&nbsp;&nbsp;&nbsp;__rt_entry_main
</UL>

<P><STRONG><a name="[161]"></a>__user_libspace</STRONG> (Thumb, 8 bytes, Stack size 0 bytes, libspace.o(.text), UNUSED)

<P><STRONG><a name="[7b]"></a>__user_perproc_libspace</STRONG> (Thumb, 0 bytes, Stack size 0 bytes, libspace.o(.text))
<BR><BR>[Called By]<UL><LI><a href="#[30]">&gt;&gt;</a>&nbsp;&nbsp;&nbsp;__user_setup_stackheap
</UL>

<P><STRONG><a name="[162]"></a>__user_perthread_libspace</STRONG> (Thumb, 0 bytes, Stack size 0 bytes, libspace.o(.text), UNUSED)

<P><STRONG><a name="[39]"></a>_sys_exit</STRONG> (Thumb, 8 bytes, Stack size 0 bytes, sys_exit.o(.text))
<BR><BR>[Called By]<UL><LI><a href="#[38]">&gt;&gt;</a>&nbsp;&nbsp;&nbsp;__rt_exit_exit
</UL>

<P><STRONG><a name="[163]"></a>__I$use$semihosting</STRONG> (Thumb, 0 bytes, Stack size 0 bytes, use_no_semi.o(.text), UNUSED)

<P><STRONG><a name="[164]"></a>__use_no_semihosting_swi</STRONG> (Thumb, 2 bytes, Stack size 0 bytes, use_no_semi.o(.text), UNUSED)

<P><STRONG><a name="[165]"></a>__semihosting_library_function</STRONG> (Thumb, 0 bytes, Stack size unknown bytes, indicate_semi.o(.text), UNUSED)
<P>
<H3>
Local Symbols
</H3>
<P><STRONG><a name="[6d]"></a>TI2_Config</STRONG> (Thumb, 42 bytes, Stack size 20 bytes, stm32f0xx_tim.o(.text), UNUSED)
<BR><BR>[Called By]<UL><LI><a href="#[73]">&gt;&gt;</a>&nbsp;&nbsp;&nbsp;TIM_TIxExternalClockConfig
<LI><a href="#[70]">&gt;&gt;</a>&nbsp;&nbsp;&nbsp;TIM_PWMIConfig
<LI><a href="#[69]">&gt;&gt;</a>&nbsp;&nbsp;&nbsp;TIM_ICInit
</UL>

<P><STRONG><a name="[6b]"></a>TI1_Config</STRONG> (Thumb, 40 bytes, Stack size 16 bytes, stm32f0xx_tim.o(.text), UNUSED)
<BR><BR>[Called By]<UL><LI><a href="#[73]">&gt;&gt;</a>&nbsp;&nbsp;&nbsp;TIM_TIxExternalClockConfig
<LI><a href="#[70]">&gt;&gt;</a>&nbsp;&nbsp;&nbsp;TIM_PWMIConfig
<LI><a href="#[69]">&gt;&gt;</a>&nbsp;&nbsp;&nbsp;TIM_ICInit
</UL>

<P><STRONG><a name="[79]"></a>SetSysClock</STRONG> (Thumb, 142 bytes, Stack size 16 bytes, system_stm32f0xx.o(.text))
<BR><BR>[Stack]<UL><LI>Max Depth = 16<LI>Call Chain = SetSysClock
</UL>
<BR>[Called By]<UL><LI><a href="#[28]">&gt;&gt;</a>&nbsp;&nbsp;&nbsp;SystemInit
</UL>
<P>
<H3>
Undefined Global Symbols
</H3>
<P><STRONG><a name="[7d]"></a>_call_atexit_fns</STRONG> (ARM, 0 bytes, Stack size 0 bytes, UNDEFINED)
<BR><BR>[Called By]<UL><LI><a href="#[35]">&gt;&gt;</a>&nbsp;&nbsp;&nbsp;exit
</UL>
<HR></body></html>
