Component: ARM Compiler 5.06 update 6 (build 750) Tool: armlink [4d35ed]

==============================================================================

Section Cross References

    main.o(.text) refers to usart.o(.text) for USART_init
    main.o(.text) refers to uidiv.o(.text) for __aeabi_uidivmod
    main.o(.text) refers to system_stm32f0xx.o(.data) for SystemCoreClock
    usart.o(.text) refers to usart.o(.bss) for rx_buffer
    usart.o(.text) refers to usart.o(.data) for readIndex
    stm32f0xx_it.o(.text) refers to stm32f0xx_it.o(.data) for ticks
    stm32f0xx_it.o(.text) refers to usart.o(.bss) for rx_buffer
    startup_stm32f0xx.o(RESET) refers to startup_stm32f0xx.o(STACK) for __initial_sp
    startup_stm32f0xx.o(RESET) refers to startup_stm32f0xx.o(.text) for Reset_Handler
    startup_stm32f0xx.o(RESET) refers to stm32f0xx_it.o(.text) for NMI_Handler
    startup_stm32f0xx.o(.text) refers to system_stm32f0xx.o(.text) for SystemInit
    startup_stm32f0xx.o(.text) refers to entry.o(.ARM.Collect$$$$00000000) for __main
    system_stm32f0xx.o(.text) refers to uidiv.o(.text) for __aeabi_uidivmod
    system_stm32f0xx.o(.text) refers to system_stm32f0xx.o(.data) for SystemCoreClock
    entry.o(.ARM.Collect$$$$00000000) refers (Special) to entry10a.o(.ARM.Collect$$$$0000000D) for __rt_final_cpp
    entry.o(.ARM.Collect$$$$00000000) refers (Special) to entry11a.o(.ARM.Collect$$$$0000000F) for __rt_final_exit
    entry.o(.ARM.Collect$$$$00000000) refers (Special) to entry7b.o(.ARM.Collect$$$$00000008) for _main_clock
    entry.o(.ARM.Collect$$$$00000000) refers (Special) to entry8b.o(.ARM.Collect$$$$0000000A) for _main_cpp_init
    entry.o(.ARM.Collect$$$$00000000) refers (Special) to entry9a.o(.ARM.Collect$$$$0000000B) for _main_init
    entry.o(.ARM.Collect$$$$00000000) refers (Special) to entry5.o(.ARM.Collect$$$$00000004) for _main_scatterload
    entry.o(.ARM.Collect$$$$00000000) refers (Special) to entry2.o(.ARM.Collect$$$$00000001) for _main_stk
    entry2.o(.ARM.Collect$$$$00000001) refers to entry2.o(.ARM.Collect$$$$00002712) for __lit__00000000
    entry2.o(.ARM.Collect$$$$00002712) refers to startup_stm32f0xx.o(STACK) for __initial_sp
    entry2.o(__vectab_stack_and_reset_area) refers to startup_stm32f0xx.o(STACK) for __initial_sp
    entry2.o(__vectab_stack_and_reset_area) refers to entry.o(.ARM.Collect$$$$00000000) for __main
    entry5.o(.ARM.Collect$$$$00000004) refers to init.o(.text) for __scatterload
    entry9a.o(.ARM.Collect$$$$0000000B) refers to main.o(.text) for main
    entry9b.o(.ARM.Collect$$$$0000000C) refers to main.o(.text) for main
    init.o(.text) refers to entry5.o(.ARM.Collect$$$$00000004) for __main_after_scatterload


==============================================================================

Removing Unused input sections from the image.

    Removing main.o(.emb_text), (8 bytes).
    Removing usart.o(.emb_text), (8 bytes).
    Removing stm32f0xx_it.o(.emb_text), (8 bytes).
    Removing startup_stm32f0xx.o(HEAP), (512 bytes).
    Removing system_stm32f0xx.o(.emb_text), (8 bytes).

5 unused section(s) (total 544 bytes) removed from the image.

==============================================================================

Image Symbol Table

    Local Symbols

    Symbol Name                              Value     Ov Type        Size  Object(Section)

    ../clib/microlib/division.c              0x00000000   Number         0  uidiv.o ABSOLUTE
    ../clib/microlib/init/entry.s            0x00000000   Number         0  entry.o ABSOLUTE
    ../clib/microlib/init/entry.s            0x00000000   Number         0  entry2.o ABSOLUTE
    ../clib/microlib/init/entry.s            0x00000000   Number         0  entry11a.o ABSOLUTE
    ../clib/microlib/init/entry.s            0x00000000   Number         0  entry10b.o ABSOLUTE
    ../clib/microlib/init/entry.s            0x00000000   Number         0  entry11b.o ABSOLUTE
    ../clib/microlib/init/entry.s            0x00000000   Number         0  entry8a.o ABSOLUTE
    ../clib/microlib/init/entry.s            0x00000000   Number         0  entry10a.o ABSOLUTE
    ../clib/microlib/init/entry.s            0x00000000   Number         0  entry9b.o ABSOLUTE
    ../clib/microlib/init/entry.s            0x00000000   Number         0  entry9a.o ABSOLUTE
    ../clib/microlib/init/entry.s            0x00000000   Number         0  entry7b.o ABSOLUTE
    ../clib/microlib/init/entry.s            0x00000000   Number         0  entry7a.o ABSOLUTE
    ../clib/microlib/init/entry.s            0x00000000   Number         0  entry5.o ABSOLUTE
    ../clib/microlib/init/entry.s            0x00000000   Number         0  entry8b.o ABSOLUTE
    dc.s                                     0x00000000   Number         0  dc.o ABSOLUTE
    handlers.s                               0x00000000   Number         0  handlers.o ABSOLUTE
    init.s                                   0x00000000   Number         0  init.o ABSOLUTE
    src\\main.c                              0x00000000   Number         0  main.o ABSOLUTE
    src\\stm32f0xx_it.c                      0x00000000   Number         0  stm32f0xx_it.o ABSOLUTE
    src\\usart.c                             0x00000000   Number         0  usart.o ABSOLUTE
    src\main.c                               0x00000000   Number         0  main.o ABSOLUTE
    src\stm32f0xx_it.c                       0x00000000   Number         0  stm32f0xx_it.o ABSOLUTE
    src\usart.c                              0x00000000   Number         0  usart.o ABSOLUTE
    startup\\system_stm32f0xx.c              0x00000000   Number         0  system_stm32f0xx.o ABSOLUTE
    startup\startup_stm32f0xx.s              0x00000000   Number         0  startup_stm32f0xx.o ABSOLUTE
    startup\system_stm32f0xx.c               0x00000000   Number         0  system_stm32f0xx.o ABSOLUTE
    RESET                                    0x08000000   Section      192  startup_stm32f0xx.o(RESET)
    .ARM.Collect$$$$00000000                 0x080000c0   Section        0  entry.o(.ARM.Collect$$$$00000000)
    .ARM.Collect$$$$00000001                 0x080000c0   Section        4  entry2.o(.ARM.Collect$$$$00000001)
    .ARM.Collect$$$$00000004                 0x080000c4   Section        4  entry5.o(.ARM.Collect$$$$00000004)
    .ARM.Collect$$$$00000008                 0x080000c8   Section        0  entry7b.o(.ARM.Collect$$$$00000008)
    .ARM.Collect$$$$0000000A                 0x080000c8   Section        0  entry8b.o(.ARM.Collect$$$$0000000A)
    .ARM.Collect$$$$0000000B                 0x080000c8   Section        8  entry9a.o(.ARM.Collect$$$$0000000B)
    .ARM.Collect$$$$0000000D                 0x080000d0   Section        0  entry10a.o(.ARM.Collect$$$$0000000D)
    .ARM.Collect$$$$0000000F                 0x080000d0   Section        0  entry11a.o(.ARM.Collect$$$$0000000F)
    .ARM.Collect$$$$00002712                 0x080000d0   Section        4  entry2.o(.ARM.Collect$$$$00002712)
    __lit__00000000                          0x080000d0   Data           4  entry2.o(.ARM.Collect$$$$00002712)
    .text                                    0x080000d4   Section        0  main.o(.text)
    .text                                    0x0800025c   Section        0  usart.o(.text)
    NVIC_SetPriority                         0x0800037b   Thumb Code   110  usart.o(.text)
    .text                                    0x08000410   Section        0  stm32f0xx_it.o(.text)
    .text                                    0x080004d8   Section       28  startup_stm32f0xx.o(.text)
    .text                                    0x080004f4   Section        0  system_stm32f0xx.o(.text)
    SetSysClock                              0x080004f5   Thumb Code   206  system_stm32f0xx.o(.text)
    .text                                    0x080006ec   Section        0  uidiv.o(.text)
    .text                                    0x08000718   Section       36  init.o(.text)
    i.__scatterload_copy                     0x0800073c   Section       14  handlers.o(i.__scatterload_copy)
    i.__scatterload_null                     0x0800074a   Section        2  handlers.o(i.__scatterload_null)
    i.__scatterload_zeroinit                 0x0800074c   Section       14  handlers.o(i.__scatterload_zeroinit)
    .data                                    0x20000000   Section        1  usart.o(.data)
    .data                                    0x20000004   Section        8  stm32f0xx_it.o(.data)
    ticks                                    0x20000008   Data           4  stm32f0xx_it.o(.data)
    .data                                    0x2000000c   Section       20  system_stm32f0xx.o(.data)
    .bss                                     0x20000020   Section       10  usart.o(.bss)
    STACK                                    0x20000030   Section     1024  startup_stm32f0xx.o(STACK)

    Global Symbols

    Symbol Name                              Value     Ov Type        Size  Object(Section)

    BuildAttributes$$THM_ISAv3M$S$PE$A:L22$X:L11$S22$IEEE1$IW$USESV6$~STKCKD$USESV7$~SHL$OSPACE$EBA8$MICROLIB$REQ8$PRES8$EABIv2 0x00000000   Number         0  anon$$obj.o ABSOLUTE
    __ARM_use_no_argv                        0x00000000   Number         0  main.o ABSOLUTE
    __cpp_initialize__aeabi_                  - Undefined Weak Reference
    __cxa_finalize                            - Undefined Weak Reference
    __decompress                              - Undefined Weak Reference
    _clock_init                               - Undefined Weak Reference
    _microlib_exit                            - Undefined Weak Reference
    __Vectors_Size                           0x000000c0   Number         0  startup_stm32f0xx.o ABSOLUTE
    __Vectors                                0x08000000   Data           4  startup_stm32f0xx.o(RESET)
    __Vectors_End                            0x080000c0   Data           0  startup_stm32f0xx.o(RESET)
    __main                                   0x080000c1   Thumb Code     0  entry.o(.ARM.Collect$$$$00000000)
    _main_stk                                0x080000c1   Thumb Code     0  entry2.o(.ARM.Collect$$$$00000001)
    _main_scatterload                        0x080000c5   Thumb Code     0  entry5.o(.ARM.Collect$$$$00000004)
    __main_after_scatterload                 0x080000c9   Thumb Code     0  entry5.o(.ARM.Collect$$$$00000004)
    _main_clock                              0x080000c9   Thumb Code     0  entry7b.o(.ARM.Collect$$$$00000008)
    _main_cpp_init                           0x080000c9   Thumb Code     0  entry8b.o(.ARM.Collect$$$$0000000A)
    _main_init                               0x080000c9   Thumb Code     0  entry9a.o(.ARM.Collect$$$$0000000B)
    __rt_final_cpp                           0x080000d1   Thumb Code     0  entry10a.o(.ARM.Collect$$$$0000000D)
    __rt_final_exit                          0x080000d1   Thumb Code     0  entry11a.o(.ARM.Collect$$$$0000000F)
    delay                                    0x080000d5   Thumb Code    14  main.o(.text)
    main                                     0x080000e3   Thumb Code   216  main.o(.text)
    USART_init                               0x0800025d   Thumb Code   126  usart.o(.text)
    USART_putc                               0x080002db   Thumb Code    22  usart.o(.text)
    USART_putstr                             0x080002f1   Thumb Code    34  usart.o(.text)
    USART_getc                               0x08000313   Thumb Code    54  usart.o(.text)
    USART_getstr                             0x08000349   Thumb Code    20  usart.o(.text)
    USART_clearscreen                        0x0800035d   Thumb Code    30  usart.o(.text)
    NMI_Handler                              0x08000411   Thumb Code     2  stm32f0xx_it.o(.text)
    HardFault_Handler                        0x08000413   Thumb Code     4  stm32f0xx_it.o(.text)
    SVC_Handler                              0x08000417   Thumb Code     2  stm32f0xx_it.o(.text)
    PendSV_Handler                           0x08000419   Thumb Code     2  stm32f0xx_it.o(.text)
    SysTick_Handler                          0x0800041b   Thumb Code    92  stm32f0xx_it.o(.text)
    USART1_IRQHandler                        0x08000477   Thumb Code    76  stm32f0xx_it.o(.text)
    Reset_Handler                            0x080004d9   Thumb Code     8  startup_stm32f0xx.o(.text)
    ADC1_COMP_IRQHandler                     0x080004eb   Thumb Code     0  startup_stm32f0xx.o(.text)
    CEC_IRQHandler                           0x080004eb   Thumb Code     0  startup_stm32f0xx.o(.text)
    DMA1_Channel1_IRQHandler                 0x080004eb   Thumb Code     0  startup_stm32f0xx.o(.text)
    DMA1_Channel2_3_IRQHandler               0x080004eb   Thumb Code     0  startup_stm32f0xx.o(.text)
    DMA1_Channel4_5_IRQHandler               0x080004eb   Thumb Code     0  startup_stm32f0xx.o(.text)
    EXTI0_1_IRQHandler                       0x080004eb   Thumb Code     0  startup_stm32f0xx.o(.text)
    EXTI2_3_IRQHandler                       0x080004eb   Thumb Code     0  startup_stm32f0xx.o(.text)
    EXTI4_15_IRQHandler                      0x080004eb   Thumb Code     0  startup_stm32f0xx.o(.text)
    FLASH_IRQHandler                         0x080004eb   Thumb Code     0  startup_stm32f0xx.o(.text)
    I2C1_IRQHandler                          0x080004eb   Thumb Code     0  startup_stm32f0xx.o(.text)
    I2C2_IRQHandler                          0x080004eb   Thumb Code     0  startup_stm32f0xx.o(.text)
    PVD_IRQHandler                           0x080004eb   Thumb Code     0  startup_stm32f0xx.o(.text)
    RCC_IRQHandler                           0x080004eb   Thumb Code     0  startup_stm32f0xx.o(.text)
    RTC_IRQHandler                           0x080004eb   Thumb Code     0  startup_stm32f0xx.o(.text)
    SPI1_IRQHandler                          0x080004eb   Thumb Code     0  startup_stm32f0xx.o(.text)
    SPI2_IRQHandler                          0x080004eb   Thumb Code     0  startup_stm32f0xx.o(.text)
    TIM14_IRQHandler                         0x080004eb   Thumb Code     0  startup_stm32f0xx.o(.text)
    TIM15_IRQHandler                         0x080004eb   Thumb Code     0  startup_stm32f0xx.o(.text)
    TIM16_IRQHandler                         0x080004eb   Thumb Code     0  startup_stm32f0xx.o(.text)
    TIM17_IRQHandler                         0x080004eb   Thumb Code     0  startup_stm32f0xx.o(.text)
    TIM1_BRK_UP_TRG_COM_IRQHandler           0x080004eb   Thumb Code     0  startup_stm32f0xx.o(.text)
    TIM1_CC_IRQHandler                       0x080004eb   Thumb Code     0  startup_stm32f0xx.o(.text)
    TIM2_IRQHandler                          0x080004eb   Thumb Code     0  startup_stm32f0xx.o(.text)
    TIM3_IRQHandler                          0x080004eb   Thumb Code     0  startup_stm32f0xx.o(.text)
    TIM6_DAC_IRQHandler                      0x080004eb   Thumb Code     0  startup_stm32f0xx.o(.text)
    TS_IRQHandler                            0x080004eb   Thumb Code     0  startup_stm32f0xx.o(.text)
    USART2_IRQHandler                        0x080004eb   Thumb Code     0  startup_stm32f0xx.o(.text)
    WWDG_IRQHandler                          0x080004eb   Thumb Code     0  startup_stm32f0xx.o(.text)
    SystemInit                               0x080005c3   Thumb Code   110  system_stm32f0xx.o(.text)
    SystemCoreClockUpdate                    0x08000631   Thumb Code   154  system_stm32f0xx.o(.text)
    __aeabi_uidiv                            0x080006ed   Thumb Code     0  uidiv.o(.text)
    __aeabi_uidivmod                         0x080006ed   Thumb Code    44  uidiv.o(.text)
    __scatterload                            0x08000719   Thumb Code    28  init.o(.text)
    __scatterload_rt2                        0x08000719   Thumb Code     0  init.o(.text)
    __scatterload_copy                       0x0800073d   Thumb Code    14  handlers.o(i.__scatterload_copy)
    __scatterload_null                       0x0800074b   Thumb Code     2  handlers.o(i.__scatterload_null)
    __scatterload_zeroinit                   0x0800074d   Thumb Code    14  handlers.o(i.__scatterload_zeroinit)
    Region$$Table$$Base                      0x0800075c   Number         0  anon$$obj.o(Region$$Table)
    Region$$Table$$Limit                     0x0800077c   Number         0  anon$$obj.o(Region$$Table)
    readIndex                                0x20000000   Data           1  usart.o(.data)
    writeIndex                               0x20000004   Data           1  stm32f0xx_it.o(.data)
    SystemCoreClock                          0x2000000c   Data           4  system_stm32f0xx.o(.data)
    AHBPrescTable                            0x20000010   Data          16  system_stm32f0xx.o(.data)
    rx_buffer                                0x20000020   Data          10  usart.o(.bss)
    __initial_sp                             0x20000430   Data           0  startup_stm32f0xx.o(STACK)



==============================================================================

Memory Map of the image

  Image Entry point : 0x080000c1

  Load Region LR_IROM1 (Base: 0x08000000, Size: 0x0000079c, Max: 0x00010000, ABSOLUTE)

    Execution Region ER_IROM1 (Exec base: 0x08000000, Load base: 0x08000000, Size: 0x0000077c, Max: 0x00010000, ABSOLUTE)

    Exec Addr    Load Addr    Size         Type   Attr      Idx    E Section Name        Object

    0x08000000   0x08000000   0x000000c0   Data   RO           94    RESET               startup_stm32f0xx.o
    0x080000c0   0x080000c0   0x00000000   Code   RO          121  * .ARM.Collect$$$$00000000  mc_p.l(entry.o)
    0x080000c0   0x080000c0   0x00000004   Code   RO          126    .ARM.Collect$$$$00000001  mc_p.l(entry2.o)
    0x080000c4   0x080000c4   0x00000004   Code   RO          129    .ARM.Collect$$$$00000004  mc_p.l(entry5.o)
    0x080000c8   0x080000c8   0x00000000   Code   RO          131    .ARM.Collect$$$$00000008  mc_p.l(entry7b.o)
    0x080000c8   0x080000c8   0x00000000   Code   RO          133    .ARM.Collect$$$$0000000A  mc_p.l(entry8b.o)
    0x080000c8   0x080000c8   0x00000008   Code   RO          134    .ARM.Collect$$$$0000000B  mc_p.l(entry9a.o)
    0x080000d0   0x080000d0   0x00000000   Code   RO          136    .ARM.Collect$$$$0000000D  mc_p.l(entry10a.o)
    0x080000d0   0x080000d0   0x00000000   Code   RO          138    .ARM.Collect$$$$0000000F  mc_p.l(entry11a.o)
    0x080000d0   0x080000d0   0x00000004   Code   RO          127    .ARM.Collect$$$$00002712  mc_p.l(entry2.o)
    0x080000d4   0x080000d4   0x00000188   Code   RO            2    .text               main.o
    0x0800025c   0x0800025c   0x000001b4   Code   RO           44    .text               usart.o
    0x08000410   0x08000410   0x000000c8   Code   RO           67    .text               stm32f0xx_it.o
    0x080004d8   0x080004d8   0x0000001c   Code   RO           95    .text               startup_stm32f0xx.o
    0x080004f4   0x080004f4   0x000001f8   Code   RO          100    .text               system_stm32f0xx.o
    0x080006ec   0x080006ec   0x0000002c   Code   RO          124    .text               mc_p.l(uidiv.o)
    0x08000718   0x08000718   0x00000024   Code   RO          140    .text               mc_p.l(init.o)
    0x0800073c   0x0800073c   0x0000000e   Code   RO          144    i.__scatterload_copy  mc_p.l(handlers.o)
    0x0800074a   0x0800074a   0x00000002   Code   RO          145    i.__scatterload_null  mc_p.l(handlers.o)
    0x0800074c   0x0800074c   0x0000000e   Code   RO          146    i.__scatterload_zeroinit  mc_p.l(handlers.o)
    0x0800075a   0x0800075a   0x00000002   PAD
    0x0800075c   0x0800075c   0x00000020   Data   RO          142    Region$$Table       anon$$obj.o


    Execution Region RW_IRAM1 (Exec base: 0x20000000, Load base: 0x0800077c, Size: 0x00000430, Max: 0x00002000, ABSOLUTE)

    Exec Addr    Load Addr    Size         Type   Attr      Idx    E Section Name        Object

    0x20000000   0x0800077c   0x00000001   Data   RW           46    .data               usart.o
    0x20000001   0x0800077d   0x00000003   PAD
    0x20000004   0x08000780   0x00000008   Data   RW           68    .data               stm32f0xx_it.o
    0x2000000c   0x08000788   0x00000014   Data   RW          101    .data               system_stm32f0xx.o
    0x20000020        -       0x0000000a   Zero   RW           45    .bss                usart.o
    0x2000002a   0x0800079c   0x00000006   PAD
    0x20000030        -       0x00000400   Zero   RW           92    STACK               startup_stm32f0xx.o


==============================================================================

Image component sizes


      Code (inc. data)   RO Data    RW Data    ZI Data      Debug   Object Name

       392        162          0          0          0      95039   main.o
        28          8        192          0       1024        608   startup_stm32f0xx.o
       200         22          0          8          0       1302   stm32f0xx_it.o
       504         34          0         20          0       1655   system_stm32f0xx.o
       436         40          0          1         10       8013   usart.o

    ----------------------------------------------------------------------
      1560        266        224         32       1040     106617   Object Totals
         0          0         32          0          0          0   (incl. Generated)
         0          0          0          3          6          0   (incl. Padding)

    ----------------------------------------------------------------------

      Code (inc. data)   RO Data    RW Data    ZI Data      Debug   Library Member Name

         0          0          0          0          0          0   entry.o
         0          0          0          0          0          0   entry10a.o
         0          0          0          0          0          0   entry11a.o
         8          4          0          0          0          0   entry2.o
         4          0          0          0          0          0   entry5.o
         0          0          0          0          0          0   entry7b.o
         0          0          0          0          0          0   entry8b.o
         8          4          0          0          0          0   entry9a.o
        30          0          0          0          0          0   handlers.o
        36          8          0          0          0         68   init.o
        44          0          0          0          0         72   uidiv.o

    ----------------------------------------------------------------------
       132         16          0          0          0        140   Library Totals
         2          0          0          0          0          0   (incl. Padding)

    ----------------------------------------------------------------------

      Code (inc. data)   RO Data    RW Data    ZI Data      Debug   Library Name

       130         16          0          0          0        140   mc_p.l

    ----------------------------------------------------------------------
       132         16          0          0          0        140   Library Totals

    ----------------------------------------------------------------------

==============================================================================


      Code (inc. data)   RO Data    RW Data    ZI Data      Debug   

      1692        282        224         32       1040     106733   Grand Totals
      1692        282        224         32       1040     106733   ELF Image Totals
      1692        282        224         32          0          0   ROM Totals

==============================================================================

    Total RO  Size (Code + RO Data)                 1916 (   1.87kB)
    Total RW  Size (RW Data + ZI Data)              1072 (   1.05kB)
    Total ROM Size (Code + RO Data + RW Data)       1948 (   1.90kB)

==============================================================================

