Component: ARM Compiler 5.06 update 6 (build 750) Tool: armlink [4d35ed]

==============================================================================

Section Cross References

    main1.o(.text) refers to stm32f0xx_rcc.o(.text) for RCC_APB2PeriphClockCmd
    main1.o(.text) refers to stm32f0xx_gpio.o(.text) for GPIO_Init
    main1.o(.text) refers to stm32f0xx_adc.o(.text) for ADC_Init
    main1.o(.text) refers to stm32f0_discovery.o(.text) for STM_EVAL_LEDInit
    main1.o(.text) refers to helper.o(.text) for USART_Setup
    main1.o(.text) refers to uidiv.o(.text) for __aeabi_uidivmod
    main1.o(.text) refers to system_stm32f0xx.o(.data) for SystemCoreClock
    helper.o(.text) refers to stm32f0xx_rcc.o(.text) for RCC_AHBPeriphClockCmd
    helper.o(.text) refers to stm32f0xx_gpio.o(.text) for GPIO_PinAFConfig
    helper.o(.text) refers to stm32f0xx_usart.o(.text) for USART_StructInit
    helper.o(.text) refers to idiv.o(.text) for __aeabi_idivmod
    stm32f0xx_it.o(.text) refers to stm32f0xx_adc.o(.text) for ADC_GetITStatus
    stm32f0xx_it.o(.text) refers to stm32f0_discovery.o(.text) for STM_EVAL_LEDOn
    stm32f0_discovery.o(.text) refers to stm32f0xx_rcc.o(.text) for RCC_AHBPeriphClockCmd
    stm32f0_discovery.o(.text) refers to stm32f0xx_gpio.o(.text) for GPIO_Init
    stm32f0_discovery.o(.text) refers to stm32f0xx_syscfg.o(.text) for SYSCFG_EXTILineConfig
    stm32f0_discovery.o(.text) refers to stm32f0xx_exti.o(.text) for EXTI_Init
    stm32f0_discovery.o(.text) refers to stm32f0xx_misc.o(.text) for NVIC_Init
    stm32f0_discovery.o(.text) refers to stm32f0_discovery.o(.constdata) for .constdata
    stm32f0_discovery.o(.text) refers to stm32f0_discovery.o(.data) for .data
    stm32f0xx_adc.o(.text) refers to stm32f0xx_rcc.o(.text) for RCC_APB2PeriphResetCmd
    stm32f0xx_dac.o(.text) refers to stm32f0xx_rcc.o(.text) for RCC_APB1PeriphResetCmd
    stm32f0xx_gpio.o(.text) refers to stm32f0xx_rcc.o(.text) for RCC_AHBPeriphResetCmd
    stm32f0xx_rcc.o(.text) refers to uidiv.o(.text) for __aeabi_uidivmod
    stm32f0xx_rcc.o(.text) refers to stm32f0xx_rcc.o(.data) for .data
    stm32f0xx_tim.o(.text) refers to stm32f0xx_rcc.o(.text) for RCC_APB1PeriphResetCmd
    stm32f0xx_usart.o(.text) refers to stm32f0xx_rcc.o(.text) for RCC_APB2PeriphResetCmd
    stm32f0xx_usart.o(.text) refers to uidiv.o(.text) for __aeabi_uidivmod
    system_stm32f0xx.o(.text) refers to uidiv.o(.text) for __aeabi_uidivmod
    system_stm32f0xx.o(.text) refers to system_stm32f0xx.o(.data) for .data
    startup_stm32f0xx.o(RESET) refers to startup_stm32f0xx.o(STACK) for __initial_sp
    startup_stm32f0xx.o(RESET) refers to startup_stm32f0xx.o(.text) for Reset_Handler
    startup_stm32f0xx.o(RESET) refers to stm32f0xx_it.o(.text) for NMI_Handler
    startup_stm32f0xx.o(.text) refers to system_stm32f0xx.o(.text) for SystemInit
    startup_stm32f0xx.o(.text) refers to entry.o(.ARM.Collect$$$$00000000) for __main
    entry.o(.ARM.Collect$$$$00000000) refers (Special) to entry10a.o(.ARM.Collect$$$$0000000D) for __rt_final_cpp
    entry.o(.ARM.Collect$$$$00000000) refers (Special) to entry11a.o(.ARM.Collect$$$$0000000F) for __rt_final_exit
    entry.o(.ARM.Collect$$$$00000000) refers (Special) to entry7b.o(.ARM.Collect$$$$00000008) for _main_clock
    entry.o(.ARM.Collect$$$$00000000) refers (Special) to entry8b.o(.ARM.Collect$$$$0000000A) for _main_cpp_init
    entry.o(.ARM.Collect$$$$00000000) refers (Special) to entry9a.o(.ARM.Collect$$$$0000000B) for _main_init
    entry.o(.ARM.Collect$$$$00000000) refers (Special) to entry5.o(.ARM.Collect$$$$00000004) for _main_scatterload
    entry.o(.ARM.Collect$$$$00000000) refers (Special) to entry2.o(.ARM.Collect$$$$00000001) for _main_stk
    idiv.o(.text) refers to uidiv.o(.text) for __aeabi_uidivmod
    entry2.o(.ARM.Collect$$$$00000001) refers to entry2.o(.ARM.Collect$$$$00002712) for __lit__00000000
    entry2.o(.ARM.Collect$$$$00002712) refers to startup_stm32f0xx.o(STACK) for __initial_sp
    entry2.o(__vectab_stack_and_reset_area) refers to startup_stm32f0xx.o(STACK) for __initial_sp
    entry2.o(__vectab_stack_and_reset_area) refers to entry.o(.ARM.Collect$$$$00000000) for __main
    entry5.o(.ARM.Collect$$$$00000004) refers to init.o(.text) for __scatterload
    entry9a.o(.ARM.Collect$$$$0000000B) refers to main1.o(.text) for main
    entry9b.o(.ARM.Collect$$$$0000000C) refers to main1.o(.text) for main
    init.o(.text) refers to entry5.o(.ARM.Collect$$$$00000004) for __main_after_scatterload


==============================================================================

Removing Unused input sections from the image.

    Removing main1.o(.emb_text), (8 bytes).
    Removing helper.o(.emb_text), (8 bytes).
    Removing stm32f0xx_it.o(.emb_text), (8 bytes).
    Removing stm32f0_discovery.o(.emb_text), (8 bytes).
    Removing stm32f0xx_adc.o(.emb_text), (8 bytes).
    Removing stm32f0xx_dac.o(.emb_text), (8 bytes).
    Removing stm32f0xx_dac.o(.text), (244 bytes).
    Removing stm32f0xx_exti.o(.emb_text), (8 bytes).
    Removing stm32f0xx_gpio.o(.emb_text), (8 bytes).
    Removing stm32f0xx_misc.o(.emb_text), (8 bytes).
    Removing stm32f0xx_rcc.o(.emb_text), (8 bytes).
    Removing stm32f0xx_syscfg.o(.emb_text), (8 bytes).
    Removing stm32f0xx_tim.o(.emb_text), (8 bytes).
    Removing stm32f0xx_tim.o(.text), (2332 bytes).
    Removing stm32f0xx_usart.o(.emb_text), (8 bytes).
    Removing system_stm32f0xx.o(.emb_text), (8 bytes).
    Removing startup_stm32f0xx.o(HEAP), (512 bytes).

17 unused section(s) (total 3200 bytes) removed from the image.

==============================================================================

Image Symbol Table

    Local Symbols

    Symbol Name                              Value     Ov Type        Size  Object(Section)

    ../clib/microlib/division.c              0x00000000   Number         0  idiv.o ABSOLUTE
    ../clib/microlib/division.c              0x00000000   Number         0  uidiv.o ABSOLUTE
    ../clib/microlib/init/entry.s            0x00000000   Number         0  entry10a.o ABSOLUTE
    ../clib/microlib/init/entry.s            0x00000000   Number         0  entry10b.o ABSOLUTE
    ../clib/microlib/init/entry.s            0x00000000   Number         0  entry2.o ABSOLUTE
    ../clib/microlib/init/entry.s            0x00000000   Number         0  entry7a.o ABSOLUTE
    ../clib/microlib/init/entry.s            0x00000000   Number         0  entry5.o ABSOLUTE
    ../clib/microlib/init/entry.s            0x00000000   Number         0  entry9b.o ABSOLUTE
    ../clib/microlib/init/entry.s            0x00000000   Number         0  entry11b.o ABSOLUTE
    ../clib/microlib/init/entry.s            0x00000000   Number         0  entry11a.o ABSOLUTE
    ../clib/microlib/init/entry.s            0x00000000   Number         0  entry9a.o ABSOLUTE
    ../clib/microlib/init/entry.s            0x00000000   Number         0  entry8b.o ABSOLUTE
    ../clib/microlib/init/entry.s            0x00000000   Number         0  entry8a.o ABSOLUTE
    ../clib/microlib/init/entry.s            0x00000000   Number         0  entry.o ABSOLUTE
    ../clib/microlib/init/entry.s            0x00000000   Number         0  entry7b.o ABSOLUTE
    ..\..\libraries\STM32F0xx_StdPeriph_Driver\src\stm32f0xx_adc.c 0x00000000   Number         0  stm32f0xx_adc.o ABSOLUTE
    ..\..\libraries\STM32F0xx_StdPeriph_Driver\src\stm32f0xx_dac.c 0x00000000   Number         0  stm32f0xx_dac.o ABSOLUTE
    ..\..\libraries\STM32F0xx_StdPeriph_Driver\src\stm32f0xx_exti.c 0x00000000   Number         0  stm32f0xx_exti.o ABSOLUTE
    ..\..\libraries\STM32F0xx_StdPeriph_Driver\src\stm32f0xx_gpio.c 0x00000000   Number         0  stm32f0xx_gpio.o ABSOLUTE
    ..\..\libraries\STM32F0xx_StdPeriph_Driver\src\stm32f0xx_misc.c 0x00000000   Number         0  stm32f0xx_misc.o ABSOLUTE
    ..\..\libraries\STM32F0xx_StdPeriph_Driver\src\stm32f0xx_rcc.c 0x00000000   Number         0  stm32f0xx_rcc.o ABSOLUTE
    ..\..\libraries\STM32F0xx_StdPeriph_Driver\src\stm32f0xx_syscfg.c 0x00000000   Number         0  stm32f0xx_syscfg.o ABSOLUTE
    ..\..\libraries\STM32F0xx_StdPeriph_Driver\src\stm32f0xx_tim.c 0x00000000   Number         0  stm32f0xx_tim.o ABSOLUTE
    ..\..\libraries\STM32F0xx_StdPeriph_Driver\src\stm32f0xx_usart.c 0x00000000   Number         0  stm32f0xx_usart.o ABSOLUTE
    ..\..\utilities\STM32F0-Discovery\stm32f0_discovery.c 0x00000000   Number         0  stm32f0_discovery.o ABSOLUTE
    ..\\..\\libraries\\STM32F0xx_StdPeriph_Driver\\src\\stm32f0xx_adc.c 0x00000000   Number         0  stm32f0xx_adc.o ABSOLUTE
    ..\\..\\libraries\\STM32F0xx_StdPeriph_Driver\\src\\stm32f0xx_dac.c 0x00000000   Number         0  stm32f0xx_dac.o ABSOLUTE
    ..\\..\\libraries\\STM32F0xx_StdPeriph_Driver\\src\\stm32f0xx_exti.c 0x00000000   Number         0  stm32f0xx_exti.o ABSOLUTE
    ..\\..\\libraries\\STM32F0xx_StdPeriph_Driver\\src\\stm32f0xx_gpio.c 0x00000000   Number         0  stm32f0xx_gpio.o ABSOLUTE
    ..\\..\\libraries\\STM32F0xx_StdPeriph_Driver\\src\\stm32f0xx_misc.c 0x00000000   Number         0  stm32f0xx_misc.o ABSOLUTE
    ..\\..\\libraries\\STM32F0xx_StdPeriph_Driver\\src\\stm32f0xx_rcc.c 0x00000000   Number         0  stm32f0xx_rcc.o ABSOLUTE
    ..\\..\\libraries\\STM32F0xx_StdPeriph_Driver\\src\\stm32f0xx_syscfg.c 0x00000000   Number         0  stm32f0xx_syscfg.o ABSOLUTE
    ..\\..\\libraries\\STM32F0xx_StdPeriph_Driver\\src\\stm32f0xx_tim.c 0x00000000   Number         0  stm32f0xx_tim.o ABSOLUTE
    ..\\..\\libraries\\STM32F0xx_StdPeriph_Driver\\src\\stm32f0xx_usart.c 0x00000000   Number         0  stm32f0xx_usart.o ABSOLUTE
    ..\\..\\utilities\\STM32F0-Discovery\\stm32f0_discovery.c 0x00000000   Number         0  stm32f0_discovery.o ABSOLUTE
    dc.s                                     0x00000000   Number         0  dc.o ABSOLUTE
    handlers.s                               0x00000000   Number         0  handlers.o ABSOLUTE
    init.s                                   0x00000000   Number         0  init.o ABSOLUTE
    src\\helper.c                            0x00000000   Number         0  helper.o ABSOLUTE
    src\\main1.c                             0x00000000   Number         0  main1.o ABSOLUTE
    src\\stm32f0xx_it.c                      0x00000000   Number         0  stm32f0xx_it.o ABSOLUTE
    src\helper.c                             0x00000000   Number         0  helper.o ABSOLUTE
    src\main1.c                              0x00000000   Number         0  main1.o ABSOLUTE
    src\stm32f0xx_it.c                       0x00000000   Number         0  stm32f0xx_it.o ABSOLUTE
    startup\\system_stm32f0xx.c              0x00000000   Number         0  system_stm32f0xx.o ABSOLUTE
    startup\startup_stm32f0xx.s              0x00000000   Number         0  startup_stm32f0xx.o ABSOLUTE
    startup\system_stm32f0xx.c               0x00000000   Number         0  system_stm32f0xx.o ABSOLUTE
    RESET                                    0x08000000   Section      192  startup_stm32f0xx.o(RESET)
    .ARM.Collect$$$$00000000                 0x080000c0   Section        0  entry.o(.ARM.Collect$$$$00000000)
    .ARM.Collect$$$$00000001                 0x080000c0   Section        4  entry2.o(.ARM.Collect$$$$00000001)
    .ARM.Collect$$$$00000004                 0x080000c4   Section        4  entry5.o(.ARM.Collect$$$$00000004)
    .ARM.Collect$$$$00000008                 0x080000c8   Section        0  entry7b.o(.ARM.Collect$$$$00000008)
    .ARM.Collect$$$$0000000A                 0x080000c8   Section        0  entry8b.o(.ARM.Collect$$$$0000000A)
    .ARM.Collect$$$$0000000B                 0x080000c8   Section        8  entry9a.o(.ARM.Collect$$$$0000000B)
    .ARM.Collect$$$$0000000D                 0x080000d0   Section        0  entry10a.o(.ARM.Collect$$$$0000000D)
    .ARM.Collect$$$$0000000F                 0x080000d0   Section        0  entry11a.o(.ARM.Collect$$$$0000000F)
    .ARM.Collect$$$$00002712                 0x080000d0   Section        4  entry2.o(.ARM.Collect$$$$00002712)
    __lit__00000000                          0x080000d0   Data           4  entry2.o(.ARM.Collect$$$$00002712)
    .text                                    0x080000d4   Section        0  main1.o(.text)
    .text                                    0x08000204   Section        0  helper.o(.text)
    .text                                    0x08000348   Section        0  stm32f0xx_it.o(.text)
    .text                                    0x08000378   Section        0  stm32f0_discovery.o(.text)
    .text                                    0x08000494   Section        0  stm32f0xx_adc.o(.text)
    .text                                    0x080006b8   Section        0  stm32f0xx_exti.o(.text)
    .text                                    0x0800078c   Section        0  stm32f0xx_gpio.o(.text)
    .text                                    0x080008e8   Section        0  stm32f0xx_misc.o(.text)
    .text                                    0x08000964   Section        0  stm32f0xx_rcc.o(.text)
    .text                                    0x08000d70   Section        0  stm32f0xx_syscfg.o(.text)
    .text                                    0x08000e08   Section        0  stm32f0xx_usart.o(.text)
    .text                                    0x0800126c   Section        0  system_stm32f0xx.o(.text)
    SetSysClock                              0x0800131b   Thumb Code   142  system_stm32f0xx.o(.text)
    .text                                    0x080013c4   Section       28  startup_stm32f0xx.o(.text)
    .text                                    0x080013e0   Section        0  uidiv.o(.text)
    .text                                    0x0800140c   Section        0  idiv.o(.text)
    .text                                    0x08001434   Section       36  init.o(.text)
    i.__scatterload_copy                     0x08001458   Section       14  handlers.o(i.__scatterload_copy)
    i.__scatterload_null                     0x08001466   Section        2  handlers.o(i.__scatterload_null)
    i.__scatterload_zeroinit                 0x08001468   Section       14  handlers.o(i.__scatterload_zeroinit)
    .constdata                               0x08001478   Section       28  stm32f0_discovery.o(.constdata)
    .data                                    0x20000000   Section       12  stm32f0_discovery.o(.data)
    .data                                    0x2000000c   Section       16  stm32f0xx_rcc.o(.data)
    APBAHBPrescTable                         0x2000000c   Data          16  stm32f0xx_rcc.o(.data)
    .data                                    0x2000001c   Section       20  system_stm32f0xx.o(.data)
    STACK                                    0x20000030   Section     1024  startup_stm32f0xx.o(STACK)

    Global Symbols

    Symbol Name                              Value     Ov Type        Size  Object(Section)

    BuildAttributes$$THM_ISAv3M$S$PE$A:L22$X:L11$S22$IEEE1$IW$USESV6$~STKCKD$USESV7$~SHL$OSPACE$EBA8$MICROLIB$REQ8$PRES8$EABIv2 0x00000000   Number         0  anon$$obj.o ABSOLUTE
    __ARM_use_no_argv                        0x00000000   Number         0  main1.o ABSOLUTE
    __cpp_initialize__aeabi_                  - Undefined Weak Reference
    __cxa_finalize                            - Undefined Weak Reference
    __decompress                              - Undefined Weak Reference
    _clock_init                               - Undefined Weak Reference
    _microlib_exit                            - Undefined Weak Reference
    __Vectors_Size                           0x000000c0   Number         0  startup_stm32f0xx.o ABSOLUTE
    __Vectors                                0x08000000   Data           4  startup_stm32f0xx.o(RESET)
    __Vectors_End                            0x080000c0   Data           0  startup_stm32f0xx.o(RESET)
    __main                                   0x080000c1   Thumb Code     0  entry.o(.ARM.Collect$$$$00000000)
    _main_stk                                0x080000c1   Thumb Code     0  entry2.o(.ARM.Collect$$$$00000001)
    _main_scatterload                        0x080000c5   Thumb Code     0  entry5.o(.ARM.Collect$$$$00000004)
    __main_after_scatterload                 0x080000c9   Thumb Code     0  entry5.o(.ARM.Collect$$$$00000004)
    _main_clock                              0x080000c9   Thumb Code     0  entry7b.o(.ARM.Collect$$$$00000008)
    _main_cpp_init                           0x080000c9   Thumb Code     0  entry8b.o(.ARM.Collect$$$$0000000A)
    _main_init                               0x080000c9   Thumb Code     0  entry9a.o(.ARM.Collect$$$$0000000B)
    __rt_final_cpp                           0x080000d1   Thumb Code     0  entry10a.o(.ARM.Collect$$$$0000000D)
    __rt_final_exit                          0x080000d1   Thumb Code     0  entry11a.o(.ARM.Collect$$$$0000000F)
    ADC_Setup                                0x080000d5   Thumb Code    96  main1.o(.text)
    main                                     0x08000135   Thumb Code   134  main1.o(.text)
    USART_Setup                              0x08000205   Thumb Code   102  helper.o(.text)
    USART_Putstr                             0x0800026b   Thumb Code    62  helper.o(.text)
    USART_Clearscreen                        0x080002a9   Thumb Code    30  helper.o(.text)
    USART_itoa                               0x080002c7   Thumb Code   100  helper.o(.text)
    Delay                                    0x0800032b   Thumb Code    14  helper.o(.text)
    NMI_Handler                              0x08000349   Thumb Code     2  stm32f0xx_it.o(.text)
    HardFault_Handler                        0x0800034b   Thumb Code     2  stm32f0xx_it.o(.text)
    SVC_Handler                              0x0800034d   Thumb Code     2  stm32f0xx_it.o(.text)
    PendSV_Handler                           0x0800034f   Thumb Code     2  stm32f0xx_it.o(.text)
    SysTick_Handler                          0x08000351   Thumb Code     2  stm32f0xx_it.o(.text)
    ADC1_COMP_IRQHandler                     0x08000353   Thumb Code    32  stm32f0xx_it.o(.text)
    STM_EVAL_LEDInit                         0x08000379   Thumb Code    52  stm32f0_discovery.o(.text)
    STM_EVAL_LEDOn                           0x080003ad   Thumb Code    18  stm32f0_discovery.o(.text)
    STM_EVAL_LEDOff                          0x080003bf   Thumb Code    18  stm32f0_discovery.o(.text)
    STM_EVAL_LEDToggle                       0x080003d1   Thumb Code    22  stm32f0_discovery.o(.text)
    STM_EVAL_PBInit                          0x080003e7   Thumb Code   140  stm32f0_discovery.o(.text)
    STM_EVAL_PBGetState                      0x08000473   Thumb Code    24  stm32f0_discovery.o(.text)
    ADC_DeInit                               0x08000495   Thumb Code    28  stm32f0xx_adc.o(.text)
    ADC_Init                                 0x080004b1   Thumb Code    38  stm32f0xx_adc.o(.text)
    ADC_StructInit                           0x080004d7   Thumb Code    16  stm32f0xx_adc.o(.text)
    ADC_Cmd                                  0x080004e7   Thumb Code    18  stm32f0xx_adc.o(.text)
    ADC_JitterCmd                            0x080004f9   Thumb Code    16  stm32f0xx_adc.o(.text)
    ADC_AutoPowerOffCmd                      0x08000509   Thumb Code    20  stm32f0xx_adc.o(.text)
    ADC_WaitModeCmd                          0x0800051d   Thumb Code    20  stm32f0xx_adc.o(.text)
    ADC_AnalogWatchdogCmd                    0x08000531   Thumb Code    20  stm32f0xx_adc.o(.text)
    ADC_AnalogWatchdogThresholdsConfig       0x08000545   Thumb Code     8  stm32f0xx_adc.o(.text)
    ADC_AnalogWatchdogSingleChannelConfig    0x0800054d   Thumb Code    14  stm32f0xx_adc.o(.text)
    ADC_AnalogWatchdogSingleChannelCmd       0x0800055b   Thumb Code    20  stm32f0xx_adc.o(.text)
    ADC_TempSensorCmd                        0x0800056f   Thumb Code    22  stm32f0xx_adc.o(.text)
    ADC_VrefintCmd                           0x08000585   Thumb Code    22  stm32f0xx_adc.o(.text)
    ADC_VbatCmd                              0x0800059b   Thumb Code    22  stm32f0xx_adc.o(.text)
    ADC_ChannelConfig                        0x080005b1   Thumb Code    10  stm32f0xx_adc.o(.text)
    ADC_ContinuousModeCmd                    0x080005bb   Thumb Code    20  stm32f0xx_adc.o(.text)
    ADC_DiscModeCmd                          0x080005cf   Thumb Code    20  stm32f0xx_adc.o(.text)
    ADC_OverrunModeCmd                       0x080005e3   Thumb Code    20  stm32f0xx_adc.o(.text)
    ADC_GetCalibrationFactor                 0x080005f7   Thumb Code    46  stm32f0xx_adc.o(.text)
    ADC_StopOfConversion                     0x08000625   Thumb Code    10  stm32f0xx_adc.o(.text)
    ADC_StartOfConversion                    0x0800062f   Thumb Code    10  stm32f0xx_adc.o(.text)
    ADC_GetConversionValue                   0x08000639   Thumb Code     6  stm32f0xx_adc.o(.text)
    ADC_DMACmd                               0x0800063f   Thumb Code    20  stm32f0xx_adc.o(.text)
    ADC_DMARequestModeConfig                 0x08000653   Thumb Code    16  stm32f0xx_adc.o(.text)
    ADC_ITConfig                             0x08000663   Thumb Code    16  stm32f0xx_adc.o(.text)
    ADC_GetFlagStatus                        0x08000673   Thumb Code    28  stm32f0xx_adc.o(.text)
    ADC_ClearFlag                            0x0800068f   Thumb Code     4  stm32f0xx_adc.o(.text)
    ADC_GetITStatus                          0x08000693   Thumb Code    22  stm32f0xx_adc.o(.text)
    ADC_ClearITPendingBit                    0x080006a9   Thumb Code     4  stm32f0xx_adc.o(.text)
    EXTI_DeInit                              0x080006b9   Thumb Code    20  stm32f0xx_exti.o(.text)
    EXTI_Init                                0x080006cd   Thumb Code   102  stm32f0xx_exti.o(.text)
    EXTI_StructInit                          0x08000733   Thumb Code    14  stm32f0xx_exti.o(.text)
    EXTI_GenerateSWInterrupt                 0x08000741   Thumb Code    10  stm32f0xx_exti.o(.text)
    EXTI_GetFlagStatus                       0x0800074b   Thumb Code    16  stm32f0xx_exti.o(.text)
    EXTI_ClearFlag                           0x0800075b   Thumb Code     6  stm32f0xx_exti.o(.text)
    EXTI_GetITStatus                         0x08000761   Thumb Code    24  stm32f0xx_exti.o(.text)
    EXTI_ClearITPendingBit                   0x08000779   Thumb Code     6  stm32f0xx_exti.o(.text)
    GPIO_DeInit                              0x0800078d   Thumb Code    78  stm32f0xx_gpio.o(.text)
    GPIO_Init                                0x080007db   Thumb Code   112  stm32f0xx_gpio.o(.text)
    GPIO_StructInit                          0x0800084b   Thumb Code    18  stm32f0xx_gpio.o(.text)
    GPIO_PinLockConfig                       0x0800085d   Thumb Code    26  stm32f0xx_gpio.o(.text)
    GPIO_ReadInputDataBit                    0x08000877   Thumb Code    14  stm32f0xx_gpio.o(.text)
    GPIO_ReadInputData                       0x08000885   Thumb Code     4  stm32f0xx_gpio.o(.text)
    GPIO_ReadOutputDataBit                   0x08000889   Thumb Code    14  stm32f0xx_gpio.o(.text)
    GPIO_ReadOutputData                      0x08000897   Thumb Code     4  stm32f0xx_gpio.o(.text)
    GPIO_SetBits                             0x0800089b   Thumb Code     4  stm32f0xx_gpio.o(.text)
    GPIO_ResetBits                           0x0800089f   Thumb Code     4  stm32f0xx_gpio.o(.text)
    GPIO_WriteBit                            0x080008a3   Thumb Code    12  stm32f0xx_gpio.o(.text)
    GPIO_Write                               0x080008af   Thumb Code     4  stm32f0xx_gpio.o(.text)
    GPIO_PinAFConfig                         0x080008b3   Thumb Code    32  stm32f0xx_gpio.o(.text)
    NVIC_Init                                0x080008e9   Thumb Code    70  stm32f0xx_misc.o(.text)
    NVIC_SystemLPConfig                      0x0800092f   Thumb Code    18  stm32f0xx_misc.o(.text)
    SysTick_CLKSourceConfig                  0x08000941   Thumb Code    20  stm32f0xx_misc.o(.text)
    RCC_DeInit                               0x08000965   Thumb Code    78  stm32f0xx_rcc.o(.text)
    RCC_HSEConfig                            0x080009b3   Thumb Code    10  stm32f0xx_rcc.o(.text)
    RCC_GetFlagStatus                        0x080009bd   Thumb Code    48  stm32f0xx_rcc.o(.text)
    RCC_WaitForHSEStartUp                    0x080009ed   Thumb Code    44  stm32f0xx_rcc.o(.text)
    RCC_AdjustHSICalibrationValue            0x08000a19   Thumb Code    16  stm32f0xx_rcc.o(.text)
    RCC_HSICmd                               0x08000a29   Thumb Code    22  stm32f0xx_rcc.o(.text)
    RCC_AdjustHSI14CalibrationValue          0x08000a3f   Thumb Code    16  stm32f0xx_rcc.o(.text)
    RCC_HSI14Cmd                             0x08000a4f   Thumb Code    22  stm32f0xx_rcc.o(.text)
    RCC_HSI14ADCRequestCmd                   0x08000a65   Thumb Code    20  stm32f0xx_rcc.o(.text)
    RCC_LSEConfig                            0x08000a79   Thumb Code    26  stm32f0xx_rcc.o(.text)
    RCC_LSEDriveConfig                       0x08000a93   Thumb Code    18  stm32f0xx_rcc.o(.text)
    RCC_LSICmd                               0x08000aa5   Thumb Code    22  stm32f0xx_rcc.o(.text)
    RCC_PLLConfig                            0x08000abb   Thumb Code    24  stm32f0xx_rcc.o(.text)
    RCC_PLLCmd                               0x08000ad3   Thumb Code    22  stm32f0xx_rcc.o(.text)
    RCC_PREDIV1Config                        0x08000ae9   Thumb Code    14  stm32f0xx_rcc.o(.text)
    RCC_ClockSecuritySystemCmd               0x08000af7   Thumb Code    22  stm32f0xx_rcc.o(.text)
    RCC_MCOConfig                            0x08000b0d   Thumb Code     6  stm32f0xx_rcc.o(.text)
    RCC_SYSCLKConfig                         0x08000b13   Thumb Code    14  stm32f0xx_rcc.o(.text)
    RCC_GetSYSCLKSource                      0x08000b21   Thumb Code    10  stm32f0xx_rcc.o(.text)
    RCC_HCLKConfig                           0x08000b2b   Thumb Code    14  stm32f0xx_rcc.o(.text)
    RCC_PCLKConfig                           0x08000b39   Thumb Code    16  stm32f0xx_rcc.o(.text)
    RCC_ADCCLKConfig                         0x08000b49   Thumb Code    38  stm32f0xx_rcc.o(.text)
    RCC_CECCLKConfig                         0x08000b6f   Thumb Code    18  stm32f0xx_rcc.o(.text)
    RCC_I2CCLKConfig                         0x08000b81   Thumb Code    18  stm32f0xx_rcc.o(.text)
    RCC_USARTCLKConfig                       0x08000b93   Thumb Code    18  stm32f0xx_rcc.o(.text)
    RCC_GetClocksFreq                        0x08000ba5   Thumb Code   208  stm32f0xx_rcc.o(.text)
    RCC_RTCCLKConfig                         0x08000c75   Thumb Code    10  stm32f0xx_rcc.o(.text)
    RCC_RTCCLKCmd                            0x08000c7f   Thumb Code    20  stm32f0xx_rcc.o(.text)
    RCC_BackupResetCmd                       0x08000c93   Thumb Code    22  stm32f0xx_rcc.o(.text)
    RCC_AHBPeriphClockCmd                    0x08000ca9   Thumb Code    18  stm32f0xx_rcc.o(.text)
    RCC_APB2PeriphClockCmd                   0x08000cbb   Thumb Code    18  stm32f0xx_rcc.o(.text)
    RCC_APB1PeriphClockCmd                   0x08000ccd   Thumb Code    18  stm32f0xx_rcc.o(.text)
    RCC_AHBPeriphResetCmd                    0x08000cdf   Thumb Code    18  stm32f0xx_rcc.o(.text)
    RCC_APB2PeriphResetCmd                   0x08000cf1   Thumb Code    18  stm32f0xx_rcc.o(.text)
    RCC_APB1PeriphResetCmd                   0x08000d03   Thumb Code    18  stm32f0xx_rcc.o(.text)
    RCC_ITConfig                             0x08000d15   Thumb Code    18  stm32f0xx_rcc.o(.text)
    RCC_ClearFlag                            0x08000d27   Thumb Code    14  stm32f0xx_rcc.o(.text)
    RCC_GetITStatus                          0x08000d35   Thumb Code    48  stm32f0xx_rcc.o(.text)
    RCC_ClearITPendingBit                    0x08000d65   Thumb Code     6  stm32f0xx_rcc.o(.text)
    SYSCFG_DeInit                            0x08000d71   Thumb Code    30  stm32f0xx_syscfg.o(.text)
    SYSCFG_MemoryRemapConfig                 0x08000d8f   Thumb Code    14  stm32f0xx_syscfg.o(.text)
    SYSCFG_DMAChannelRemapConfig             0x08000d9d   Thumb Code    18  stm32f0xx_syscfg.o(.text)
    SYSCFG_I2CFastModePlusConfig             0x08000daf   Thumb Code    18  stm32f0xx_syscfg.o(.text)
    SYSCFG_EXTILineConfig                    0x08000dc1   Thumb Code    34  stm32f0xx_syscfg.o(.text)
    SYSCFG_BreakConfig                       0x08000de3   Thumb Code    10  stm32f0xx_syscfg.o(.text)
    SYSCFG_GetFlagStatus                     0x08000ded   Thumb Code    14  stm32f0xx_syscfg.o(.text)
    SYSCFG_ClearFlag                         0x08000dfb   Thumb Code    10  stm32f0xx_syscfg.o(.text)
    USART_DeInit                             0x08000e09   Thumb Code    54  stm32f0xx_usart.o(.text)
    USART_Init                               0x08000e3f   Thumb Code   166  stm32f0xx_usart.o(.text)
    USART_StructInit                         0x08000ee5   Thumb Code    22  stm32f0xx_usart.o(.text)
    USART_ClockInit                          0x08000efb   Thumb Code    28  stm32f0xx_usart.o(.text)
    USART_ClockStructInit                    0x08000f17   Thumb Code    12  stm32f0xx_usart.o(.text)
    USART_Cmd                                0x08000f23   Thumb Code    20  stm32f0xx_usart.o(.text)
    USART_DirectionModeCmd                   0x08000f37   Thumb Code    16  stm32f0xx_usart.o(.text)
    USART_OverSampling8Cmd                   0x08000f47   Thumb Code    20  stm32f0xx_usart.o(.text)
    USART_OneBitMethodCmd                    0x08000f5b   Thumb Code    20  stm32f0xx_usart.o(.text)
    USART_MSBFirstCmd                        0x08000f6f   Thumb Code    20  stm32f0xx_usart.o(.text)
    USART_DataInvCmd                         0x08000f83   Thumb Code    20  stm32f0xx_usart.o(.text)
    USART_InvPinCmd                          0x08000f97   Thumb Code    16  stm32f0xx_usart.o(.text)
    USART_SWAPPinCmd                         0x08000fa7   Thumb Code    20  stm32f0xx_usart.o(.text)
    USART_ReceiverTimeOutCmd                 0x08000fbb   Thumb Code    20  stm32f0xx_usart.o(.text)
    USART_SetReceiverTimeOut                 0x08000fcf   Thumb Code    16  stm32f0xx_usart.o(.text)
    USART_SetPrescaler                       0x08000fdf   Thumb Code    16  stm32f0xx_usart.o(.text)
    USART_STOPModeCmd                        0x08000fef   Thumb Code    18  stm32f0xx_usart.o(.text)
    USART_StopModeWakeUpSourceConfig         0x08001001   Thumb Code    18  stm32f0xx_usart.o(.text)
    USART_AutoBaudRateCmd                    0x08001013   Thumb Code    20  stm32f0xx_usart.o(.text)
    USART_AutoBaudRateConfig                 0x08001027   Thumb Code    18  stm32f0xx_usart.o(.text)
    USART_AutoBaudRateNewRequest             0x08001039   Thumb Code    12  stm32f0xx_usart.o(.text)
    USART_SendData                           0x08001045   Thumb Code     8  stm32f0xx_usart.o(.text)
    USART_ReceiveData                        0x0800104d   Thumb Code     8  stm32f0xx_usart.o(.text)
    USART_SetAddress                         0x08001055   Thumb Code    18  stm32f0xx_usart.o(.text)
    USART_MuteModeCmd                        0x08001067   Thumb Code    20  stm32f0xx_usart.o(.text)
    USART_MuteModeWakeUpConfig               0x0800107b   Thumb Code    18  stm32f0xx_usart.o(.text)
    USART_AddressDetectionConfig             0x0800108d   Thumb Code    16  stm32f0xx_usart.o(.text)
    USART_LINBreakDetectLengthConfig         0x0800109d   Thumb Code    16  stm32f0xx_usart.o(.text)
    USART_LINCmd                             0x080010ad   Thumb Code    20  stm32f0xx_usart.o(.text)
    USART_HalfDuplexCmd                      0x080010c1   Thumb Code    18  stm32f0xx_usart.o(.text)
    USART_SetGuardTime                       0x080010d3   Thumb Code    16  stm32f0xx_usart.o(.text)
    USART_SmartCardCmd                       0x080010e3   Thumb Code    18  stm32f0xx_usart.o(.text)
    USART_SmartCardNACKCmd                   0x080010f5   Thumb Code    18  stm32f0xx_usart.o(.text)
    USART_SetAutoRetryCount                  0x08001107   Thumb Code    20  stm32f0xx_usart.o(.text)
    USART_SetBlockLength                     0x0800111b   Thumb Code    18  stm32f0xx_usart.o(.text)
    USART_IrDAConfig                         0x0800112d   Thumb Code    16  stm32f0xx_usart.o(.text)
    USART_IrDACmd                            0x0800113d   Thumb Code    18  stm32f0xx_usart.o(.text)
    USART_DECmd                              0x0800114f   Thumb Code    20  stm32f0xx_usart.o(.text)
    USART_DEPolarityConfig                   0x08001163   Thumb Code    18  stm32f0xx_usart.o(.text)
    USART_SetDEAssertionTime                 0x08001175   Thumb Code    20  stm32f0xx_usart.o(.text)
    USART_SetDEDeassertionTime               0x08001189   Thumb Code    20  stm32f0xx_usart.o(.text)
    USART_DMACmd                             0x0800119d   Thumb Code    16  stm32f0xx_usart.o(.text)
    USART_DMAReceptionErrorConfig            0x080011ad   Thumb Code    18  stm32f0xx_usart.o(.text)
    USART_ITConfig                           0x080011bf   Thumb Code    54  stm32f0xx_usart.o(.text)
    USART_RequestCmd                         0x080011f5   Thumb Code    16  stm32f0xx_usart.o(.text)
    USART_OverrunDetectionConfig             0x08001205   Thumb Code    18  stm32f0xx_usart.o(.text)
    USART_GetFlagStatus                      0x08001217   Thumb Code    14  stm32f0xx_usart.o(.text)
    USART_ClearFlag                          0x08001225   Thumb Code     4  stm32f0xx_usart.o(.text)
    USART_GetITStatus                        0x08001229   Thumb Code    56  stm32f0xx_usart.o(.text)
    USART_ClearITPendingBit                  0x08001261   Thumb Code    10  stm32f0xx_usart.o(.text)
    SystemInit                               0x0800126d   Thumb Code    84  system_stm32f0xx.o(.text)
    SystemCoreClockUpdate                    0x080012c1   Thumb Code    90  system_stm32f0xx.o(.text)
    Reset_Handler                            0x080013c5   Thumb Code     8  startup_stm32f0xx.o(.text)
    CEC_IRQHandler                           0x080013d7   Thumb Code     0  startup_stm32f0xx.o(.text)
    DMA1_Channel1_IRQHandler                 0x080013d7   Thumb Code     0  startup_stm32f0xx.o(.text)
    DMA1_Channel2_3_IRQHandler               0x080013d7   Thumb Code     0  startup_stm32f0xx.o(.text)
    DMA1_Channel4_5_IRQHandler               0x080013d7   Thumb Code     0  startup_stm32f0xx.o(.text)
    EXTI0_1_IRQHandler                       0x080013d7   Thumb Code     0  startup_stm32f0xx.o(.text)
    EXTI2_3_IRQHandler                       0x080013d7   Thumb Code     0  startup_stm32f0xx.o(.text)
    EXTI4_15_IRQHandler                      0x080013d7   Thumb Code     0  startup_stm32f0xx.o(.text)
    FLASH_IRQHandler                         0x080013d7   Thumb Code     0  startup_stm32f0xx.o(.text)
    I2C1_IRQHandler                          0x080013d7   Thumb Code     0  startup_stm32f0xx.o(.text)
    I2C2_IRQHandler                          0x080013d7   Thumb Code     0  startup_stm32f0xx.o(.text)
    PVD_IRQHandler                           0x080013d7   Thumb Code     0  startup_stm32f0xx.o(.text)
    RCC_IRQHandler                           0x080013d7   Thumb Code     0  startup_stm32f0xx.o(.text)
    RTC_IRQHandler                           0x080013d7   Thumb Code     0  startup_stm32f0xx.o(.text)
    SPI1_IRQHandler                          0x080013d7   Thumb Code     0  startup_stm32f0xx.o(.text)
    SPI2_IRQHandler                          0x080013d7   Thumb Code     0  startup_stm32f0xx.o(.text)
    TIM14_IRQHandler                         0x080013d7   Thumb Code     0  startup_stm32f0xx.o(.text)
    TIM15_IRQHandler                         0x080013d7   Thumb Code     0  startup_stm32f0xx.o(.text)
    TIM16_IRQHandler                         0x080013d7   Thumb Code     0  startup_stm32f0xx.o(.text)
    TIM17_IRQHandler                         0x080013d7   Thumb Code     0  startup_stm32f0xx.o(.text)
    TIM1_BRK_UP_TRG_COM_IRQHandler           0x080013d7   Thumb Code     0  startup_stm32f0xx.o(.text)
    TIM1_CC_IRQHandler                       0x080013d7   Thumb Code     0  startup_stm32f0xx.o(.text)
    TIM2_IRQHandler                          0x080013d7   Thumb Code     0  startup_stm32f0xx.o(.text)
    TIM3_IRQHandler                          0x080013d7   Thumb Code     0  startup_stm32f0xx.o(.text)
    TIM6_DAC_IRQHandler                      0x080013d7   Thumb Code     0  startup_stm32f0xx.o(.text)
    TS_IRQHandler                            0x080013d7   Thumb Code     0  startup_stm32f0xx.o(.text)
    USART1_IRQHandler                        0x080013d7   Thumb Code     0  startup_stm32f0xx.o(.text)
    USART2_IRQHandler                        0x080013d7   Thumb Code     0  startup_stm32f0xx.o(.text)
    WWDG_IRQHandler                          0x080013d7   Thumb Code     0  startup_stm32f0xx.o(.text)
    __aeabi_uidiv                            0x080013e1   Thumb Code     0  uidiv.o(.text)
    __aeabi_uidivmod                         0x080013e1   Thumb Code    44  uidiv.o(.text)
    __aeabi_idiv                             0x0800140d   Thumb Code     0  idiv.o(.text)
    __aeabi_idivmod                          0x0800140d   Thumb Code    40  idiv.o(.text)
    __scatterload                            0x08001435   Thumb Code    28  init.o(.text)
    __scatterload_rt2                        0x08001435   Thumb Code     0  init.o(.text)
    __scatterload_copy                       0x08001459   Thumb Code    14  handlers.o(i.__scatterload_copy)
    __scatterload_null                       0x08001467   Thumb Code     2  handlers.o(i.__scatterload_null)
    __scatterload_zeroinit                   0x08001469   Thumb Code    14  handlers.o(i.__scatterload_zeroinit)
    BUTTON_PIN                               0x08001478   Data           2  stm32f0_discovery.o(.constdata)
    BUTTON_EXTI_LINE                         0x0800147a   Data           2  stm32f0_discovery.o(.constdata)
    BUTTON_PORT_SOURCE                       0x0800147c   Data           2  stm32f0_discovery.o(.constdata)
    BUTTON_PIN_SOURCE                        0x0800147e   Data           2  stm32f0_discovery.o(.constdata)
    BUTTON_IRQn                              0x08001480   Data           2  stm32f0_discovery.o(.constdata)
    GPIO_PIN                                 0x08001482   Data           4  stm32f0_discovery.o(.constdata)
    BUTTON_CLK                               0x08001488   Data           4  stm32f0_discovery.o(.constdata)
    GPIO_CLK                                 0x0800148c   Data           8  stm32f0_discovery.o(.constdata)
    Region$$Table$$Base                      0x08001494   Number         0  anon$$obj.o(Region$$Table)
    Region$$Table$$Limit                     0x080014b4   Number         0  anon$$obj.o(Region$$Table)
    BUTTON_PORT                              0x20000000   Data           4  stm32f0_discovery.o(.data)
    GPIO_PORT                                0x20000004   Data           8  stm32f0_discovery.o(.data)
    SystemCoreClock                          0x2000001c   Data           4  system_stm32f0xx.o(.data)
    AHBPrescTable                            0x20000020   Data          16  system_stm32f0xx.o(.data)
    __initial_sp                             0x20000430   Data           0  startup_stm32f0xx.o(STACK)



==============================================================================

Memory Map of the image

  Image Entry point : 0x080000c1

  Load Region LR_IROM1 (Base: 0x08000000, Size: 0x000014e4, Max: 0x00010000, ABSOLUTE)

    Execution Region ER_IROM1 (Exec base: 0x08000000, Load base: 0x08000000, Size: 0x000014b4, Max: 0x00010000, ABSOLUTE)

    Exec Addr    Load Addr    Size         Type   Attr      Idx    E Section Name        Object

    0x08000000   0x08000000   0x000000c0   Data   RO          340    RESET               startup_stm32f0xx.o
    0x080000c0   0x080000c0   0x00000000   Code   RO          345  * .ARM.Collect$$$$00000000  mc_p.l(entry.o)
    0x080000c0   0x080000c0   0x00000004   Code   RO          352    .ARM.Collect$$$$00000001  mc_p.l(entry2.o)
    0x080000c4   0x080000c4   0x00000004   Code   RO          355    .ARM.Collect$$$$00000004  mc_p.l(entry5.o)
    0x080000c8   0x080000c8   0x00000000   Code   RO          357    .ARM.Collect$$$$00000008  mc_p.l(entry7b.o)
    0x080000c8   0x080000c8   0x00000000   Code   RO          359    .ARM.Collect$$$$0000000A  mc_p.l(entry8b.o)
    0x080000c8   0x080000c8   0x00000008   Code   RO          360    .ARM.Collect$$$$0000000B  mc_p.l(entry9a.o)
    0x080000d0   0x080000d0   0x00000000   Code   RO          362    .ARM.Collect$$$$0000000D  mc_p.l(entry10a.o)
    0x080000d0   0x080000d0   0x00000000   Code   RO          364    .ARM.Collect$$$$0000000F  mc_p.l(entry11a.o)
    0x080000d0   0x080000d0   0x00000004   Code   RO          353    .ARM.Collect$$$$00002712  mc_p.l(entry2.o)
    0x080000d4   0x080000d4   0x00000130   Code   RO            2    .text               main1.o
    0x08000204   0x08000204   0x00000144   Code   RO          112    .text               helper.o
    0x08000348   0x08000348   0x00000030   Code   RO          128    .text               stm32f0xx_it.o
    0x08000378   0x08000378   0x0000011c   Code   RO          150    .text               stm32f0_discovery.o
    0x08000494   0x08000494   0x00000224   Code   RO          170    .text               stm32f0xx_adc.o
    0x080006b8   0x080006b8   0x000000d4   Code   RO          202    .text               stm32f0xx_exti.o
    0x0800078c   0x0800078c   0x0000015c   Code   RO          218    .text               stm32f0xx_gpio.o
    0x080008e8   0x080008e8   0x0000007c   Code   RO          234    .text               stm32f0xx_misc.o
    0x08000964   0x08000964   0x0000040c   Code   RO          250    .text               stm32f0xx_rcc.o
    0x08000d70   0x08000d70   0x00000098   Code   RO          268    .text               stm32f0xx_syscfg.o
    0x08000e08   0x08000e08   0x00000462   Code   RO          301    .text               stm32f0xx_usart.o
    0x0800126a   0x0800126a   0x00000002   PAD
    0x0800126c   0x0800126c   0x00000158   Code   RO          317    .text               system_stm32f0xx.o
    0x080013c4   0x080013c4   0x0000001c   Code   RO          341    .text               startup_stm32f0xx.o
    0x080013e0   0x080013e0   0x0000002c   Code   RO          348    .text               mc_p.l(uidiv.o)
    0x0800140c   0x0800140c   0x00000028   Code   RO          350    .text               mc_p.l(idiv.o)
    0x08001434   0x08001434   0x00000024   Code   RO          366    .text               mc_p.l(init.o)
    0x08001458   0x08001458   0x0000000e   Code   RO          370    i.__scatterload_copy  mc_p.l(handlers.o)
    0x08001466   0x08001466   0x00000002   Code   RO          371    i.__scatterload_null  mc_p.l(handlers.o)
    0x08001468   0x08001468   0x0000000e   Code   RO          372    i.__scatterload_zeroinit  mc_p.l(handlers.o)
    0x08001476   0x08001476   0x00000002   PAD
    0x08001478   0x08001478   0x0000001c   Data   RO          151    .constdata          stm32f0_discovery.o
    0x08001494   0x08001494   0x00000020   Data   RO          368    Region$$Table       anon$$obj.o


    Execution Region RW_IRAM1 (Exec base: 0x20000000, Load base: 0x080014b4, Size: 0x00000430, Max: 0x00002000, ABSOLUTE)

    Exec Addr    Load Addr    Size         Type   Attr      Idx    E Section Name        Object

    0x20000000   0x080014b4   0x0000000c   Data   RW          152    .data               stm32f0_discovery.o
    0x2000000c   0x080014c0   0x00000010   Data   RW          251    .data               stm32f0xx_rcc.o
    0x2000001c   0x080014d0   0x00000014   Data   RW          318    .data               system_stm32f0xx.o
    0x20000030        -       0x00000400   Zero   RW          338    STACK               startup_stm32f0xx.o


==============================================================================

Image component sizes


      Code (inc. data)   RO Data    RW Data    ZI Data      Debug   Object Name

       324         16          0          0          0       1638   helper.o
       304         74          0          0          0     125497   main1.o
        28          8        192          0       1024        612   startup_stm32f0xx.o
       284         10         28         12          0       2891   stm32f0_discovery.o
       548         12          0          0          0       7259   stm32f0xx_adc.o
       212         14          0          0          0       2455   stm32f0xx_exti.o
       348         22          0          0          0       3961   stm32f0xx_gpio.o
        48          6          0          0          0        968   stm32f0xx_it.o
       124         16          0          0          0       1496   stm32f0xx_misc.o
      1036         38          0         16          0       8906   stm32f0xx_rcc.o
       152          4          0          0          0       2070   stm32f0xx_syscfg.o
      1122         12          0          0          0      12667   stm32f0xx_usart.o
       344         28          0         20          0       1739   system_stm32f0xx.o

    ----------------------------------------------------------------------
      4876        260        252         48       1024     172159   Object Totals
         0          0         32          0          0          0   (incl. Generated)
         2          0          0          0          0          0   (incl. Padding)

    ----------------------------------------------------------------------

      Code (inc. data)   RO Data    RW Data    ZI Data      Debug   Library Member Name

         0          0          0          0          0          0   entry.o
         0          0          0          0          0          0   entry10a.o
         0          0          0          0          0          0   entry11a.o
         8          4          0          0          0          0   entry2.o
         4          0          0          0          0          0   entry5.o
         0          0          0          0          0          0   entry7b.o
         0          0          0          0          0          0   entry8b.o
         8          4          0          0          0          0   entry9a.o
        30          0          0          0          0          0   handlers.o
        40          0          0          0          0         72   idiv.o
        36          8          0          0          0         68   init.o
        44          0          0          0          0         72   uidiv.o

    ----------------------------------------------------------------------
       172         16          0          0          0        212   Library Totals
         2          0          0          0          0          0   (incl. Padding)

    ----------------------------------------------------------------------

      Code (inc. data)   RO Data    RW Data    ZI Data      Debug   Library Name

       170         16          0          0          0        212   mc_p.l

    ----------------------------------------------------------------------
       172         16          0          0          0        212   Library Totals

    ----------------------------------------------------------------------

==============================================================================


      Code (inc. data)   RO Data    RW Data    ZI Data      Debug   

      5048        276        252         48       1024     171159   Grand Totals
      5048        276        252         48       1024     171159   ELF Image Totals
      5048        276        252         48          0          0   ROM Totals

==============================================================================

    Total RO  Size (Code + RO Data)                 5300 (   5.18kB)
    Total RW  Size (RW Data + ZI Data)              1072 (   1.05kB)
    Total ROM Size (Code + RO Data + RW Data)       5348 (   5.22kB)

==============================================================================

