Component: ARM Compiler 5.06 update 6 (build 750) Tool: armlink [4d35ed]

==============================================================================

Section Cross References

    main5.o(.text) refers to stm32f0xx_rcc.o(.text) for RCC_AHBPeriphClockCmd
    main5.o(.text) refers to stm32f0xx_gpio.o(.text) for GPIO_Init
    main5.o(.text) refers to uidiv.o(.text) for __aeabi_uidivmod
    main5.o(.text) refers to stm32f0xx_tim.o(.text) for TIM_TimeBaseInit
    main5.o(.text) refers to stm32f0_discovery.o(.text) for STM_EVAL_PBInit
    main5.o(.text) refers to system_stm32f0xx.o(.data) for SystemCoreClock
    stm32f0xx_it.o(.text) refers to stm32f0xx_tim.o(.text) for TIM_GetITStatus
    stm32f0xx_it.o(.text) refers to stm32f0_discovery.o(.text) for STM_EVAL_LEDToggle
    stm32f0xx_it.o(.text) refers to stm32f0xx_it.o(.data) for .data
    stm32f0_discovery.o(.text) refers to stm32f0xx_rcc.o(.text) for RCC_AHBPeriphClockCmd
    stm32f0_discovery.o(.text) refers to stm32f0xx_gpio.o(.text) for GPIO_Init
    stm32f0_discovery.o(.text) refers to stm32f0xx_syscfg.o(.text) for SYSCFG_EXTILineConfig
    stm32f0_discovery.o(.text) refers to stm32f0xx_exti.o(.text) for EXTI_Init
    stm32f0_discovery.o(.text) refers to stm32f0xx_misc.o(.text) for NVIC_Init
    stm32f0_discovery.o(.text) refers to stm32f0_discovery.o(.constdata) for .constdata
    stm32f0_discovery.o(.text) refers to stm32f0_discovery.o(.data) for .data
    stm32f0xx_gpio.o(.text) refers to stm32f0xx_rcc.o(.text) for RCC_AHBPeriphResetCmd
    stm32f0xx_rcc.o(.text) refers to uidiv.o(.text) for __aeabi_uidivmod
    stm32f0xx_rcc.o(.text) refers to stm32f0xx_rcc.o(.data) for .data
    stm32f0xx_tim.o(.text) refers to stm32f0xx_rcc.o(.text) for RCC_APB1PeriphResetCmd
    stm32f0xx_usart.o(.text) refers to stm32f0xx_rcc.o(.text) for RCC_APB2PeriphResetCmd
    stm32f0xx_usart.o(.text) refers to uidiv.o(.text) for __aeabi_uidivmod
    stm32f0xx_spi.o(.text) refers to stm32f0xx_rcc.o(.text) for RCC_APB2PeriphResetCmd
    stm32f0xx_spi.o(.text) refers to uidiv.o(.text) for __aeabi_uidivmod
    startup_stm32f0xx.o(RESET) refers to startup_stm32f0xx.o(STACK) for __initial_sp
    startup_stm32f0xx.o(RESET) refers to startup_stm32f0xx.o(.text) for Reset_Handler
    startup_stm32f0xx.o(RESET) refers to stm32f0xx_it.o(.text) for NMI_Handler
    startup_stm32f0xx.o(.text) refers to system_stm32f0xx.o(.text) for SystemInit
    startup_stm32f0xx.o(.text) refers to entry.o(.ARM.Collect$$$$00000000) for __main
    system_stm32f0xx.o(.text) refers to uidiv.o(.text) for __aeabi_uidivmod
    system_stm32f0xx.o(.text) refers to system_stm32f0xx.o(.data) for .data
    entry.o(.ARM.Collect$$$$00000000) refers (Special) to entry10a.o(.ARM.Collect$$$$0000000D) for __rt_final_cpp
    entry.o(.ARM.Collect$$$$00000000) refers (Special) to entry11a.o(.ARM.Collect$$$$0000000F) for __rt_final_exit
    entry.o(.ARM.Collect$$$$00000000) refers (Special) to entry7b.o(.ARM.Collect$$$$00000008) for _main_clock
    entry.o(.ARM.Collect$$$$00000000) refers (Special) to entry8b.o(.ARM.Collect$$$$0000000A) for _main_cpp_init
    entry.o(.ARM.Collect$$$$00000000) refers (Special) to entry9a.o(.ARM.Collect$$$$0000000B) for _main_init
    entry.o(.ARM.Collect$$$$00000000) refers (Special) to entry5.o(.ARM.Collect$$$$00000004) for _main_scatterload
    entry.o(.ARM.Collect$$$$00000000) refers (Special) to entry2.o(.ARM.Collect$$$$00000001) for _main_stk
    entry2.o(.ARM.Collect$$$$00000001) refers to entry2.o(.ARM.Collect$$$$00002712) for __lit__00000000
    entry2.o(.ARM.Collect$$$$00002712) refers to startup_stm32f0xx.o(STACK) for __initial_sp
    entry2.o(__vectab_stack_and_reset_area) refers to startup_stm32f0xx.o(STACK) for __initial_sp
    entry2.o(__vectab_stack_and_reset_area) refers to entry.o(.ARM.Collect$$$$00000000) for __main
    entry5.o(.ARM.Collect$$$$00000004) refers to init.o(.text) for __scatterload
    entry9a.o(.ARM.Collect$$$$0000000B) refers to main5.o(.text) for main
    entry9b.o(.ARM.Collect$$$$0000000C) refers to main5.o(.text) for main
    init.o(.text) refers to entry5.o(.ARM.Collect$$$$00000004) for __main_after_scatterload


==============================================================================

Removing Unused input sections from the image.

    Removing main5.o(.emb_text), (8 bytes).
    Removing stm32f0xx_it.o(.emb_text), (8 bytes).
    Removing stm32f0_discovery.o(.emb_text), (8 bytes).
    Removing stm32f0xx_exti.o(.emb_text), (8 bytes).
    Removing stm32f0xx_gpio.o(.emb_text), (8 bytes).
    Removing stm32f0xx_misc.o(.emb_text), (8 bytes).
    Removing stm32f0xx_rcc.o(.emb_text), (8 bytes).
    Removing stm32f0xx_syscfg.o(.emb_text), (8 bytes).
    Removing stm32f0xx_tim.o(.emb_text), (8 bytes).
    Removing stm32f0xx_usart.o(.emb_text), (8 bytes).
    Removing stm32f0xx_usart.o(.text), (1122 bytes).
    Removing stm32f0xx_spi.o(.emb_text), (8 bytes).
    Removing stm32f0xx_spi.o(.text), (756 bytes).
    Removing startup_stm32f0xx.o(HEAP), (512 bytes).
    Removing system_stm32f0xx.o(.emb_text), (8 bytes).

15 unused section(s) (total 2486 bytes) removed from the image.

==============================================================================

Image Symbol Table

    Local Symbols

    Symbol Name                              Value     Ov Type        Size  Object(Section)

    ../clib/microlib/division.c              0x00000000   Number         0  uidiv.o ABSOLUTE
    ../clib/microlib/init/entry.s            0x00000000   Number         0  entry10b.o ABSOLUTE
    ../clib/microlib/init/entry.s            0x00000000   Number         0  entry10a.o ABSOLUTE
    ../clib/microlib/init/entry.s            0x00000000   Number         0  entry2.o ABSOLUTE
    ../clib/microlib/init/entry.s            0x00000000   Number         0  entry5.o ABSOLUTE
    ../clib/microlib/init/entry.s            0x00000000   Number         0  entry.o ABSOLUTE
    ../clib/microlib/init/entry.s            0x00000000   Number         0  entry7a.o ABSOLUTE
    ../clib/microlib/init/entry.s            0x00000000   Number         0  entry7b.o ABSOLUTE
    ../clib/microlib/init/entry.s            0x00000000   Number         0  entry8a.o ABSOLUTE
    ../clib/microlib/init/entry.s            0x00000000   Number         0  entry8b.o ABSOLUTE
    ../clib/microlib/init/entry.s            0x00000000   Number         0  entry9a.o ABSOLUTE
    ../clib/microlib/init/entry.s            0x00000000   Number         0  entry11b.o ABSOLUTE
    ../clib/microlib/init/entry.s            0x00000000   Number         0  entry11a.o ABSOLUTE
    ../clib/microlib/init/entry.s            0x00000000   Number         0  entry9b.o ABSOLUTE
    ..\..\libraries\STM32F0xx_StdPeriph_Driver\src\stm32f0xx_exti.c 0x00000000   Number         0  stm32f0xx_exti.o ABSOLUTE
    ..\..\libraries\STM32F0xx_StdPeriph_Driver\src\stm32f0xx_gpio.c 0x00000000   Number         0  stm32f0xx_gpio.o ABSOLUTE
    ..\..\libraries\STM32F0xx_StdPeriph_Driver\src\stm32f0xx_misc.c 0x00000000   Number         0  stm32f0xx_misc.o ABSOLUTE
    ..\..\libraries\STM32F0xx_StdPeriph_Driver\src\stm32f0xx_rcc.c 0x00000000   Number         0  stm32f0xx_rcc.o ABSOLUTE
    ..\..\libraries\STM32F0xx_StdPeriph_Driver\src\stm32f0xx_spi.c 0x00000000   Number         0  stm32f0xx_spi.o ABSOLUTE
    ..\..\libraries\STM32F0xx_StdPeriph_Driver\src\stm32f0xx_syscfg.c 0x00000000   Number         0  stm32f0xx_syscfg.o ABSOLUTE
    ..\..\libraries\STM32F0xx_StdPeriph_Driver\src\stm32f0xx_tim.c 0x00000000   Number         0  stm32f0xx_tim.o ABSOLUTE
    ..\..\libraries\STM32F0xx_StdPeriph_Driver\src\stm32f0xx_usart.c 0x00000000   Number         0  stm32f0xx_usart.o ABSOLUTE
    ..\..\utilities\STM32F0-Discovery\stm32f0_discovery.c 0x00000000   Number         0  stm32f0_discovery.o ABSOLUTE
    ..\\..\\libraries\\STM32F0xx_StdPeriph_Driver\\src\\stm32f0xx_exti.c 0x00000000   Number         0  stm32f0xx_exti.o ABSOLUTE
    ..\\..\\libraries\\STM32F0xx_StdPeriph_Driver\\src\\stm32f0xx_gpio.c 0x00000000   Number         0  stm32f0xx_gpio.o ABSOLUTE
    ..\\..\\libraries\\STM32F0xx_StdPeriph_Driver\\src\\stm32f0xx_misc.c 0x00000000   Number         0  stm32f0xx_misc.o ABSOLUTE
    ..\\..\\libraries\\STM32F0xx_StdPeriph_Driver\\src\\stm32f0xx_rcc.c 0x00000000   Number         0  stm32f0xx_rcc.o ABSOLUTE
    ..\\..\\libraries\\STM32F0xx_StdPeriph_Driver\\src\\stm32f0xx_spi.c 0x00000000   Number         0  stm32f0xx_spi.o ABSOLUTE
    ..\\..\\libraries\\STM32F0xx_StdPeriph_Driver\\src\\stm32f0xx_syscfg.c 0x00000000   Number         0  stm32f0xx_syscfg.o ABSOLUTE
    ..\\..\\libraries\\STM32F0xx_StdPeriph_Driver\\src\\stm32f0xx_tim.c 0x00000000   Number         0  stm32f0xx_tim.o ABSOLUTE
    ..\\..\\libraries\\STM32F0xx_StdPeriph_Driver\\src\\stm32f0xx_usart.c 0x00000000   Number         0  stm32f0xx_usart.o ABSOLUTE
    ..\\..\\utilities\\STM32F0-Discovery\\stm32f0_discovery.c 0x00000000   Number         0  stm32f0_discovery.o ABSOLUTE
    dc.s                                     0x00000000   Number         0  dc.o ABSOLUTE
    handlers.s                               0x00000000   Number         0  handlers.o ABSOLUTE
    init.s                                   0x00000000   Number         0  init.o ABSOLUTE
    src\\main5.c                             0x00000000   Number         0  main5.o ABSOLUTE
    src\\stm32f0xx_it.c                      0x00000000   Number         0  stm32f0xx_it.o ABSOLUTE
    src\main5.c                              0x00000000   Number         0  main5.o ABSOLUTE
    src\stm32f0xx_it.c                       0x00000000   Number         0  stm32f0xx_it.o ABSOLUTE
    startup\\system_stm32f0xx.c              0x00000000   Number         0  system_stm32f0xx.o ABSOLUTE
    startup\startup_stm32f0xx.s              0x00000000   Number         0  startup_stm32f0xx.o ABSOLUTE
    startup\system_stm32f0xx.c               0x00000000   Number         0  system_stm32f0xx.o ABSOLUTE
    RESET                                    0x08000000   Section      192  startup_stm32f0xx.o(RESET)
    .ARM.Collect$$$$00000000                 0x080000c0   Section        0  entry.o(.ARM.Collect$$$$00000000)
    .ARM.Collect$$$$00000001                 0x080000c0   Section        4  entry2.o(.ARM.Collect$$$$00000001)
    .ARM.Collect$$$$00000004                 0x080000c4   Section        4  entry5.o(.ARM.Collect$$$$00000004)
    .ARM.Collect$$$$00000008                 0x080000c8   Section        0  entry7b.o(.ARM.Collect$$$$00000008)
    .ARM.Collect$$$$0000000A                 0x080000c8   Section        0  entry8b.o(.ARM.Collect$$$$0000000A)
    .ARM.Collect$$$$0000000B                 0x080000c8   Section        8  entry9a.o(.ARM.Collect$$$$0000000B)
    .ARM.Collect$$$$0000000D                 0x080000d0   Section        0  entry10a.o(.ARM.Collect$$$$0000000D)
    .ARM.Collect$$$$0000000F                 0x080000d0   Section        0  entry11a.o(.ARM.Collect$$$$0000000F)
    .ARM.Collect$$$$00002712                 0x080000d0   Section        4  entry2.o(.ARM.Collect$$$$00002712)
    __lit__00000000                          0x080000d0   Data           4  entry2.o(.ARM.Collect$$$$00002712)
    .text                                    0x080000d4   Section        0  main5.o(.text)
    .text                                    0x080001b4   Section        0  stm32f0xx_it.o(.text)
    .text                                    0x08000224   Section        0  stm32f0_discovery.o(.text)
    .text                                    0x08000340   Section        0  stm32f0xx_exti.o(.text)
    .text                                    0x08000414   Section        0  stm32f0xx_gpio.o(.text)
    .text                                    0x08000570   Section        0  stm32f0xx_misc.o(.text)
    .text                                    0x080005ec   Section        0  stm32f0xx_rcc.o(.text)
    .text                                    0x080009f8   Section        0  stm32f0xx_syscfg.o(.text)
    .text                                    0x08000a90   Section        0  stm32f0xx_tim.o(.text)
    TI2_Config                               0x08001075   Thumb Code    42  stm32f0xx_tim.o(.text)
    TI1_Config                               0x080010af   Thumb Code    40  stm32f0xx_tim.o(.text)
    .text                                    0x080013ac   Section       28  startup_stm32f0xx.o(.text)
    .text                                    0x080013c8   Section        0  system_stm32f0xx.o(.text)
    SetSysClock                              0x08001477   Thumb Code   142  system_stm32f0xx.o(.text)
    .text                                    0x08001520   Section        0  uidiv.o(.text)
    .text                                    0x0800154c   Section       36  init.o(.text)
    i.__scatterload_copy                     0x08001570   Section       14  handlers.o(i.__scatterload_copy)
    i.__scatterload_null                     0x0800157e   Section        2  handlers.o(i.__scatterload_null)
    i.__scatterload_zeroinit                 0x08001580   Section       14  handlers.o(i.__scatterload_zeroinit)
    .constdata                               0x08001590   Section       28  stm32f0_discovery.o(.constdata)
    .data                                    0x20000000   Section        4  stm32f0xx_it.o(.data)
    ticks                                    0x20000000   Data           4  stm32f0xx_it.o(.data)
    .data                                    0x20000004   Section       12  stm32f0_discovery.o(.data)
    .data                                    0x20000010   Section       16  stm32f0xx_rcc.o(.data)
    APBAHBPrescTable                         0x20000010   Data          16  stm32f0xx_rcc.o(.data)
    .data                                    0x20000020   Section       20  system_stm32f0xx.o(.data)
    STACK                                    0x20000038   Section     1024  startup_stm32f0xx.o(STACK)

    Global Symbols

    Symbol Name                              Value     Ov Type        Size  Object(Section)

    BuildAttributes$$THM_ISAv3M$S$PE$A:L22$X:L11$S22$IEEE1$IW$USESV6$~STKCKD$USESV7$~SHL$OSPACE$EBA8$MICROLIB$REQ8$PRES8$EABIv2 0x00000000   Number         0  anon$$obj.o ABSOLUTE
    __ARM_use_no_argv                        0x00000000   Number         0  main5.o ABSOLUTE
    __cpp_initialize__aeabi_                  - Undefined Weak Reference
    __cxa_finalize                            - Undefined Weak Reference
    __decompress                              - Undefined Weak Reference
    _clock_init                               - Undefined Weak Reference
    _microlib_exit                            - Undefined Weak Reference
    __Vectors_Size                           0x000000c0   Number         0  startup_stm32f0xx.o ABSOLUTE
    __Vectors                                0x08000000   Data           4  startup_stm32f0xx.o(RESET)
    __Vectors_End                            0x080000c0   Data           0  startup_stm32f0xx.o(RESET)
    __main                                   0x080000c1   Thumb Code     0  entry.o(.ARM.Collect$$$$00000000)
    _main_stk                                0x080000c1   Thumb Code     0  entry2.o(.ARM.Collect$$$$00000001)
    _main_scatterload                        0x080000c5   Thumb Code     0  entry5.o(.ARM.Collect$$$$00000004)
    __main_after_scatterload                 0x080000c9   Thumb Code     0  entry5.o(.ARM.Collect$$$$00000004)
    _main_clock                              0x080000c9   Thumb Code     0  entry7b.o(.ARM.Collect$$$$00000008)
    _main_cpp_init                           0x080000c9   Thumb Code     0  entry8b.o(.ARM.Collect$$$$0000000A)
    _main_init                               0x080000c9   Thumb Code     0  entry9a.o(.ARM.Collect$$$$0000000B)
    __rt_final_cpp                           0x080000d1   Thumb Code     0  entry10a.o(.ARM.Collect$$$$0000000D)
    __rt_final_exit                          0x080000d1   Thumb Code     0  entry11a.o(.ARM.Collect$$$$0000000F)
    init_GPIO                                0x080000d5   Thumb Code    44  main5.o(.text)
    init_Timer3                              0x08000101   Thumb Code    84  main5.o(.text)
    delay                                    0x08000155   Thumb Code    14  main5.o(.text)
    main                                     0x08000163   Thumb Code    66  main5.o(.text)
    NMI_Handler                              0x080001b5   Thumb Code     2  stm32f0xx_it.o(.text)
    HardFault_Handler                        0x080001b7   Thumb Code     2  stm32f0xx_it.o(.text)
    SVC_Handler                              0x080001b9   Thumb Code     2  stm32f0xx_it.o(.text)
    PendSV_Handler                           0x080001bb   Thumb Code     2  stm32f0xx_it.o(.text)
    SysTick_Handler                          0x080001bd   Thumb Code    58  stm32f0xx_it.o(.text)
    TIM3_IRQHandler                          0x080001f7   Thumb Code    32  stm32f0xx_it.o(.text)
    STM_EVAL_LEDInit                         0x08000225   Thumb Code    52  stm32f0_discovery.o(.text)
    STM_EVAL_LEDOn                           0x08000259   Thumb Code    18  stm32f0_discovery.o(.text)
    STM_EVAL_LEDOff                          0x0800026b   Thumb Code    18  stm32f0_discovery.o(.text)
    STM_EVAL_LEDToggle                       0x0800027d   Thumb Code    22  stm32f0_discovery.o(.text)
    STM_EVAL_PBInit                          0x08000293   Thumb Code   140  stm32f0_discovery.o(.text)
    STM_EVAL_PBGetState                      0x0800031f   Thumb Code    24  stm32f0_discovery.o(.text)
    EXTI_DeInit                              0x08000341   Thumb Code    20  stm32f0xx_exti.o(.text)
    EXTI_Init                                0x08000355   Thumb Code   102  stm32f0xx_exti.o(.text)
    EXTI_StructInit                          0x080003bb   Thumb Code    14  stm32f0xx_exti.o(.text)
    EXTI_GenerateSWInterrupt                 0x080003c9   Thumb Code    10  stm32f0xx_exti.o(.text)
    EXTI_GetFlagStatus                       0x080003d3   Thumb Code    16  stm32f0xx_exti.o(.text)
    EXTI_ClearFlag                           0x080003e3   Thumb Code     6  stm32f0xx_exti.o(.text)
    EXTI_GetITStatus                         0x080003e9   Thumb Code    24  stm32f0xx_exti.o(.text)
    EXTI_ClearITPendingBit                   0x08000401   Thumb Code     6  stm32f0xx_exti.o(.text)
    GPIO_DeInit                              0x08000415   Thumb Code    78  stm32f0xx_gpio.o(.text)
    GPIO_Init                                0x08000463   Thumb Code   112  stm32f0xx_gpio.o(.text)
    GPIO_StructInit                          0x080004d3   Thumb Code    18  stm32f0xx_gpio.o(.text)
    GPIO_PinLockConfig                       0x080004e5   Thumb Code    26  stm32f0xx_gpio.o(.text)
    GPIO_ReadInputDataBit                    0x080004ff   Thumb Code    14  stm32f0xx_gpio.o(.text)
    GPIO_ReadInputData                       0x0800050d   Thumb Code     4  stm32f0xx_gpio.o(.text)
    GPIO_ReadOutputDataBit                   0x08000511   Thumb Code    14  stm32f0xx_gpio.o(.text)
    GPIO_ReadOutputData                      0x0800051f   Thumb Code     4  stm32f0xx_gpio.o(.text)
    GPIO_SetBits                             0x08000523   Thumb Code     4  stm32f0xx_gpio.o(.text)
    GPIO_ResetBits                           0x08000527   Thumb Code     4  stm32f0xx_gpio.o(.text)
    GPIO_WriteBit                            0x0800052b   Thumb Code    12  stm32f0xx_gpio.o(.text)
    GPIO_Write                               0x08000537   Thumb Code     4  stm32f0xx_gpio.o(.text)
    GPIO_PinAFConfig                         0x0800053b   Thumb Code    32  stm32f0xx_gpio.o(.text)
    NVIC_Init                                0x08000571   Thumb Code    70  stm32f0xx_misc.o(.text)
    NVIC_SystemLPConfig                      0x080005b7   Thumb Code    18  stm32f0xx_misc.o(.text)
    SysTick_CLKSourceConfig                  0x080005c9   Thumb Code    20  stm32f0xx_misc.o(.text)
    RCC_DeInit                               0x080005ed   Thumb Code    78  stm32f0xx_rcc.o(.text)
    RCC_HSEConfig                            0x0800063b   Thumb Code    10  stm32f0xx_rcc.o(.text)
    RCC_GetFlagStatus                        0x08000645   Thumb Code    48  stm32f0xx_rcc.o(.text)
    RCC_WaitForHSEStartUp                    0x08000675   Thumb Code    44  stm32f0xx_rcc.o(.text)
    RCC_AdjustHSICalibrationValue            0x080006a1   Thumb Code    16  stm32f0xx_rcc.o(.text)
    RCC_HSICmd                               0x080006b1   Thumb Code    22  stm32f0xx_rcc.o(.text)
    RCC_AdjustHSI14CalibrationValue          0x080006c7   Thumb Code    16  stm32f0xx_rcc.o(.text)
    RCC_HSI14Cmd                             0x080006d7   Thumb Code    22  stm32f0xx_rcc.o(.text)
    RCC_HSI14ADCRequestCmd                   0x080006ed   Thumb Code    20  stm32f0xx_rcc.o(.text)
    RCC_LSEConfig                            0x08000701   Thumb Code    26  stm32f0xx_rcc.o(.text)
    RCC_LSEDriveConfig                       0x0800071b   Thumb Code    18  stm32f0xx_rcc.o(.text)
    RCC_LSICmd                               0x0800072d   Thumb Code    22  stm32f0xx_rcc.o(.text)
    RCC_PLLConfig                            0x08000743   Thumb Code    24  stm32f0xx_rcc.o(.text)
    RCC_PLLCmd                               0x0800075b   Thumb Code    22  stm32f0xx_rcc.o(.text)
    RCC_PREDIV1Config                        0x08000771   Thumb Code    14  stm32f0xx_rcc.o(.text)
    RCC_ClockSecuritySystemCmd               0x0800077f   Thumb Code    22  stm32f0xx_rcc.o(.text)
    RCC_MCOConfig                            0x08000795   Thumb Code     6  stm32f0xx_rcc.o(.text)
    RCC_SYSCLKConfig                         0x0800079b   Thumb Code    14  stm32f0xx_rcc.o(.text)
    RCC_GetSYSCLKSource                      0x080007a9   Thumb Code    10  stm32f0xx_rcc.o(.text)
    RCC_HCLKConfig                           0x080007b3   Thumb Code    14  stm32f0xx_rcc.o(.text)
    RCC_PCLKConfig                           0x080007c1   Thumb Code    16  stm32f0xx_rcc.o(.text)
    RCC_ADCCLKConfig                         0x080007d1   Thumb Code    38  stm32f0xx_rcc.o(.text)
    RCC_CECCLKConfig                         0x080007f7   Thumb Code    18  stm32f0xx_rcc.o(.text)
    RCC_I2CCLKConfig                         0x08000809   Thumb Code    18  stm32f0xx_rcc.o(.text)
    RCC_USARTCLKConfig                       0x0800081b   Thumb Code    18  stm32f0xx_rcc.o(.text)
    RCC_GetClocksFreq                        0x0800082d   Thumb Code   208  stm32f0xx_rcc.o(.text)
    RCC_RTCCLKConfig                         0x080008fd   Thumb Code    10  stm32f0xx_rcc.o(.text)
    RCC_RTCCLKCmd                            0x08000907   Thumb Code    20  stm32f0xx_rcc.o(.text)
    RCC_BackupResetCmd                       0x0800091b   Thumb Code    22  stm32f0xx_rcc.o(.text)
    RCC_AHBPeriphClockCmd                    0x08000931   Thumb Code    18  stm32f0xx_rcc.o(.text)
    RCC_APB2PeriphClockCmd                   0x08000943   Thumb Code    18  stm32f0xx_rcc.o(.text)
    RCC_APB1PeriphClockCmd                   0x08000955   Thumb Code    18  stm32f0xx_rcc.o(.text)
    RCC_AHBPeriphResetCmd                    0x08000967   Thumb Code    18  stm32f0xx_rcc.o(.text)
    RCC_APB2PeriphResetCmd                   0x08000979   Thumb Code    18  stm32f0xx_rcc.o(.text)
    RCC_APB1PeriphResetCmd                   0x0800098b   Thumb Code    18  stm32f0xx_rcc.o(.text)
    RCC_ITConfig                             0x0800099d   Thumb Code    18  stm32f0xx_rcc.o(.text)
    RCC_ClearFlag                            0x080009af   Thumb Code    14  stm32f0xx_rcc.o(.text)
    RCC_GetITStatus                          0x080009bd   Thumb Code    48  stm32f0xx_rcc.o(.text)
    RCC_ClearITPendingBit                    0x080009ed   Thumb Code     6  stm32f0xx_rcc.o(.text)
    SYSCFG_DeInit                            0x080009f9   Thumb Code    30  stm32f0xx_syscfg.o(.text)
    SYSCFG_MemoryRemapConfig                 0x08000a17   Thumb Code    14  stm32f0xx_syscfg.o(.text)
    SYSCFG_DMAChannelRemapConfig             0x08000a25   Thumb Code    18  stm32f0xx_syscfg.o(.text)
    SYSCFG_I2CFastModePlusConfig             0x08000a37   Thumb Code    18  stm32f0xx_syscfg.o(.text)
    SYSCFG_EXTILineConfig                    0x08000a49   Thumb Code    34  stm32f0xx_syscfg.o(.text)
    SYSCFG_BreakConfig                       0x08000a6b   Thumb Code    10  stm32f0xx_syscfg.o(.text)
    SYSCFG_GetFlagStatus                     0x08000a75   Thumb Code    14  stm32f0xx_syscfg.o(.text)
    SYSCFG_ClearFlag                         0x08000a83   Thumb Code    10  stm32f0xx_syscfg.o(.text)
    TIM_DeInit                               0x08000a91   Thumb Code   152  stm32f0xx_tim.o(.text)
    TIM_TimeBaseInit                         0x08000b29   Thumb Code    88  stm32f0xx_tim.o(.text)
    TIM_TimeBaseStructInit                   0x08000b81   Thumb Code    18  stm32f0xx_tim.o(.text)
    TIM_PrescalerConfig                      0x08000b93   Thumb Code     6  stm32f0xx_tim.o(.text)
    TIM_CounterModeConfig                    0x08000b99   Thumb Code    12  stm32f0xx_tim.o(.text)
    TIM_SetCounter                           0x08000ba5   Thumb Code     4  stm32f0xx_tim.o(.text)
    TIM_SetAutoreload                        0x08000ba9   Thumb Code     4  stm32f0xx_tim.o(.text)
    TIM_GetCounter                           0x08000bad   Thumb Code     4  stm32f0xx_tim.o(.text)
    TIM_GetPrescaler                         0x08000bb1   Thumb Code     4  stm32f0xx_tim.o(.text)
    TIM_UpdateDisableConfig                  0x08000bb5   Thumb Code    18  stm32f0xx_tim.o(.text)
    TIM_UpdateRequestConfig                  0x08000bc7   Thumb Code    18  stm32f0xx_tim.o(.text)
    TIM_ARRPreloadConfig                     0x08000bd9   Thumb Code    18  stm32f0xx_tim.o(.text)
    TIM_SelectOnePulseMode                   0x08000beb   Thumb Code    16  stm32f0xx_tim.o(.text)
    TIM_SetClockDivision                     0x08000bfb   Thumb Code    16  stm32f0xx_tim.o(.text)
    TIM_Cmd                                  0x08000c0b   Thumb Code    20  stm32f0xx_tim.o(.text)
    TIM_BDTRConfig                           0x08000c1f   Thumb Code    34  stm32f0xx_tim.o(.text)
    TIM_BDTRStructInit                       0x08000c41   Thumb Code    18  stm32f0xx_tim.o(.text)
    TIM_CtrlPWMOutputs                       0x08000c53   Thumb Code    24  stm32f0xx_tim.o(.text)
    TIM_OC1Init                              0x08000c6b   Thumb Code   104  stm32f0xx_tim.o(.text)
    TIM_OC2Init                              0x08000cd3   Thumb Code   110  stm32f0xx_tim.o(.text)
    TIM_OC3Init                              0x08000d41   Thumb Code   110  stm32f0xx_tim.o(.text)
    TIM_OC4Init                              0x08000daf   Thumb Code    78  stm32f0xx_tim.o(.text)
    TIM_OCStructInit                         0x08000dfd   Thumb Code    20  stm32f0xx_tim.o(.text)
    TIM_SelectOCxM                           0x08000e11   Thumb Code    70  stm32f0xx_tim.o(.text)
    TIM_SetCompare1                          0x08000e57   Thumb Code     4  stm32f0xx_tim.o(.text)
    TIM_SetCompare2                          0x08000e5b   Thumb Code     4  stm32f0xx_tim.o(.text)
    TIM_SetCompare3                          0x08000e5f   Thumb Code     4  stm32f0xx_tim.o(.text)
    TIM_SetCompare4                          0x08000e63   Thumb Code     4  stm32f0xx_tim.o(.text)
    TIM_ForcedOC1Config                      0x08000e67   Thumb Code    86  stm32f0xx_tim.o(.text)
    TIM_ForcedOC2Config                      0x08000ebd   Thumb Code    14  stm32f0xx_tim.o(.text)
    TIM_ForcedOC3Config                      0x08000ecb   Thumb Code    12  stm32f0xx_tim.o(.text)
    TIM_ForcedOC4Config                      0x08000ed7   Thumb Code    14  stm32f0xx_tim.o(.text)
    TIM_CCPreloadControl                     0x08000ee5   Thumb Code    20  stm32f0xx_tim.o(.text)
    TIM_OC1PreloadConfig                     0x08000ef9   Thumb Code    12  stm32f0xx_tim.o(.text)
    TIM_OC2PreloadConfig                     0x08000f05   Thumb Code    14  stm32f0xx_tim.o(.text)
    TIM_OC3PreloadConfig                     0x08000f13   Thumb Code    12  stm32f0xx_tim.o(.text)
    TIM_OC4PreloadConfig                     0x08000f1f   Thumb Code    14  stm32f0xx_tim.o(.text)
    TIM_OC1FastConfig                        0x08000f2d   Thumb Code    12  stm32f0xx_tim.o(.text)
    TIM_OC2FastConfig                        0x08000f39   Thumb Code    14  stm32f0xx_tim.o(.text)
    TIM_OC3FastConfig                        0x08000f47   Thumb Code    12  stm32f0xx_tim.o(.text)
    TIM_OC4FastConfig                        0x08000f53   Thumb Code    14  stm32f0xx_tim.o(.text)
    TIM_ClearOC1Ref                          0x08000f61   Thumb Code    12  stm32f0xx_tim.o(.text)
    TIM_ClearOC2Ref                          0x08000f6d   Thumb Code    14  stm32f0xx_tim.o(.text)
    TIM_ClearOC3Ref                          0x08000f7b   Thumb Code    12  stm32f0xx_tim.o(.text)
    TIM_ClearOC4Ref                          0x08000f87   Thumb Code    14  stm32f0xx_tim.o(.text)
    TIM_OC1PolarityConfig                    0x08000f95   Thumb Code    12  stm32f0xx_tim.o(.text)
    TIM_OC1NPolarityConfig                   0x08000fa1   Thumb Code    12  stm32f0xx_tim.o(.text)
    TIM_OC2PolarityConfig                    0x08000fad   Thumb Code    14  stm32f0xx_tim.o(.text)
    TIM_OC2NPolarityConfig                   0x08000fbb   Thumb Code    14  stm32f0xx_tim.o(.text)
    TIM_OC3PolarityConfig                    0x08000fc9   Thumb Code    14  stm32f0xx_tim.o(.text)
    TIM_OC3NPolarityConfig                   0x08000fd7   Thumb Code    14  stm32f0xx_tim.o(.text)
    TIM_OC4PolarityConfig                    0x08000fe5   Thumb Code    14  stm32f0xx_tim.o(.text)
    TIM_SelectOCREFClear                     0x08000ff3   Thumb Code    16  stm32f0xx_tim.o(.text)
    TIM_CCxCmd                               0x08001003   Thumb Code    22  stm32f0xx_tim.o(.text)
    TIM_CCxNCmd                              0x08001019   Thumb Code    22  stm32f0xx_tim.o(.text)
    TIM_SelectCOM                            0x0800102f   Thumb Code    18  stm32f0xx_tim.o(.text)
    TIM_SetIC4Prescaler                      0x08001041   Thumb Code    18  stm32f0xx_tim.o(.text)
    TIM_SetIC3Prescaler                      0x08001053   Thumb Code    16  stm32f0xx_tim.o(.text)
    TIM_SetIC2Prescaler                      0x08001063   Thumb Code    18  stm32f0xx_tim.o(.text)
    TIM_SetIC1Prescaler                      0x0800109f   Thumb Code    16  stm32f0xx_tim.o(.text)
    TIM_ICInit                               0x080010d7   Thumb Code   162  stm32f0xx_tim.o(.text)
    TIM_ICStructInit                         0x08001179   Thumb Code    16  stm32f0xx_tim.o(.text)
    TIM_PWMIConfig                           0x08001189   Thumb Code   104  stm32f0xx_tim.o(.text)
    TIM_GetCapture1                          0x080011f1   Thumb Code     4  stm32f0xx_tim.o(.text)
    TIM_GetCapture2                          0x080011f5   Thumb Code     4  stm32f0xx_tim.o(.text)
    TIM_GetCapture3                          0x080011f9   Thumb Code     4  stm32f0xx_tim.o(.text)
    TIM_GetCapture4                          0x080011fd   Thumb Code     4  stm32f0xx_tim.o(.text)
    TIM_ITConfig                             0x08001201   Thumb Code    16  stm32f0xx_tim.o(.text)
    TIM_GenerateEvent                        0x08001211   Thumb Code     4  stm32f0xx_tim.o(.text)
    TIM_GetFlagStatus                        0x08001215   Thumb Code    14  stm32f0xx_tim.o(.text)
    TIM_ClearFlag                            0x08001223   Thumb Code     6  stm32f0xx_tim.o(.text)
    TIM_GetITStatus                          0x08001229   Thumb Code    24  stm32f0xx_tim.o(.text)
    TIM_ClearITPendingBit                    0x08001241   Thumb Code     6  stm32f0xx_tim.o(.text)
    TIM_DMAConfig                            0x08001247   Thumb Code     8  stm32f0xx_tim.o(.text)
    TIM_DMACmd                               0x0800124f   Thumb Code    16  stm32f0xx_tim.o(.text)
    TIM_SelectCCDMA                          0x0800125f   Thumb Code    18  stm32f0xx_tim.o(.text)
    TIM_InternalClockConfig                  0x08001271   Thumb Code    10  stm32f0xx_tim.o(.text)
    TIM_SelectInputTrigger                   0x0800127b   Thumb Code    12  stm32f0xx_tim.o(.text)
    TIM_ITRxExternalClockConfig              0x08001287   Thumb Code    62  stm32f0xx_tim.o(.text)
    TIM_TIxExternalClockConfig               0x080012c5   Thumb Code    48  stm32f0xx_tim.o(.text)
    TIM_ETRConfig                            0x080012f5   Thumb Code    18  stm32f0xx_tim.o(.text)
    TIM_ETRClockMode1Config                  0x08001307   Thumb Code    28  stm32f0xx_tim.o(.text)
    TIM_ETRClockMode2Config                  0x08001323   Thumb Code    20  stm32f0xx_tim.o(.text)
    TIM_SelectOutputTrigger                  0x08001337   Thumb Code    16  stm32f0xx_tim.o(.text)
    TIM_SelectSlaveMode                      0x08001347   Thumb Code    16  stm32f0xx_tim.o(.text)
    TIM_SelectMasterSlaveMode                0x08001357   Thumb Code    16  stm32f0xx_tim.o(.text)
    TIM_EncoderInterfaceConfig               0x08001367   Thumb Code    42  stm32f0xx_tim.o(.text)
    TIM_SelectHallSensor                     0x08001391   Thumb Code    18  stm32f0xx_tim.o(.text)
    TIM_RemapConfig                          0x080013a3   Thumb Code     6  stm32f0xx_tim.o(.text)
    Reset_Handler                            0x080013ad   Thumb Code     8  startup_stm32f0xx.o(.text)
    ADC1_COMP_IRQHandler                     0x080013bf   Thumb Code     0  startup_stm32f0xx.o(.text)
    CEC_IRQHandler                           0x080013bf   Thumb Code     0  startup_stm32f0xx.o(.text)
    DMA1_Channel1_IRQHandler                 0x080013bf   Thumb Code     0  startup_stm32f0xx.o(.text)
    DMA1_Channel2_3_IRQHandler               0x080013bf   Thumb Code     0  startup_stm32f0xx.o(.text)
    DMA1_Channel4_5_IRQHandler               0x080013bf   Thumb Code     0  startup_stm32f0xx.o(.text)
    EXTI0_1_IRQHandler                       0x080013bf   Thumb Code     0  startup_stm32f0xx.o(.text)
    EXTI2_3_IRQHandler                       0x080013bf   Thumb Code     0  startup_stm32f0xx.o(.text)
    EXTI4_15_IRQHandler                      0x080013bf   Thumb Code     0  startup_stm32f0xx.o(.text)
    FLASH_IRQHandler                         0x080013bf   Thumb Code     0  startup_stm32f0xx.o(.text)
    I2C1_IRQHandler                          0x080013bf   Thumb Code     0  startup_stm32f0xx.o(.text)
    I2C2_IRQHandler                          0x080013bf   Thumb Code     0  startup_stm32f0xx.o(.text)
    PVD_IRQHandler                           0x080013bf   Thumb Code     0  startup_stm32f0xx.o(.text)
    RCC_IRQHandler                           0x080013bf   Thumb Code     0  startup_stm32f0xx.o(.text)
    RTC_IRQHandler                           0x080013bf   Thumb Code     0  startup_stm32f0xx.o(.text)
    SPI1_IRQHandler                          0x080013bf   Thumb Code     0  startup_stm32f0xx.o(.text)
    SPI2_IRQHandler                          0x080013bf   Thumb Code     0  startup_stm32f0xx.o(.text)
    TIM14_IRQHandler                         0x080013bf   Thumb Code     0  startup_stm32f0xx.o(.text)
    TIM15_IRQHandler                         0x080013bf   Thumb Code     0  startup_stm32f0xx.o(.text)
    TIM16_IRQHandler                         0x080013bf   Thumb Code     0  startup_stm32f0xx.o(.text)
    TIM17_IRQHandler                         0x080013bf   Thumb Code     0  startup_stm32f0xx.o(.text)
    TIM1_BRK_UP_TRG_COM_IRQHandler           0x080013bf   Thumb Code     0  startup_stm32f0xx.o(.text)
    TIM1_CC_IRQHandler                       0x080013bf   Thumb Code     0  startup_stm32f0xx.o(.text)
    TIM2_IRQHandler                          0x080013bf   Thumb Code     0  startup_stm32f0xx.o(.text)
    TIM6_DAC_IRQHandler                      0x080013bf   Thumb Code     0  startup_stm32f0xx.o(.text)
    TS_IRQHandler                            0x080013bf   Thumb Code     0  startup_stm32f0xx.o(.text)
    USART1_IRQHandler                        0x080013bf   Thumb Code     0  startup_stm32f0xx.o(.text)
    USART2_IRQHandler                        0x080013bf   Thumb Code     0  startup_stm32f0xx.o(.text)
    WWDG_IRQHandler                          0x080013bf   Thumb Code     0  startup_stm32f0xx.o(.text)
    SystemInit                               0x080013c9   Thumb Code    84  system_stm32f0xx.o(.text)
    SystemCoreClockUpdate                    0x0800141d   Thumb Code    90  system_stm32f0xx.o(.text)
    __aeabi_uidiv                            0x08001521   Thumb Code     0  uidiv.o(.text)
    __aeabi_uidivmod                         0x08001521   Thumb Code    44  uidiv.o(.text)
    __scatterload                            0x0800154d   Thumb Code    28  init.o(.text)
    __scatterload_rt2                        0x0800154d   Thumb Code     0  init.o(.text)
    __scatterload_copy                       0x08001571   Thumb Code    14  handlers.o(i.__scatterload_copy)
    __scatterload_null                       0x0800157f   Thumb Code     2  handlers.o(i.__scatterload_null)
    __scatterload_zeroinit                   0x08001581   Thumb Code    14  handlers.o(i.__scatterload_zeroinit)
    BUTTON_PIN                               0x08001590   Data           2  stm32f0_discovery.o(.constdata)
    BUTTON_EXTI_LINE                         0x08001592   Data           2  stm32f0_discovery.o(.constdata)
    BUTTON_PORT_SOURCE                       0x08001594   Data           2  stm32f0_discovery.o(.constdata)
    BUTTON_PIN_SOURCE                        0x08001596   Data           2  stm32f0_discovery.o(.constdata)
    BUTTON_IRQn                              0x08001598   Data           2  stm32f0_discovery.o(.constdata)
    GPIO_PIN                                 0x0800159a   Data           4  stm32f0_discovery.o(.constdata)
    BUTTON_CLK                               0x080015a0   Data           4  stm32f0_discovery.o(.constdata)
    GPIO_CLK                                 0x080015a4   Data           8  stm32f0_discovery.o(.constdata)
    Region$$Table$$Base                      0x080015ac   Number         0  anon$$obj.o(Region$$Table)
    Region$$Table$$Limit                     0x080015cc   Number         0  anon$$obj.o(Region$$Table)
    BUTTON_PORT                              0x20000004   Data           4  stm32f0_discovery.o(.data)
    GPIO_PORT                                0x20000008   Data           8  stm32f0_discovery.o(.data)
    SystemCoreClock                          0x20000020   Data           4  system_stm32f0xx.o(.data)
    AHBPrescTable                            0x20000024   Data          16  system_stm32f0xx.o(.data)
    __initial_sp                             0x20000438   Data           0  startup_stm32f0xx.o(STACK)



==============================================================================

Memory Map of the image

  Image Entry point : 0x080000c1

  Load Region LR_IROM1 (Base: 0x08000000, Size: 0x00001600, Max: 0x00010000, ABSOLUTE)

    Execution Region ER_IROM1 (Exec base: 0x08000000, Load base: 0x08000000, Size: 0x000015cc, Max: 0x00010000, ABSOLUTE)

    Exec Addr    Load Addr    Size         Type   Attr      Idx    E Section Name        Object

    0x08000000   0x08000000   0x000000c0   Data   RO          285    RESET               startup_stm32f0xx.o
    0x080000c0   0x080000c0   0x00000000   Code   RO          312  * .ARM.Collect$$$$00000000  mc_p.l(entry.o)
    0x080000c0   0x080000c0   0x00000004   Code   RO          317    .ARM.Collect$$$$00000001  mc_p.l(entry2.o)
    0x080000c4   0x080000c4   0x00000004   Code   RO          320    .ARM.Collect$$$$00000004  mc_p.l(entry5.o)
    0x080000c8   0x080000c8   0x00000000   Code   RO          322    .ARM.Collect$$$$00000008  mc_p.l(entry7b.o)
    0x080000c8   0x080000c8   0x00000000   Code   RO          324    .ARM.Collect$$$$0000000A  mc_p.l(entry8b.o)
    0x080000c8   0x080000c8   0x00000008   Code   RO          325    .ARM.Collect$$$$0000000B  mc_p.l(entry9a.o)
    0x080000d0   0x080000d0   0x00000000   Code   RO          327    .ARM.Collect$$$$0000000D  mc_p.l(entry10a.o)
    0x080000d0   0x080000d0   0x00000000   Code   RO          329    .ARM.Collect$$$$0000000F  mc_p.l(entry11a.o)
    0x080000d0   0x080000d0   0x00000004   Code   RO          318    .ARM.Collect$$$$00002712  mc_p.l(entry2.o)
    0x080000d4   0x080000d4   0x000000e0   Code   RO            2    .text               main5.o
    0x080001b4   0x080001b4   0x00000070   Code   RO          110    .text               stm32f0xx_it.o
    0x08000224   0x08000224   0x0000011c   Code   RO          133    .text               stm32f0_discovery.o
    0x08000340   0x08000340   0x000000d4   Code   RO          153    .text               stm32f0xx_exti.o
    0x08000414   0x08000414   0x0000015c   Code   RO          169    .text               stm32f0xx_gpio.o
    0x08000570   0x08000570   0x0000007c   Code   RO          185    .text               stm32f0xx_misc.o
    0x080005ec   0x080005ec   0x0000040c   Code   RO          201    .text               stm32f0xx_rcc.o
    0x080009f8   0x080009f8   0x00000098   Code   RO          219    .text               stm32f0xx_syscfg.o
    0x08000a90   0x08000a90   0x0000091c   Code   RO          235    .text               stm32f0xx_tim.o
    0x080013ac   0x080013ac   0x0000001c   Code   RO          286    .text               startup_stm32f0xx.o
    0x080013c8   0x080013c8   0x00000158   Code   RO          291    .text               system_stm32f0xx.o
    0x08001520   0x08001520   0x0000002c   Code   RO          315    .text               mc_p.l(uidiv.o)
    0x0800154c   0x0800154c   0x00000024   Code   RO          331    .text               mc_p.l(init.o)
    0x08001570   0x08001570   0x0000000e   Code   RO          335    i.__scatterload_copy  mc_p.l(handlers.o)
    0x0800157e   0x0800157e   0x00000002   Code   RO          336    i.__scatterload_null  mc_p.l(handlers.o)
    0x08001580   0x08001580   0x0000000e   Code   RO          337    i.__scatterload_zeroinit  mc_p.l(handlers.o)
    0x0800158e   0x0800158e   0x00000002   PAD
    0x08001590   0x08001590   0x0000001c   Data   RO          134    .constdata          stm32f0_discovery.o
    0x080015ac   0x080015ac   0x00000020   Data   RO          333    Region$$Table       anon$$obj.o


    Execution Region RW_IRAM1 (Exec base: 0x20000000, Load base: 0x080015cc, Size: 0x00000438, Max: 0x00002000, ABSOLUTE)

    Exec Addr    Load Addr    Size         Type   Attr      Idx    E Section Name        Object

    0x20000000   0x080015cc   0x00000004   Data   RW          111    .data               stm32f0xx_it.o
    0x20000004   0x080015d0   0x0000000c   Data   RW          135    .data               stm32f0_discovery.o
    0x20000010   0x080015dc   0x00000010   Data   RW          202    .data               stm32f0xx_rcc.o
    0x20000020   0x080015ec   0x00000014   Data   RW          292    .data               system_stm32f0xx.o
    0x20000034   0x08001600   0x00000004   PAD
    0x20000038        -       0x00000400   Zero   RW          283    STACK               startup_stm32f0xx.o


==============================================================================

Image component sizes


      Code (inc. data)   RO Data    RW Data    ZI Data      Debug   Object Name

       224         16          0          0          0     128837   main5.o
        28          8        192          0       1024        612   startup_stm32f0xx.o
       284         10         28         12          0       2887   stm32f0_discovery.o
       212         14          0          0          0       2455   stm32f0xx_exti.o
       348         22          0          0          0       3961   stm32f0xx_gpio.o
       112         14          0          4          0       1119   stm32f0xx_it.o
       124         16          0          0          0       1496   stm32f0xx_misc.o
      1036         38          0         16          0       8902   stm32f0xx_rcc.o
       152          4          0          0          0       2070   stm32f0xx_syscfg.o
      2332        122          0          0          0      22655   stm32f0xx_tim.o
       344         28          0         20          0       1731   system_stm32f0xx.o

    ----------------------------------------------------------------------
      5196        292        252         52       1028     176725   Object Totals
         0          0         32          0          0          0   (incl. Generated)
         0          0          0          0          4          0   (incl. Padding)

    ----------------------------------------------------------------------

      Code (inc. data)   RO Data    RW Data    ZI Data      Debug   Library Member Name

         0          0          0          0          0          0   entry.o
         0          0          0          0          0          0   entry10a.o
         0          0          0          0          0          0   entry11a.o
         8          4          0          0          0          0   entry2.o
         4          0          0          0          0          0   entry5.o
         0          0          0          0          0          0   entry7b.o
         0          0          0          0          0          0   entry8b.o
         8          4          0          0          0          0   entry9a.o
        30          0          0          0          0          0   handlers.o
        36          8          0          0          0         68   init.o
        44          0          0          0          0         72   uidiv.o

    ----------------------------------------------------------------------
       132         16          0          0          0        140   Library Totals
         2          0          0          0          0          0   (incl. Padding)

    ----------------------------------------------------------------------

      Code (inc. data)   RO Data    RW Data    ZI Data      Debug   Library Name

       130         16          0          0          0        140   mc_p.l

    ----------------------------------------------------------------------
       132         16          0          0          0        140   Library Totals

    ----------------------------------------------------------------------

==============================================================================


      Code (inc. data)   RO Data    RW Data    ZI Data      Debug   

      5328        308        252         52       1028     175917   Grand Totals
      5328        308        252         52       1028     175917   ELF Image Totals
      5328        308        252         52          0          0   ROM Totals

==============================================================================

    Total RO  Size (Code + RO Data)                 5580 (   5.45kB)
    Total RW  Size (RW Data + ZI Data)              1080 (   1.05kB)
    Total ROM Size (Code + RO Data + RW Data)       5632 (   5.50kB)

==============================================================================

