Component: ARM Compiler 5.06 update 6 (build 750) Tool: armlink [4d35ed]

==============================================================================

Section Cross References

    main1.o(.text) refers to stm32f0xx_spi.o(.text) for SPI_I2S_SendData16
    main1.o(.text) refers to uidiv.o(.text) for __aeabi_uidivmod
    main1.o(.text) refers to stm32f0xx_gpio.o(.text) for GPIO_StructInit
    main1.o(.text) refers to stm32f0xx_rcc.o(.text) for RCC_APB2PeriphClockCmd
    main1.o(.text) refers to system_stm32f0xx.o(.data) for SystemCoreClock
    main1.o(.text) refers to main1.o(.data) for .data
    stm32f0xx_it.o(.text) refers to stm32f0xx_tim.o(.text) for TIM_GetITStatus
    stm32f0xx_it.o(.text) refers to stm32f0_discovery.o(.text) for STM_EVAL_LEDToggle
    stm32f0xx_it.o(.text) refers to stm32f0xx_it.o(.data) for .data
    stm32f0_discovery.o(.text) refers to stm32f0xx_rcc.o(.text) for RCC_AHBPeriphClockCmd
    stm32f0_discovery.o(.text) refers to stm32f0xx_gpio.o(.text) for GPIO_Init
    stm32f0_discovery.o(.text) refers to stm32f0xx_syscfg.o(.text) for SYSCFG_EXTILineConfig
    stm32f0_discovery.o(.text) refers to stm32f0xx_exti.o(.text) for EXTI_Init
    stm32f0_discovery.o(.text) refers to stm32f0xx_misc.o(.text) for NVIC_Init
    stm32f0_discovery.o(.text) refers to stm32f0_discovery.o(.constdata) for .constdata
    stm32f0_discovery.o(.text) refers to stm32f0_discovery.o(.data) for .data
    stm32f0xx_gpio.o(.text) refers to stm32f0xx_rcc.o(.text) for RCC_AHBPeriphResetCmd
    stm32f0xx_rcc.o(.text) refers to uidiv.o(.text) for __aeabi_uidivmod
    stm32f0xx_rcc.o(.text) refers to stm32f0xx_rcc.o(.data) for .data
    stm32f0xx_tim.o(.text) refers to stm32f0xx_rcc.o(.text) for RCC_APB1PeriphResetCmd
    stm32f0xx_usart.o(.text) refers to stm32f0xx_rcc.o(.text) for RCC_APB2PeriphResetCmd
    stm32f0xx_usart.o(.text) refers to uidiv.o(.text) for __aeabi_uidivmod
    stm32f0xx_spi.o(.text) refers to stm32f0xx_rcc.o(.text) for RCC_APB2PeriphResetCmd
    stm32f0xx_spi.o(.text) refers to uidiv.o(.text) for __aeabi_uidivmod
    startup_stm32f0xx.o(RESET) refers to startup_stm32f0xx.o(STACK) for __initial_sp
    startup_stm32f0xx.o(RESET) refers to startup_stm32f0xx.o(.text) for Reset_Handler
    startup_stm32f0xx.o(RESET) refers to stm32f0xx_it.o(.text) for NMI_Handler
    startup_stm32f0xx.o(.text) refers to system_stm32f0xx.o(.text) for SystemInit
    startup_stm32f0xx.o(.text) refers to entry.o(.ARM.Collect$$$$00000000) for __main
    system_stm32f0xx.o(.text) refers to uidiv.o(.text) for __aeabi_uidivmod
    system_stm32f0xx.o(.text) refers to system_stm32f0xx.o(.data) for .data
    entry.o(.ARM.Collect$$$$00000000) refers (Special) to entry10a.o(.ARM.Collect$$$$0000000D) for __rt_final_cpp
    entry.o(.ARM.Collect$$$$00000000) refers (Special) to entry11a.o(.ARM.Collect$$$$0000000F) for __rt_final_exit
    entry.o(.ARM.Collect$$$$00000000) refers (Special) to entry7b.o(.ARM.Collect$$$$00000008) for _main_clock
    entry.o(.ARM.Collect$$$$00000000) refers (Special) to entry8b.o(.ARM.Collect$$$$0000000A) for _main_cpp_init
    entry.o(.ARM.Collect$$$$00000000) refers (Special) to entry9a.o(.ARM.Collect$$$$0000000B) for _main_init
    entry.o(.ARM.Collect$$$$00000000) refers (Special) to entry5.o(.ARM.Collect$$$$00000004) for _main_scatterload
    entry.o(.ARM.Collect$$$$00000000) refers (Special) to entry2.o(.ARM.Collect$$$$00000001) for _main_stk
    entry2.o(.ARM.Collect$$$$00000001) refers to entry2.o(.ARM.Collect$$$$00002712) for __lit__00000000
    entry2.o(.ARM.Collect$$$$00002712) refers to startup_stm32f0xx.o(STACK) for __initial_sp
    entry2.o(__vectab_stack_and_reset_area) refers to startup_stm32f0xx.o(STACK) for __initial_sp
    entry2.o(__vectab_stack_and_reset_area) refers to entry.o(.ARM.Collect$$$$00000000) for __main
    entry5.o(.ARM.Collect$$$$00000004) refers to init.o(.text) for __scatterload
    entry9a.o(.ARM.Collect$$$$0000000B) refers to main1.o(.text) for main
    entry9b.o(.ARM.Collect$$$$0000000C) refers to main1.o(.text) for main
    init.o(.text) refers to entry5.o(.ARM.Collect$$$$00000004) for __main_after_scatterload


==============================================================================

Removing Unused input sections from the image.

    Removing main1.o(.emb_text), (8 bytes).
    Removing main1.o(.data), (8 bytes).
    Removing main1.o(.data), (8 bytes).
    Removing stm32f0xx_it.o(.emb_text), (8 bytes).
    Removing stm32f0_discovery.o(.emb_text), (8 bytes).
    Removing stm32f0xx_exti.o(.emb_text), (8 bytes).
    Removing stm32f0xx_gpio.o(.emb_text), (8 bytes).
    Removing stm32f0xx_misc.o(.emb_text), (8 bytes).
    Removing stm32f0xx_rcc.o(.emb_text), (8 bytes).
    Removing stm32f0xx_syscfg.o(.emb_text), (8 bytes).
    Removing stm32f0xx_tim.o(.emb_text), (8 bytes).
    Removing stm32f0xx_usart.o(.emb_text), (8 bytes).
    Removing stm32f0xx_usart.o(.text), (1122 bytes).
    Removing stm32f0xx_spi.o(.emb_text), (8 bytes).
    Removing startup_stm32f0xx.o(HEAP), (512 bytes).
    Removing system_stm32f0xx.o(.emb_text), (8 bytes).

16 unused section(s) (total 1746 bytes) removed from the image.

==============================================================================

Image Symbol Table

    Local Symbols

    Symbol Name                              Value     Ov Type        Size  Object(Section)

    ../clib/microlib/division.c              0x00000000   Number         0  uidiv.o ABSOLUTE
    ../clib/microlib/init/entry.s            0x00000000   Number         0  entry2.o ABSOLUTE
    ../clib/microlib/init/entry.s            0x00000000   Number         0  entry5.o ABSOLUTE
    ../clib/microlib/init/entry.s            0x00000000   Number         0  entry7a.o ABSOLUTE
    ../clib/microlib/init/entry.s            0x00000000   Number         0  entry11b.o ABSOLUTE
    ../clib/microlib/init/entry.s            0x00000000   Number         0  entry11a.o ABSOLUTE
    ../clib/microlib/init/entry.s            0x00000000   Number         0  entry7b.o ABSOLUTE
    ../clib/microlib/init/entry.s            0x00000000   Number         0  entry10b.o ABSOLUTE
    ../clib/microlib/init/entry.s            0x00000000   Number         0  entry10a.o ABSOLUTE
    ../clib/microlib/init/entry.s            0x00000000   Number         0  entry9b.o ABSOLUTE
    ../clib/microlib/init/entry.s            0x00000000   Number         0  entry8a.o ABSOLUTE
    ../clib/microlib/init/entry.s            0x00000000   Number         0  entry9a.o ABSOLUTE
    ../clib/microlib/init/entry.s            0x00000000   Number         0  entry8b.o ABSOLUTE
    ../clib/microlib/init/entry.s            0x00000000   Number         0  entry.o ABSOLUTE
    ..\..\libraries\STM32F0xx_StdPeriph_Driver\src\stm32f0xx_exti.c 0x00000000   Number         0  stm32f0xx_exti.o ABSOLUTE
    ..\..\libraries\STM32F0xx_StdPeriph_Driver\src\stm32f0xx_gpio.c 0x00000000   Number         0  stm32f0xx_gpio.o ABSOLUTE
    ..\..\libraries\STM32F0xx_StdPeriph_Driver\src\stm32f0xx_misc.c 0x00000000   Number         0  stm32f0xx_misc.o ABSOLUTE
    ..\..\libraries\STM32F0xx_StdPeriph_Driver\src\stm32f0xx_rcc.c 0x00000000   Number         0  stm32f0xx_rcc.o ABSOLUTE
    ..\..\libraries\STM32F0xx_StdPeriph_Driver\src\stm32f0xx_spi.c 0x00000000   Number         0  stm32f0xx_spi.o ABSOLUTE
    ..\..\libraries\STM32F0xx_StdPeriph_Driver\src\stm32f0xx_syscfg.c 0x00000000   Number         0  stm32f0xx_syscfg.o ABSOLUTE
    ..\..\libraries\STM32F0xx_StdPeriph_Driver\src\stm32f0xx_tim.c 0x00000000   Number         0  stm32f0xx_tim.o ABSOLUTE
    ..\..\libraries\STM32F0xx_StdPeriph_Driver\src\stm32f0xx_usart.c 0x00000000   Number         0  stm32f0xx_usart.o ABSOLUTE
    ..\..\utilities\STM32F0-Discovery\stm32f0_discovery.c 0x00000000   Number         0  stm32f0_discovery.o ABSOLUTE
    ..\\..\\libraries\\STM32F0xx_StdPeriph_Driver\\src\\stm32f0xx_exti.c 0x00000000   Number         0  stm32f0xx_exti.o ABSOLUTE
    ..\\..\\libraries\\STM32F0xx_StdPeriph_Driver\\src\\stm32f0xx_gpio.c 0x00000000   Number         0  stm32f0xx_gpio.o ABSOLUTE
    ..\\..\\libraries\\STM32F0xx_StdPeriph_Driver\\src\\stm32f0xx_misc.c 0x00000000   Number         0  stm32f0xx_misc.o ABSOLUTE
    ..\\..\\libraries\\STM32F0xx_StdPeriph_Driver\\src\\stm32f0xx_rcc.c 0x00000000   Number         0  stm32f0xx_rcc.o ABSOLUTE
    ..\\..\\libraries\\STM32F0xx_StdPeriph_Driver\\src\\stm32f0xx_spi.c 0x00000000   Number         0  stm32f0xx_spi.o ABSOLUTE
    ..\\..\\libraries\\STM32F0xx_StdPeriph_Driver\\src\\stm32f0xx_syscfg.c 0x00000000   Number         0  stm32f0xx_syscfg.o ABSOLUTE
    ..\\..\\libraries\\STM32F0xx_StdPeriph_Driver\\src\\stm32f0xx_tim.c 0x00000000   Number         0  stm32f0xx_tim.o ABSOLUTE
    ..\\..\\libraries\\STM32F0xx_StdPeriph_Driver\\src\\stm32f0xx_usart.c 0x00000000   Number         0  stm32f0xx_usart.o ABSOLUTE
    ..\\..\\utilities\\STM32F0-Discovery\\stm32f0_discovery.c 0x00000000   Number         0  stm32f0_discovery.o ABSOLUTE
    dc.s                                     0x00000000   Number         0  dc.o ABSOLUTE
    handlers.s                               0x00000000   Number         0  handlers.o ABSOLUTE
    init.s                                   0x00000000   Number         0  init.o ABSOLUTE
    src\\main1.c                             0x00000000   Number         0  main1.o ABSOLUTE
    src\\stm32f0xx_it.c                      0x00000000   Number         0  stm32f0xx_it.o ABSOLUTE
    src\main1.c                              0x00000000   Number         0  main1.o ABSOLUTE
    src\stm32f0xx_it.c                       0x00000000   Number         0  stm32f0xx_it.o ABSOLUTE
    startup\\system_stm32f0xx.c              0x00000000   Number         0  system_stm32f0xx.o ABSOLUTE
    startup\startup_stm32f0xx.s              0x00000000   Number         0  startup_stm32f0xx.o ABSOLUTE
    startup\system_stm32f0xx.c               0x00000000   Number         0  system_stm32f0xx.o ABSOLUTE
    RESET                                    0x08000000   Section      192  startup_stm32f0xx.o(RESET)
    .ARM.Collect$$$$00000000                 0x080000c0   Section        0  entry.o(.ARM.Collect$$$$00000000)
    .ARM.Collect$$$$00000001                 0x080000c0   Section        4  entry2.o(.ARM.Collect$$$$00000001)
    .ARM.Collect$$$$00000004                 0x080000c4   Section        4  entry5.o(.ARM.Collect$$$$00000004)
    .ARM.Collect$$$$00000008                 0x080000c8   Section        0  entry7b.o(.ARM.Collect$$$$00000008)
    .ARM.Collect$$$$0000000A                 0x080000c8   Section        0  entry8b.o(.ARM.Collect$$$$0000000A)
    .ARM.Collect$$$$0000000B                 0x080000c8   Section        8  entry9a.o(.ARM.Collect$$$$0000000B)
    .ARM.Collect$$$$0000000D                 0x080000d0   Section        0  entry10a.o(.ARM.Collect$$$$0000000D)
    .ARM.Collect$$$$0000000F                 0x080000d0   Section        0  entry11a.o(.ARM.Collect$$$$0000000F)
    .ARM.Collect$$$$00002712                 0x080000d0   Section        4  entry2.o(.ARM.Collect$$$$00002712)
    __lit__00000000                          0x080000d0   Data           4  entry2.o(.ARM.Collect$$$$00002712)
    .text                                    0x080000d4   Section        0  main1.o(.text)
    .text                                    0x080002d4   Section        0  stm32f0xx_it.o(.text)
    .text                                    0x08000344   Section        0  stm32f0_discovery.o(.text)
    .text                                    0x08000460   Section        0  stm32f0xx_exti.o(.text)
    .text                                    0x08000534   Section        0  stm32f0xx_gpio.o(.text)
    .text                                    0x08000690   Section        0  stm32f0xx_misc.o(.text)
    .text                                    0x0800070c   Section        0  stm32f0xx_rcc.o(.text)
    .text                                    0x08000b18   Section        0  stm32f0xx_syscfg.o(.text)
    .text                                    0x08000bb0   Section        0  stm32f0xx_tim.o(.text)
    TI2_Config                               0x08001195   Thumb Code    42  stm32f0xx_tim.o(.text)
    TI1_Config                               0x080011cf   Thumb Code    40  stm32f0xx_tim.o(.text)
    .text                                    0x080014cc   Section        0  stm32f0xx_spi.o(.text)
    .text                                    0x080017c0   Section       28  startup_stm32f0xx.o(.text)
    .text                                    0x080017dc   Section        0  system_stm32f0xx.o(.text)
    SetSysClock                              0x0800188b   Thumb Code   142  system_stm32f0xx.o(.text)
    .text                                    0x08001934   Section        0  uidiv.o(.text)
    .text                                    0x08001960   Section       36  init.o(.text)
    i.__scatterload_copy                     0x08001984   Section       14  handlers.o(i.__scatterload_copy)
    i.__scatterload_null                     0x08001992   Section        2  handlers.o(i.__scatterload_null)
    i.__scatterload_zeroinit                 0x08001994   Section       14  handlers.o(i.__scatterload_zeroinit)
    .constdata                               0x080019a4   Section       28  stm32f0_discovery.o(.constdata)
    .data                                    0x20000000   Section       16  main1.o(.data)
    .data                                    0x20000010   Section        4  stm32f0xx_it.o(.data)
    ticks                                    0x20000010   Data           4  stm32f0xx_it.o(.data)
    .data                                    0x20000014   Section       12  stm32f0_discovery.o(.data)
    .data                                    0x20000020   Section       16  stm32f0xx_rcc.o(.data)
    APBAHBPrescTable                         0x20000020   Data          16  stm32f0xx_rcc.o(.data)
    .data                                    0x20000030   Section       20  system_stm32f0xx.o(.data)
    STACK                                    0x20000048   Section     1024  startup_stm32f0xx.o(STACK)

    Global Symbols

    Symbol Name                              Value     Ov Type        Size  Object(Section)

    BuildAttributes$$THM_ISAv3M$S$PE$A:L22$X:L11$S22$IEEE1$IW$USESV6$~STKCKD$USESV7$~SHL$OSPACE$EBA8$MICROLIB$REQ8$PRES8$EABIv2 0x00000000   Number         0  anon$$obj.o ABSOLUTE
    __ARM_use_no_argv                        0x00000000   Number         0  main1.o ABSOLUTE
    __cpp_initialize__aeabi_                  - Undefined Weak Reference
    __cxa_finalize                            - Undefined Weak Reference
    __decompress                              - Undefined Weak Reference
    _clock_init                               - Undefined Weak Reference
    _microlib_exit                            - Undefined Weak Reference
    __Vectors_Size                           0x000000c0   Number         0  startup_stm32f0xx.o ABSOLUTE
    __Vectors                                0x08000000   Data           4  startup_stm32f0xx.o(RESET)
    __Vectors_End                            0x080000c0   Data           0  startup_stm32f0xx.o(RESET)
    __main                                   0x080000c1   Thumb Code     0  entry.o(.ARM.Collect$$$$00000000)
    _main_stk                                0x080000c1   Thumb Code     0  entry2.o(.ARM.Collect$$$$00000001)
    _main_scatterload                        0x080000c5   Thumb Code     0  entry5.o(.ARM.Collect$$$$00000004)
    __main_after_scatterload                 0x080000c9   Thumb Code     0  entry5.o(.ARM.Collect$$$$00000004)
    _main_clock                              0x080000c9   Thumb Code     0  entry7b.o(.ARM.Collect$$$$00000008)
    _main_cpp_init                           0x080000c9   Thumb Code     0  entry8b.o(.ARM.Collect$$$$0000000A)
    _main_init                               0x080000c9   Thumb Code     0  entry9a.o(.ARM.Collect$$$$0000000B)
    __rt_final_cpp                           0x080000d1   Thumb Code     0  entry10a.o(.ARM.Collect$$$$0000000D)
    __rt_final_exit                          0x080000d1   Thumb Code     0  entry11a.o(.ARM.Collect$$$$0000000F)
    delay                                    0x080000d5   Thumb Code    14  main1.o(.text)
    transfer_SPI1                            0x080000e3   Thumb Code    32  main1.o(.text)
    light_dimming                            0x08000103   Thumb Code    62  main1.o(.text)
    scrolling_image                          0x08000141   Thumb Code   122  main1.o(.text)
    init_maxChip                             0x080001bb   Thumb Code    86  main1.o(.text)
    init_spi_master                          0x08000211   Thumb Code   140  main1.o(.text)
    main                                     0x0800029d   Thumb Code    18  main1.o(.text)
    show_image                               0x080002af   Thumb Code    26  main1.o(.text)
    NMI_Handler                              0x080002d5   Thumb Code     2  stm32f0xx_it.o(.text)
    HardFault_Handler                        0x080002d7   Thumb Code     2  stm32f0xx_it.o(.text)
    SVC_Handler                              0x080002d9   Thumb Code     2  stm32f0xx_it.o(.text)
    PendSV_Handler                           0x080002db   Thumb Code     2  stm32f0xx_it.o(.text)
    SysTick_Handler                          0x080002dd   Thumb Code    58  stm32f0xx_it.o(.text)
    TIM3_IRQHandler                          0x08000317   Thumb Code    32  stm32f0xx_it.o(.text)
    STM_EVAL_LEDInit                         0x08000345   Thumb Code    52  stm32f0_discovery.o(.text)
    STM_EVAL_LEDOn                           0x08000379   Thumb Code    18  stm32f0_discovery.o(.text)
    STM_EVAL_LEDOff                          0x0800038b   Thumb Code    18  stm32f0_discovery.o(.text)
    STM_EVAL_LEDToggle                       0x0800039d   Thumb Code    22  stm32f0_discovery.o(.text)
    STM_EVAL_PBInit                          0x080003b3   Thumb Code   140  stm32f0_discovery.o(.text)
    STM_EVAL_PBGetState                      0x0800043f   Thumb Code    24  stm32f0_discovery.o(.text)
    EXTI_DeInit                              0x08000461   Thumb Code    20  stm32f0xx_exti.o(.text)
    EXTI_Init                                0x08000475   Thumb Code   102  stm32f0xx_exti.o(.text)
    EXTI_StructInit                          0x080004db   Thumb Code    14  stm32f0xx_exti.o(.text)
    EXTI_GenerateSWInterrupt                 0x080004e9   Thumb Code    10  stm32f0xx_exti.o(.text)
    EXTI_GetFlagStatus                       0x080004f3   Thumb Code    16  stm32f0xx_exti.o(.text)
    EXTI_ClearFlag                           0x08000503   Thumb Code     6  stm32f0xx_exti.o(.text)
    EXTI_GetITStatus                         0x08000509   Thumb Code    24  stm32f0xx_exti.o(.text)
    EXTI_ClearITPendingBit                   0x08000521   Thumb Code     6  stm32f0xx_exti.o(.text)
    GPIO_DeInit                              0x08000535   Thumb Code    78  stm32f0xx_gpio.o(.text)
    GPIO_Init                                0x08000583   Thumb Code   112  stm32f0xx_gpio.o(.text)
    GPIO_StructInit                          0x080005f3   Thumb Code    18  stm32f0xx_gpio.o(.text)
    GPIO_PinLockConfig                       0x08000605   Thumb Code    26  stm32f0xx_gpio.o(.text)
    GPIO_ReadInputDataBit                    0x0800061f   Thumb Code    14  stm32f0xx_gpio.o(.text)
    GPIO_ReadInputData                       0x0800062d   Thumb Code     4  stm32f0xx_gpio.o(.text)
    GPIO_ReadOutputDataBit                   0x08000631   Thumb Code    14  stm32f0xx_gpio.o(.text)
    GPIO_ReadOutputData                      0x0800063f   Thumb Code     4  stm32f0xx_gpio.o(.text)
    GPIO_SetBits                             0x08000643   Thumb Code     4  stm32f0xx_gpio.o(.text)
    GPIO_ResetBits                           0x08000647   Thumb Code     4  stm32f0xx_gpio.o(.text)
    GPIO_WriteBit                            0x0800064b   Thumb Code    12  stm32f0xx_gpio.o(.text)
    GPIO_Write                               0x08000657   Thumb Code     4  stm32f0xx_gpio.o(.text)
    GPIO_PinAFConfig                         0x0800065b   Thumb Code    32  stm32f0xx_gpio.o(.text)
    NVIC_Init                                0x08000691   Thumb Code    70  stm32f0xx_misc.o(.text)
    NVIC_SystemLPConfig                      0x080006d7   Thumb Code    18  stm32f0xx_misc.o(.text)
    SysTick_CLKSourceConfig                  0x080006e9   Thumb Code    20  stm32f0xx_misc.o(.text)
    RCC_DeInit                               0x0800070d   Thumb Code    78  stm32f0xx_rcc.o(.text)
    RCC_HSEConfig                            0x0800075b   Thumb Code    10  stm32f0xx_rcc.o(.text)
    RCC_GetFlagStatus                        0x08000765   Thumb Code    48  stm32f0xx_rcc.o(.text)
    RCC_WaitForHSEStartUp                    0x08000795   Thumb Code    44  stm32f0xx_rcc.o(.text)
    RCC_AdjustHSICalibrationValue            0x080007c1   Thumb Code    16  stm32f0xx_rcc.o(.text)
    RCC_HSICmd                               0x080007d1   Thumb Code    22  stm32f0xx_rcc.o(.text)
    RCC_AdjustHSI14CalibrationValue          0x080007e7   Thumb Code    16  stm32f0xx_rcc.o(.text)
    RCC_HSI14Cmd                             0x080007f7   Thumb Code    22  stm32f0xx_rcc.o(.text)
    RCC_HSI14ADCRequestCmd                   0x0800080d   Thumb Code    20  stm32f0xx_rcc.o(.text)
    RCC_LSEConfig                            0x08000821   Thumb Code    26  stm32f0xx_rcc.o(.text)
    RCC_LSEDriveConfig                       0x0800083b   Thumb Code    18  stm32f0xx_rcc.o(.text)
    RCC_LSICmd                               0x0800084d   Thumb Code    22  stm32f0xx_rcc.o(.text)
    RCC_PLLConfig                            0x08000863   Thumb Code    24  stm32f0xx_rcc.o(.text)
    RCC_PLLCmd                               0x0800087b   Thumb Code    22  stm32f0xx_rcc.o(.text)
    RCC_PREDIV1Config                        0x08000891   Thumb Code    14  stm32f0xx_rcc.o(.text)
    RCC_ClockSecuritySystemCmd               0x0800089f   Thumb Code    22  stm32f0xx_rcc.o(.text)
    RCC_MCOConfig                            0x080008b5   Thumb Code     6  stm32f0xx_rcc.o(.text)
    RCC_SYSCLKConfig                         0x080008bb   Thumb Code    14  stm32f0xx_rcc.o(.text)
    RCC_GetSYSCLKSource                      0x080008c9   Thumb Code    10  stm32f0xx_rcc.o(.text)
    RCC_HCLKConfig                           0x080008d3   Thumb Code    14  stm32f0xx_rcc.o(.text)
    RCC_PCLKConfig                           0x080008e1   Thumb Code    16  stm32f0xx_rcc.o(.text)
    RCC_ADCCLKConfig                         0x080008f1   Thumb Code    38  stm32f0xx_rcc.o(.text)
    RCC_CECCLKConfig                         0x08000917   Thumb Code    18  stm32f0xx_rcc.o(.text)
    RCC_I2CCLKConfig                         0x08000929   Thumb Code    18  stm32f0xx_rcc.o(.text)
    RCC_USARTCLKConfig                       0x0800093b   Thumb Code    18  stm32f0xx_rcc.o(.text)
    RCC_GetClocksFreq                        0x0800094d   Thumb Code   208  stm32f0xx_rcc.o(.text)
    RCC_RTCCLKConfig                         0x08000a1d   Thumb Code    10  stm32f0xx_rcc.o(.text)
    RCC_RTCCLKCmd                            0x08000a27   Thumb Code    20  stm32f0xx_rcc.o(.text)
    RCC_BackupResetCmd                       0x08000a3b   Thumb Code    22  stm32f0xx_rcc.o(.text)
    RCC_AHBPeriphClockCmd                    0x08000a51   Thumb Code    18  stm32f0xx_rcc.o(.text)
    RCC_APB2PeriphClockCmd                   0x08000a63   Thumb Code    18  stm32f0xx_rcc.o(.text)
    RCC_APB1PeriphClockCmd                   0x08000a75   Thumb Code    18  stm32f0xx_rcc.o(.text)
    RCC_AHBPeriphResetCmd                    0x08000a87   Thumb Code    18  stm32f0xx_rcc.o(.text)
    RCC_APB2PeriphResetCmd                   0x08000a99   Thumb Code    18  stm32f0xx_rcc.o(.text)
    RCC_APB1PeriphResetCmd                   0x08000aab   Thumb Code    18  stm32f0xx_rcc.o(.text)
    RCC_ITConfig                             0x08000abd   Thumb Code    18  stm32f0xx_rcc.o(.text)
    RCC_ClearFlag                            0x08000acf   Thumb Code    14  stm32f0xx_rcc.o(.text)
    RCC_GetITStatus                          0x08000add   Thumb Code    48  stm32f0xx_rcc.o(.text)
    RCC_ClearITPendingBit                    0x08000b0d   Thumb Code     6  stm32f0xx_rcc.o(.text)
    SYSCFG_DeInit                            0x08000b19   Thumb Code    30  stm32f0xx_syscfg.o(.text)
    SYSCFG_MemoryRemapConfig                 0x08000b37   Thumb Code    14  stm32f0xx_syscfg.o(.text)
    SYSCFG_DMAChannelRemapConfig             0x08000b45   Thumb Code    18  stm32f0xx_syscfg.o(.text)
    SYSCFG_I2CFastModePlusConfig             0x08000b57   Thumb Code    18  stm32f0xx_syscfg.o(.text)
    SYSCFG_EXTILineConfig                    0x08000b69   Thumb Code    34  stm32f0xx_syscfg.o(.text)
    SYSCFG_BreakConfig                       0x08000b8b   Thumb Code    10  stm32f0xx_syscfg.o(.text)
    SYSCFG_GetFlagStatus                     0x08000b95   Thumb Code    14  stm32f0xx_syscfg.o(.text)
    SYSCFG_ClearFlag                         0x08000ba3   Thumb Code    10  stm32f0xx_syscfg.o(.text)
    TIM_DeInit                               0x08000bb1   Thumb Code   152  stm32f0xx_tim.o(.text)
    TIM_TimeBaseInit                         0x08000c49   Thumb Code    88  stm32f0xx_tim.o(.text)
    TIM_TimeBaseStructInit                   0x08000ca1   Thumb Code    18  stm32f0xx_tim.o(.text)
    TIM_PrescalerConfig                      0x08000cb3   Thumb Code     6  stm32f0xx_tim.o(.text)
    TIM_CounterModeConfig                    0x08000cb9   Thumb Code    12  stm32f0xx_tim.o(.text)
    TIM_SetCounter                           0x08000cc5   Thumb Code     4  stm32f0xx_tim.o(.text)
    TIM_SetAutoreload                        0x08000cc9   Thumb Code     4  stm32f0xx_tim.o(.text)
    TIM_GetCounter                           0x08000ccd   Thumb Code     4  stm32f0xx_tim.o(.text)
    TIM_GetPrescaler                         0x08000cd1   Thumb Code     4  stm32f0xx_tim.o(.text)
    TIM_UpdateDisableConfig                  0x08000cd5   Thumb Code    18  stm32f0xx_tim.o(.text)
    TIM_UpdateRequestConfig                  0x08000ce7   Thumb Code    18  stm32f0xx_tim.o(.text)
    TIM_ARRPreloadConfig                     0x08000cf9   Thumb Code    18  stm32f0xx_tim.o(.text)
    TIM_SelectOnePulseMode                   0x08000d0b   Thumb Code    16  stm32f0xx_tim.o(.text)
    TIM_SetClockDivision                     0x08000d1b   Thumb Code    16  stm32f0xx_tim.o(.text)
    TIM_Cmd                                  0x08000d2b   Thumb Code    20  stm32f0xx_tim.o(.text)
    TIM_BDTRConfig                           0x08000d3f   Thumb Code    34  stm32f0xx_tim.o(.text)
    TIM_BDTRStructInit                       0x08000d61   Thumb Code    18  stm32f0xx_tim.o(.text)
    TIM_CtrlPWMOutputs                       0x08000d73   Thumb Code    24  stm32f0xx_tim.o(.text)
    TIM_OC1Init                              0x08000d8b   Thumb Code   104  stm32f0xx_tim.o(.text)
    TIM_OC2Init                              0x08000df3   Thumb Code   110  stm32f0xx_tim.o(.text)
    TIM_OC3Init                              0x08000e61   Thumb Code   110  stm32f0xx_tim.o(.text)
    TIM_OC4Init                              0x08000ecf   Thumb Code    78  stm32f0xx_tim.o(.text)
    TIM_OCStructInit                         0x08000f1d   Thumb Code    20  stm32f0xx_tim.o(.text)
    TIM_SelectOCxM                           0x08000f31   Thumb Code    70  stm32f0xx_tim.o(.text)
    TIM_SetCompare1                          0x08000f77   Thumb Code     4  stm32f0xx_tim.o(.text)
    TIM_SetCompare2                          0x08000f7b   Thumb Code     4  stm32f0xx_tim.o(.text)
    TIM_SetCompare3                          0x08000f7f   Thumb Code     4  stm32f0xx_tim.o(.text)
    TIM_SetCompare4                          0x08000f83   Thumb Code     4  stm32f0xx_tim.o(.text)
    TIM_ForcedOC1Config                      0x08000f87   Thumb Code    86  stm32f0xx_tim.o(.text)
    TIM_ForcedOC2Config                      0x08000fdd   Thumb Code    14  stm32f0xx_tim.o(.text)
    TIM_ForcedOC3Config                      0x08000feb   Thumb Code    12  stm32f0xx_tim.o(.text)
    TIM_ForcedOC4Config                      0x08000ff7   Thumb Code    14  stm32f0xx_tim.o(.text)
    TIM_CCPreloadControl                     0x08001005   Thumb Code    20  stm32f0xx_tim.o(.text)
    TIM_OC1PreloadConfig                     0x08001019   Thumb Code    12  stm32f0xx_tim.o(.text)
    TIM_OC2PreloadConfig                     0x08001025   Thumb Code    14  stm32f0xx_tim.o(.text)
    TIM_OC3PreloadConfig                     0x08001033   Thumb Code    12  stm32f0xx_tim.o(.text)
    TIM_OC4PreloadConfig                     0x0800103f   Thumb Code    14  stm32f0xx_tim.o(.text)
    TIM_OC1FastConfig                        0x0800104d   Thumb Code    12  stm32f0xx_tim.o(.text)
    TIM_OC2FastConfig                        0x08001059   Thumb Code    14  stm32f0xx_tim.o(.text)
    TIM_OC3FastConfig                        0x08001067   Thumb Code    12  stm32f0xx_tim.o(.text)
    TIM_OC4FastConfig                        0x08001073   Thumb Code    14  stm32f0xx_tim.o(.text)
    TIM_ClearOC1Ref                          0x08001081   Thumb Code    12  stm32f0xx_tim.o(.text)
    TIM_ClearOC2Ref                          0x0800108d   Thumb Code    14  stm32f0xx_tim.o(.text)
    TIM_ClearOC3Ref                          0x0800109b   Thumb Code    12  stm32f0xx_tim.o(.text)
    TIM_ClearOC4Ref                          0x080010a7   Thumb Code    14  stm32f0xx_tim.o(.text)
    TIM_OC1PolarityConfig                    0x080010b5   Thumb Code    12  stm32f0xx_tim.o(.text)
    TIM_OC1NPolarityConfig                   0x080010c1   Thumb Code    12  stm32f0xx_tim.o(.text)
    TIM_OC2PolarityConfig                    0x080010cd   Thumb Code    14  stm32f0xx_tim.o(.text)
    TIM_OC2NPolarityConfig                   0x080010db   Thumb Code    14  stm32f0xx_tim.o(.text)
    TIM_OC3PolarityConfig                    0x080010e9   Thumb Code    14  stm32f0xx_tim.o(.text)
    TIM_OC3NPolarityConfig                   0x080010f7   Thumb Code    14  stm32f0xx_tim.o(.text)
    TIM_OC4PolarityConfig                    0x08001105   Thumb Code    14  stm32f0xx_tim.o(.text)
    TIM_SelectOCREFClear                     0x08001113   Thumb Code    16  stm32f0xx_tim.o(.text)
    TIM_CCxCmd                               0x08001123   Thumb Code    22  stm32f0xx_tim.o(.text)
    TIM_CCxNCmd                              0x08001139   Thumb Code    22  stm32f0xx_tim.o(.text)
    TIM_SelectCOM                            0x0800114f   Thumb Code    18  stm32f0xx_tim.o(.text)
    TIM_SetIC4Prescaler                      0x08001161   Thumb Code    18  stm32f0xx_tim.o(.text)
    TIM_SetIC3Prescaler                      0x08001173   Thumb Code    16  stm32f0xx_tim.o(.text)
    TIM_SetIC2Prescaler                      0x08001183   Thumb Code    18  stm32f0xx_tim.o(.text)
    TIM_SetIC1Prescaler                      0x080011bf   Thumb Code    16  stm32f0xx_tim.o(.text)
    TIM_ICInit                               0x080011f7   Thumb Code   162  stm32f0xx_tim.o(.text)
    TIM_ICStructInit                         0x08001299   Thumb Code    16  stm32f0xx_tim.o(.text)
    TIM_PWMIConfig                           0x080012a9   Thumb Code   104  stm32f0xx_tim.o(.text)
    TIM_GetCapture1                          0x08001311   Thumb Code     4  stm32f0xx_tim.o(.text)
    TIM_GetCapture2                          0x08001315   Thumb Code     4  stm32f0xx_tim.o(.text)
    TIM_GetCapture3                          0x08001319   Thumb Code     4  stm32f0xx_tim.o(.text)
    TIM_GetCapture4                          0x0800131d   Thumb Code     4  stm32f0xx_tim.o(.text)
    TIM_ITConfig                             0x08001321   Thumb Code    16  stm32f0xx_tim.o(.text)
    TIM_GenerateEvent                        0x08001331   Thumb Code     4  stm32f0xx_tim.o(.text)
    TIM_GetFlagStatus                        0x08001335   Thumb Code    14  stm32f0xx_tim.o(.text)
    TIM_ClearFlag                            0x08001343   Thumb Code     6  stm32f0xx_tim.o(.text)
    TIM_GetITStatus                          0x08001349   Thumb Code    24  stm32f0xx_tim.o(.text)
    TIM_ClearITPendingBit                    0x08001361   Thumb Code     6  stm32f0xx_tim.o(.text)
    TIM_DMAConfig                            0x08001367   Thumb Code     8  stm32f0xx_tim.o(.text)
    TIM_DMACmd                               0x0800136f   Thumb Code    16  stm32f0xx_tim.o(.text)
    TIM_SelectCCDMA                          0x0800137f   Thumb Code    18  stm32f0xx_tim.o(.text)
    TIM_InternalClockConfig                  0x08001391   Thumb Code    10  stm32f0xx_tim.o(.text)
    TIM_SelectInputTrigger                   0x0800139b   Thumb Code    12  stm32f0xx_tim.o(.text)
    TIM_ITRxExternalClockConfig              0x080013a7   Thumb Code    62  stm32f0xx_tim.o(.text)
    TIM_TIxExternalClockConfig               0x080013e5   Thumb Code    48  stm32f0xx_tim.o(.text)
    TIM_ETRConfig                            0x08001415   Thumb Code    18  stm32f0xx_tim.o(.text)
    TIM_ETRClockMode1Config                  0x08001427   Thumb Code    28  stm32f0xx_tim.o(.text)
    TIM_ETRClockMode2Config                  0x08001443   Thumb Code    20  stm32f0xx_tim.o(.text)
    TIM_SelectOutputTrigger                  0x08001457   Thumb Code    16  stm32f0xx_tim.o(.text)
    TIM_SelectSlaveMode                      0x08001467   Thumb Code    16  stm32f0xx_tim.o(.text)
    TIM_SelectMasterSlaveMode                0x08001477   Thumb Code    16  stm32f0xx_tim.o(.text)
    TIM_EncoderInterfaceConfig               0x08001487   Thumb Code    42  stm32f0xx_tim.o(.text)
    TIM_SelectHallSensor                     0x080014b1   Thumb Code    18  stm32f0xx_tim.o(.text)
    TIM_RemapConfig                          0x080014c3   Thumb Code     6  stm32f0xx_tim.o(.text)
    SPI_I2S_DeInit                           0x080014cd   Thumb Code    54  stm32f0xx_spi.o(.text)
    SPI_StructInit                           0x08001503   Thumb Code    28  stm32f0xx_spi.o(.text)
    SPI_Init                                 0x0800151f   Thumb Code    74  stm32f0xx_spi.o(.text)
    I2S_StructInit                           0x08001569   Thumb Code    18  stm32f0xx_spi.o(.text)
    I2S_Init                                 0x0800157b   Thumb Code   154  stm32f0xx_spi.o(.text)
    SPI_Cmd                                  0x08001615   Thumb Code    18  stm32f0xx_spi.o(.text)
    SPI_TIModeCmd                            0x08001627   Thumb Code    18  stm32f0xx_spi.o(.text)
    I2S_Cmd                                  0x08001639   Thumb Code    22  stm32f0xx_spi.o(.text)
    SPI_DataSizeConfig                       0x0800164f   Thumb Code    12  stm32f0xx_spi.o(.text)
    SPI_RxFIFOThresholdConfig                0x0800165b   Thumb Code    16  stm32f0xx_spi.o(.text)
    SPI_BiDirectionalLineConfig              0x0800166b   Thumb Code    22  stm32f0xx_spi.o(.text)
    SPI_NSSInternalSoftwareConfig            0x08001681   Thumb Code    22  stm32f0xx_spi.o(.text)
    SPI_SSOutputCmd                          0x08001697   Thumb Code    18  stm32f0xx_spi.o(.text)
    SPI_NSSPulseModeCmd                      0x080016a9   Thumb Code    18  stm32f0xx_spi.o(.text)
    SPI_SendData8                            0x080016bb   Thumb Code     4  stm32f0xx_spi.o(.text)
    SPI_I2S_SendData16                       0x080016bf   Thumb Code     4  stm32f0xx_spi.o(.text)
    SPI_ReceiveData8                         0x080016c3   Thumb Code     4  stm32f0xx_spi.o(.text)
    SPI_I2S_ReceiveData16                    0x080016c7   Thumb Code     4  stm32f0xx_spi.o(.text)
    SPI_CRCLengthConfig                      0x080016cb   Thumb Code    16  stm32f0xx_spi.o(.text)
    SPI_CalculateCRC                         0x080016db   Thumb Code    22  stm32f0xx_spi.o(.text)
    SPI_TransmitCRC                          0x080016f1   Thumb Code    12  stm32f0xx_spi.o(.text)
    SPI_GetCRC                               0x080016fd   Thumb Code    12  stm32f0xx_spi.o(.text)
    SPI_GetCRCPolynomial                     0x08001709   Thumb Code     4  stm32f0xx_spi.o(.text)
    SPI_I2S_DMACmd                           0x0800170d   Thumb Code    16  stm32f0xx_spi.o(.text)
    SPI_LastDMATransferCmd                   0x0800171d   Thumb Code    16  stm32f0xx_spi.o(.text)
    SPI_I2S_ITConfig                         0x0800172d   Thumb Code    24  stm32f0xx_spi.o(.text)
    SPI_GetTransmissionFIFOStatus            0x08001745   Thumb Code    10  stm32f0xx_spi.o(.text)
    SPI_GetReceptionFIFOStatus               0x0800174f   Thumb Code    10  stm32f0xx_spi.o(.text)
    SPI_I2S_GetFlagStatus                    0x08001759   Thumb Code    14  stm32f0xx_spi.o(.text)
    SPI_I2S_ClearFlag                        0x08001767   Thumb Code     6  stm32f0xx_spi.o(.text)
    SPI_I2S_GetITStatus                      0x0800176d   Thumb Code    42  stm32f0xx_spi.o(.text)
    Reset_Handler                            0x080017c1   Thumb Code     8  startup_stm32f0xx.o(.text)
    ADC1_COMP_IRQHandler                     0x080017d3   Thumb Code     0  startup_stm32f0xx.o(.text)
    CEC_IRQHandler                           0x080017d3   Thumb Code     0  startup_stm32f0xx.o(.text)
    DMA1_Channel1_IRQHandler                 0x080017d3   Thumb Code     0  startup_stm32f0xx.o(.text)
    DMA1_Channel2_3_IRQHandler               0x080017d3   Thumb Code     0  startup_stm32f0xx.o(.text)
    DMA1_Channel4_5_IRQHandler               0x080017d3   Thumb Code     0  startup_stm32f0xx.o(.text)
    EXTI0_1_IRQHandler                       0x080017d3   Thumb Code     0  startup_stm32f0xx.o(.text)
    EXTI2_3_IRQHandler                       0x080017d3   Thumb Code     0  startup_stm32f0xx.o(.text)
    EXTI4_15_IRQHandler                      0x080017d3   Thumb Code     0  startup_stm32f0xx.o(.text)
    FLASH_IRQHandler                         0x080017d3   Thumb Code     0  startup_stm32f0xx.o(.text)
    I2C1_IRQHandler                          0x080017d3   Thumb Code     0  startup_stm32f0xx.o(.text)
    I2C2_IRQHandler                          0x080017d3   Thumb Code     0  startup_stm32f0xx.o(.text)
    PVD_IRQHandler                           0x080017d3   Thumb Code     0  startup_stm32f0xx.o(.text)
    RCC_IRQHandler                           0x080017d3   Thumb Code     0  startup_stm32f0xx.o(.text)
    RTC_IRQHandler                           0x080017d3   Thumb Code     0  startup_stm32f0xx.o(.text)
    SPI1_IRQHandler                          0x080017d3   Thumb Code     0  startup_stm32f0xx.o(.text)
    SPI2_IRQHandler                          0x080017d3   Thumb Code     0  startup_stm32f0xx.o(.text)
    TIM14_IRQHandler                         0x080017d3   Thumb Code     0  startup_stm32f0xx.o(.text)
    TIM15_IRQHandler                         0x080017d3   Thumb Code     0  startup_stm32f0xx.o(.text)
    TIM16_IRQHandler                         0x080017d3   Thumb Code     0  startup_stm32f0xx.o(.text)
    TIM17_IRQHandler                         0x080017d3   Thumb Code     0  startup_stm32f0xx.o(.text)
    TIM1_BRK_UP_TRG_COM_IRQHandler           0x080017d3   Thumb Code     0  startup_stm32f0xx.o(.text)
    TIM1_CC_IRQHandler                       0x080017d3   Thumb Code     0  startup_stm32f0xx.o(.text)
    TIM2_IRQHandler                          0x080017d3   Thumb Code     0  startup_stm32f0xx.o(.text)
    TIM6_DAC_IRQHandler                      0x080017d3   Thumb Code     0  startup_stm32f0xx.o(.text)
    TS_IRQHandler                            0x080017d3   Thumb Code     0  startup_stm32f0xx.o(.text)
    USART1_IRQHandler                        0x080017d3   Thumb Code     0  startup_stm32f0xx.o(.text)
    USART2_IRQHandler                        0x080017d3   Thumb Code     0  startup_stm32f0xx.o(.text)
    WWDG_IRQHandler                          0x080017d3   Thumb Code     0  startup_stm32f0xx.o(.text)
    SystemInit                               0x080017dd   Thumb Code    84  system_stm32f0xx.o(.text)
    SystemCoreClockUpdate                    0x08001831   Thumb Code    90  system_stm32f0xx.o(.text)
    __aeabi_uidiv                            0x08001935   Thumb Code     0  uidiv.o(.text)
    __aeabi_uidivmod                         0x08001935   Thumb Code    44  uidiv.o(.text)
    __scatterload                            0x08001961   Thumb Code    28  init.o(.text)
    __scatterload_rt2                        0x08001961   Thumb Code     0  init.o(.text)
    __scatterload_copy                       0x08001985   Thumb Code    14  handlers.o(i.__scatterload_copy)
    __scatterload_null                       0x08001993   Thumb Code     2  handlers.o(i.__scatterload_null)
    __scatterload_zeroinit                   0x08001995   Thumb Code    14  handlers.o(i.__scatterload_zeroinit)
    BUTTON_PIN                               0x080019a4   Data           2  stm32f0_discovery.o(.constdata)
    BUTTON_EXTI_LINE                         0x080019a6   Data           2  stm32f0_discovery.o(.constdata)
    BUTTON_PORT_SOURCE                       0x080019a8   Data           2  stm32f0_discovery.o(.constdata)
    BUTTON_PIN_SOURCE                        0x080019aa   Data           2  stm32f0_discovery.o(.constdata)
    BUTTON_IRQn                              0x080019ac   Data           2  stm32f0_discovery.o(.constdata)
    GPIO_PIN                                 0x080019ae   Data           4  stm32f0_discovery.o(.constdata)
    BUTTON_CLK                               0x080019b4   Data           4  stm32f0_discovery.o(.constdata)
    GPIO_CLK                                 0x080019b8   Data           8  stm32f0_discovery.o(.constdata)
    Region$$Table$$Base                      0x080019c0   Number         0  anon$$obj.o(Region$$Table)
    Region$$Table$$Limit                     0x080019e0   Number         0  anon$$obj.o(Region$$Table)
    state                                    0x20000000   Data           1  main1.o(.data)
    scroll_increasing                        0x20000001   Data           1  main1.o(.data)
    dim_counter                              0x20000004   Data           4  main1.o(.data)
    face_smile                               0x20000008   Data           8  main1.o(.data)
    BUTTON_PORT                              0x20000014   Data           4  stm32f0_discovery.o(.data)
    GPIO_PORT                                0x20000018   Data           8  stm32f0_discovery.o(.data)
    SystemCoreClock                          0x20000030   Data           4  system_stm32f0xx.o(.data)
    AHBPrescTable                            0x20000034   Data          16  system_stm32f0xx.o(.data)
    __initial_sp                             0x20000448   Data           0  startup_stm32f0xx.o(STACK)



==============================================================================

Memory Map of the image

  Image Entry point : 0x080000c1

  Load Region LR_IROM1 (Base: 0x08000000, Size: 0x00001a24, Max: 0x00010000, ABSOLUTE)

    Execution Region ER_IROM1 (Exec base: 0x08000000, Load base: 0x08000000, Size: 0x000019e0, Max: 0x00010000, ABSOLUTE)

    Exec Addr    Load Addr    Size         Type   Attr      Idx    E Section Name        Object

    0x08000000   0x08000000   0x000000c0   Data   RO          300    RESET               startup_stm32f0xx.o
    0x080000c0   0x080000c0   0x00000000   Code   RO          327  * .ARM.Collect$$$$00000000  mc_p.l(entry.o)
    0x080000c0   0x080000c0   0x00000004   Code   RO          332    .ARM.Collect$$$$00000001  mc_p.l(entry2.o)
    0x080000c4   0x080000c4   0x00000004   Code   RO          335    .ARM.Collect$$$$00000004  mc_p.l(entry5.o)
    0x080000c8   0x080000c8   0x00000000   Code   RO          337    .ARM.Collect$$$$00000008  mc_p.l(entry7b.o)
    0x080000c8   0x080000c8   0x00000000   Code   RO          339    .ARM.Collect$$$$0000000A  mc_p.l(entry8b.o)
    0x080000c8   0x080000c8   0x00000008   Code   RO          340    .ARM.Collect$$$$0000000B  mc_p.l(entry9a.o)
    0x080000d0   0x080000d0   0x00000000   Code   RO          342    .ARM.Collect$$$$0000000D  mc_p.l(entry10a.o)
    0x080000d0   0x080000d0   0x00000000   Code   RO          344    .ARM.Collect$$$$0000000F  mc_p.l(entry11a.o)
    0x080000d0   0x080000d0   0x00000004   Code   RO          333    .ARM.Collect$$$$00002712  mc_p.l(entry2.o)
    0x080000d4   0x080000d4   0x00000200   Code   RO            2    .text               main1.o
    0x080002d4   0x080002d4   0x00000070   Code   RO          125    .text               stm32f0xx_it.o
    0x08000344   0x08000344   0x0000011c   Code   RO          148    .text               stm32f0_discovery.o
    0x08000460   0x08000460   0x000000d4   Code   RO          168    .text               stm32f0xx_exti.o
    0x08000534   0x08000534   0x0000015c   Code   RO          184    .text               stm32f0xx_gpio.o
    0x08000690   0x08000690   0x0000007c   Code   RO          200    .text               stm32f0xx_misc.o
    0x0800070c   0x0800070c   0x0000040c   Code   RO          216    .text               stm32f0xx_rcc.o
    0x08000b18   0x08000b18   0x00000098   Code   RO          234    .text               stm32f0xx_syscfg.o
    0x08000bb0   0x08000bb0   0x0000091c   Code   RO          250    .text               stm32f0xx_tim.o
    0x080014cc   0x080014cc   0x000002f4   Code   RO          283    .text               stm32f0xx_spi.o
    0x080017c0   0x080017c0   0x0000001c   Code   RO          301    .text               startup_stm32f0xx.o
    0x080017dc   0x080017dc   0x00000158   Code   RO          306    .text               system_stm32f0xx.o
    0x08001934   0x08001934   0x0000002c   Code   RO          330    .text               mc_p.l(uidiv.o)
    0x08001960   0x08001960   0x00000024   Code   RO          346    .text               mc_p.l(init.o)
    0x08001984   0x08001984   0x0000000e   Code   RO          350    i.__scatterload_copy  mc_p.l(handlers.o)
    0x08001992   0x08001992   0x00000002   Code   RO          351    i.__scatterload_null  mc_p.l(handlers.o)
    0x08001994   0x08001994   0x0000000e   Code   RO          352    i.__scatterload_zeroinit  mc_p.l(handlers.o)
    0x080019a2   0x080019a2   0x00000002   PAD
    0x080019a4   0x080019a4   0x0000001c   Data   RO          149    .constdata          stm32f0_discovery.o
    0x080019c0   0x080019c0   0x00000020   Data   RO          348    Region$$Table       anon$$obj.o


    Execution Region RW_IRAM1 (Exec base: 0x20000000, Load base: 0x080019e0, Size: 0x00000448, Max: 0x00002000, ABSOLUTE)

    Exec Addr    Load Addr    Size         Type   Attr      Idx    E Section Name        Object

    0x20000000   0x080019e0   0x00000010   Data   RW            3    .data               main1.o
    0x20000010   0x080019f0   0x00000004   Data   RW          126    .data               stm32f0xx_it.o
    0x20000014   0x080019f4   0x0000000c   Data   RW          150    .data               stm32f0_discovery.o
    0x20000020   0x08001a00   0x00000010   Data   RW          217    .data               stm32f0xx_rcc.o
    0x20000030   0x08001a10   0x00000014   Data   RW          307    .data               system_stm32f0xx.o
    0x20000044   0x08001a24   0x00000004   PAD
    0x20000048        -       0x00000400   Zero   RW          298    STACK               startup_stm32f0xx.o


==============================================================================

Image component sizes


      Code (inc. data)   RO Data    RW Data    ZI Data      Debug   Object Name

       512         12          0         16          0     139430   main1.o
        28          8        192          0       1024        612   startup_stm32f0xx.o
       284         10         28         12          0       2891   stm32f0_discovery.o
       212         14          0          0          0       2455   stm32f0xx_exti.o
       348         22          0          0          0       3961   stm32f0xx_gpio.o
       112         14          0          4          0       1119   stm32f0xx_it.o
       124         16          0          0          0       1496   stm32f0xx_misc.o
      1036         38          0         16          0       8906   stm32f0xx_rcc.o
       756         42          0          0          0       8071   stm32f0xx_spi.o
       152          4          0          0          0       2070   stm32f0xx_syscfg.o
      2332        122          0          0          0      22659   stm32f0xx_tim.o
       344         28          0         20          0       1739   system_stm32f0xx.o

    ----------------------------------------------------------------------
      6240        330        252         68       1028     195409   Object Totals
         0          0         32          0          0          0   (incl. Generated)
         0          0          0          0          4          0   (incl. Padding)

    ----------------------------------------------------------------------

      Code (inc. data)   RO Data    RW Data    ZI Data      Debug   Library Member Name

         0          0          0          0          0          0   entry.o
         0          0          0          0          0          0   entry10a.o
         0          0          0          0          0          0   entry11a.o
         8          4          0          0          0          0   entry2.o
         4          0          0          0          0          0   entry5.o
         0          0          0          0          0          0   entry7b.o
         0          0          0          0          0          0   entry8b.o
         8          4          0          0          0          0   entry9a.o
        30          0          0          0          0          0   handlers.o
        36          8          0          0          0         68   init.o
        44          0          0          0          0         72   uidiv.o

    ----------------------------------------------------------------------
       132         16          0          0          0        140   Library Totals
         2          0          0          0          0          0   (incl. Padding)

    ----------------------------------------------------------------------

      Code (inc. data)   RO Data    RW Data    ZI Data      Debug   Library Name

       130         16          0          0          0        140   mc_p.l

    ----------------------------------------------------------------------
       132         16          0          0          0        140   Library Totals

    ----------------------------------------------------------------------

==============================================================================


      Code (inc. data)   RO Data    RW Data    ZI Data      Debug   

      6372        346        252         68       1028     194381   Grand Totals
      6372        346        252         68       1028     194381   ELF Image Totals
      6372        346        252         68          0          0   ROM Totals

==============================================================================

    Total RO  Size (Code + RO Data)                 6624 (   6.47kB)
    Total RW  Size (RW Data + ZI Data)              1096 (   1.07kB)
    Total ROM Size (Code + RO Data + RW Data)       6692 (   6.54kB)

==============================================================================

